stm32f4xx_ll_fmc.c:149:20:FMC_NORSRAM_Init	20	static
stm32f4xx_ll_fmc.c:261:19:FMC_NORSRAM_DeInit	8	static
stm32f4xx_ll_fmc.c:297:19:FMC_NORSRAM_Timing_Init	16	static
stm32f4xx_ll_fmc.c:350:20:FMC_NORSRAM_Extended_Timing_Init	12	static
stm32f4xx_ll_fmc.c:415:19:FMC_NORSRAM_WriteOperation_Enable	0	static
stm32f4xx_ll_fmc.c:433:19:FMC_NORSRAM_WriteOperation_Disable	0	static
stm32f4xx_ll_fmc.c:770:19:FMC_NAND_Init	12	static
stm32f4xx_ll_fmc.c:832:19:FMC_NAND_CommonSpace_Timing_Init	8	static
stm32f4xx_ll_fmc.c:888:19:FMC_NAND_AttributeSpace_Timing_Init	8	static
stm32f4xx_ll_fmc.c:941:19:FMC_NAND_DeInit	0	static
stm32f4xx_ll_fmc.c:996:19:FMC_NAND_ECC_Enable	0	static
stm32f4xx_ll_fmc.c:1021:19:FMC_NAND_ECC_Disable	0	static
stm32f4xx_ll_fmc.c:1048:19:FMC_NAND_GetECC	24	static
stm32f4xx_ll_fmc.c:1143:19:FMC_PCCARD_Init	8	static
stm32f4xx_ll_fmc.c:1178:19:FMC_PCCARD_CommonSpace_Timing_Init	0	static
stm32f4xx_ll_fmc.c:1213:19:FMC_PCCARD_AttributeSpace_Timing_Init	0	static
stm32f4xx_ll_fmc.c:1248:19:FMC_PCCARD_IOSpace_Timing_Init	0	static
stm32f4xx_ll_fmc.c:1282:19:FMC_PCCARD_DeInit	0	static
stm32f4xx_ll_fmc.c:1352:19:FMC_SDRAM_Init	28	static
stm32f4xx_ll_fmc.c:1433:19:FMC_SDRAM_Timing_Init	20	static
stm32f4xx_ll_fmc.c:1502:19:FMC_SDRAM_DeInit	0	static
stm32f4xx_ll_fmc.c:1542:19:FMC_SDRAM_WriteProtection_Enable	0	static
stm32f4xx_ll_fmc.c:1559:19:FMC_SDRAM_WriteProtection_Disable	0	static
stm32f4xx_ll_fmc.c:1579:19:FMC_SDRAM_SendCommand	24	static
stm32f4xx_ll_fmc.c:1625:19:FMC_SDRAM_ProgramRefreshRate	0	static
stm32f4xx_ll_fmc.c:1643:19:FMC_SDRAM_SetAutoRefreshNumber	0	static
stm32f4xx_ll_fmc.c:1664:10:FMC_SDRAM_GetModeStatus	0	static
