stm32f4xx_hal_dcmi.c:144:26:HAL_DCMI_Init	16	static
stm32f4xx_hal_dcmi.c:211:19:HAL_DCMI_DeInit	16	static
stm32f4xx_hal_dcmi.c:234:13:HAL_DCMI_MspInit	16	static
stm32f4xx_hal_dcmi.c:249:13:HAL_DCMI_MspDeInit	16	static
stm32f4xx_hal_dcmi.c:287:19:HAL_DCMI_Start_DMA	40	static
stm32f4xx_hal_dcmi.c:370:19:HAL_DCMI_Stop	24	static
stm32f4xx_hal_dcmi.c:422:19:HAL_DCMI_Suspend	24	static
stm32f4xx_hal_dcmi.c:468:19:HAL_DCMI_Resume	16	static
stm32f4xx_hal_dcmi.c:494:6:HAL_DCMI_IRQHandler	24	static
stm32f4xx_hal_dcmi.c:576:13:HAL_DCMI_ErrorCallback	16	static
stm32f4xx_hal_dcmi.c:591:13:HAL_DCMI_LineEventCallback	16	static
stm32f4xx_hal_dcmi.c:606:13:HAL_DCMI_VsyncEventCallback	16	static
stm32f4xx_hal_dcmi.c:621:13:HAL_DCMI_FrameEventCallback	16	static
stm32f4xx_hal_dcmi.c:659:19:HAL_DCMI_ConfigCrop	24	static
stm32f4xx_hal_dcmi.c:692:19:HAL_DCMI_DisableCrop	16	static
stm32f4xx_hal_dcmi.c:718:19:HAL_DCMI_EnableCrop	16	static
stm32f4xx_hal_dcmi.c:764:23:HAL_DCMI_GetState	16	static
stm32f4xx_hal_dcmi.c:775:10:HAL_DCMI_GetError	16	static
stm32f4xx_hal_dcmi.c:795:13:DCMI_DMAXferCplt	24	static
stm32f4xx_hal_dcmi.c:852:13:DCMI_DMAError	24	static
