stm32f4xx_hal_msp.c:85:6:HAL_MspInit	16	static
stm32f4xx_hal_msp.c:107:6:HAL_DCMI_MspInit	64	static
stm32f4xx_hal_msp.c:208:6:HAL_DCMI_MspDeInit	16	static
stm32f4xx_hal_msp.c:260:6:HAL_I2C_MspInit	48	static
stm32f4xx_hal_msp.c:298:6:HAL_I2C_MspDeInit	16	static
stm32f4xx_hal_msp.c:328:6:HAL_SPI_MspInit	48	static
stm32f4xx_hal_msp.c:375:6:HAL_SPI_MspDeInit	16	static
stm32f4xx_hal_msp.c:408:6:HAL_UART_MspInit	48	static
stm32f4xx_hal_msp.c:446:6:HAL_UART_MspDeInit	16	static
stm32f4xx_hal_msp.c:472:13:HAL_FMC_MspInit	32	static
stm32f4xx_hal_msp.c:577:6:HAL_SDRAM_MspInit	16	static
stm32f4xx_hal_msp.c:589:13:HAL_FMC_MspDeInit	8	static
stm32f4xx_hal_msp.c:663:6:HAL_SDRAM_MspDeInit	16	static
