core_cm4.h:1872:26:ITM_SendChar	16	static
syscalls.c:71:6:initialise_monitor_handles	4	static
syscalls.c:75:5:_getpid	4	static
syscalls.c:80:5:_kill	16	static
syscalls.c:86:6:_exit	16	static
syscalls.c:92:5:_read	40	static
syscalls.c:104:5:_write	32	static
syscalls.c:115:9:_sbrk	24	static
syscalls.c:138:5:_close	16	static
syscalls.c:144:5:_fstat	16	static
syscalls.c:150:5:_isatty	16	static
syscalls.c:155:5:_lseek	24	static
syscalls.c:160:5:_open	12	static
syscalls.c:166:5:_wait	16	static
syscalls.c:172:5:_unlink	16	static
syscalls.c:178:5:_times	16	static
syscalls.c:183:5:_stat	16	static
syscalls.c:189:5:_link	16	static
syscalls.c:195:5:_fork	8	static
syscalls.c:201:5:_execve	24	static
