Archive member included to satisfy reference by file (symbol)

c:/program files (x86)/atollic/truestudio for stm32 9.1.0/armtools/bin/../lib/gcc/arm-atollic-eabi/6.3.1/../../../../arm-atollic-eabi/lib/armv7e-m/fpu\libc_nano.a(lib_a-errno.o)
                              Src\syscalls.o (__errno)
c:/program files (x86)/atollic/truestudio for stm32 9.1.0/armtools/bin/../lib/gcc/arm-atollic-eabi/6.3.1/../../../../arm-atollic-eabi/lib/armv7e-m/fpu\libc_nano.a(lib_a-impure.o)
                              c:/program files (x86)/atollic/truestudio for stm32 9.1.0/armtools/bin/../lib/gcc/arm-atollic-eabi/6.3.1/../../../../arm-atollic-eabi/lib/armv7e-m/fpu\libc_nano.a(lib_a-errno.o) (_impure_ptr)
c:/program files (x86)/atollic/truestudio for stm32 9.1.0/armtools/bin/../lib/gcc/arm-atollic-eabi/6.3.1/../../../../arm-atollic-eabi/lib/armv7e-m/fpu\libc_nano.a(lib_a-init.o)
                              startup\startup_stm32f429xx.o (__libc_init_array)
c:/program files (x86)/atollic/truestudio for stm32 9.1.0/armtools/bin/../lib/gcc/arm-atollic-eabi/6.3.1/../../../../arm-atollic-eabi/lib/armv7e-m/fpu\libc_nano.a(lib_a-memset.o)
                              Drivers\CMSIS\DSP_Lib\Source\FilteringFunctions\arm_biquad_cascade_df1_32x64_init_q31.o (memset)
c:/program files (x86)/atollic/truestudio for stm32 9.1.0/armtools/bin/../lib/gcc/arm-atollic-eabi/6.3.1/../../../../arm-atollic-eabi/lib/armv7e-m/fpu\libc_nano.a(lib_a-puts.o)
                              Src\main.o (puts)
c:/program files (x86)/atollic/truestudio for stm32 9.1.0/armtools/bin/../lib/gcc/arm-atollic-eabi/6.3.1/../../../../arm-atollic-eabi/lib/armv7e-m/fpu\libc_nano.a(lib_a-wbuf.o)
                              c:/program files (x86)/atollic/truestudio for stm32 9.1.0/armtools/bin/../lib/gcc/arm-atollic-eabi/6.3.1/../../../../arm-atollic-eabi/lib/armv7e-m/fpu\libc_nano.a(lib_a-puts.o) (__swbuf_r)
c:/program files (x86)/atollic/truestudio for stm32 9.1.0/armtools/bin/../lib/gcc/arm-atollic-eabi/6.3.1/../../../../arm-atollic-eabi/lib/armv7e-m/fpu\libc_nano.a(lib_a-wsetup.o)
                              c:/program files (x86)/atollic/truestudio for stm32 9.1.0/armtools/bin/../lib/gcc/arm-atollic-eabi/6.3.1/../../../../arm-atollic-eabi/lib/armv7e-m/fpu\libc_nano.a(lib_a-puts.o) (__swsetup_r)
c:/program files (x86)/atollic/truestudio for stm32 9.1.0/armtools/bin/../lib/gcc/arm-atollic-eabi/6.3.1/../../../../arm-atollic-eabi/lib/armv7e-m/fpu\libc_nano.a(lib_a-fflush.o)
                              c:/program files (x86)/atollic/truestudio for stm32 9.1.0/armtools/bin/../lib/gcc/arm-atollic-eabi/6.3.1/../../../../arm-atollic-eabi/lib/armv7e-m/fpu\libc_nano.a(lib_a-wbuf.o) (_fflush_r)
c:/program files (x86)/atollic/truestudio for stm32 9.1.0/armtools/bin/../lib/gcc/arm-atollic-eabi/6.3.1/../../../../arm-atollic-eabi/lib/armv7e-m/fpu\libc_nano.a(lib_a-findfp.o)
                              c:/program files (x86)/atollic/truestudio for stm32 9.1.0/armtools/bin/../lib/gcc/arm-atollic-eabi/6.3.1/../../../../arm-atollic-eabi/lib/armv7e-m/fpu\libc_nano.a(lib_a-puts.o) (__sinit)
c:/program files (x86)/atollic/truestudio for stm32 9.1.0/armtools/bin/../lib/gcc/arm-atollic-eabi/6.3.1/../../../../arm-atollic-eabi/lib/armv7e-m/fpu\libc_nano.a(lib_a-fwalk.o)
                              c:/program files (x86)/atollic/truestudio for stm32 9.1.0/armtools/bin/../lib/gcc/arm-atollic-eabi/6.3.1/../../../../arm-atollic-eabi/lib/armv7e-m/fpu\libc_nano.a(lib_a-findfp.o) (_fwalk)
c:/program files (x86)/atollic/truestudio for stm32 9.1.0/armtools/bin/../lib/gcc/arm-atollic-eabi/6.3.1/../../../../arm-atollic-eabi/lib/armv7e-m/fpu\libc_nano.a(lib_a-makebuf.o)
                              c:/program files (x86)/atollic/truestudio for stm32 9.1.0/armtools/bin/../lib/gcc/arm-atollic-eabi/6.3.1/../../../../arm-atollic-eabi/lib/armv7e-m/fpu\libc_nano.a(lib_a-wsetup.o) (__smakebuf_r)
c:/program files (x86)/atollic/truestudio for stm32 9.1.0/armtools/bin/../lib/gcc/arm-atollic-eabi/6.3.1/../../../../arm-atollic-eabi/lib/armv7e-m/fpu\libc_nano.a(lib_a-nano-freer.o)
                              c:/program files (x86)/atollic/truestudio for stm32 9.1.0/armtools/bin/../lib/gcc/arm-atollic-eabi/6.3.1/../../../../arm-atollic-eabi/lib/armv7e-m/fpu\libc_nano.a(lib_a-wsetup.o) (_free_r)
c:/program files (x86)/atollic/truestudio for stm32 9.1.0/armtools/bin/../lib/gcc/arm-atollic-eabi/6.3.1/../../../../arm-atollic-eabi/lib/armv7e-m/fpu\libc_nano.a(lib_a-nano-mallocr.o)
                              c:/program files (x86)/atollic/truestudio for stm32 9.1.0/armtools/bin/../lib/gcc/arm-atollic-eabi/6.3.1/../../../../arm-atollic-eabi/lib/armv7e-m/fpu\libc_nano.a(lib_a-findfp.o) (_malloc_r)
c:/program files (x86)/atollic/truestudio for stm32 9.1.0/armtools/bin/../lib/gcc/arm-atollic-eabi/6.3.1/../../../../arm-atollic-eabi/lib/armv7e-m/fpu\libc_nano.a(lib_a-sbrkr.o)
[...]
Memory Configuration

Name             Origin             Length             Attributes
RAM              0x20000000         0x00030000         xrw
CCMRAM           0x10000000         0x00010000         rw
FLASH            0x08000000         0x00200000         xr
*default*        0x00000000         0xffffffff

Linker script and memory map

LOAD c:/program files (x86)/atollic/truestudio for stm32 9.1.0/armtools/bin/../lib/gcc/arm-atollic-eabi/6.3.1/armv7e-m/fpu/crti.o
LOAD c:/program files (x86)/atollic/truestudio for stm32 9.1.0/armtools/bin/../lib/gcc/arm-atollic-eabi/6.3.1/armv7e-m/fpu/crtbegin.o
LOAD Drivers\CMSIS\DSP_Lib\Source\BasicMathFunctions\arm_abs_f32.o
LOAD Drivers\CMSIS\DSP_Lib\Source\BasicMathFunctions\arm_abs_q15.o
LOAD Drivers\CMSIS\DSP_Lib\Source\BasicMathFunctions\arm_abs_q31.o
LOAD Drivers\CMSIS\DSP_Lib\Source\BasicMathFunctions\arm_abs_q7.o
LOAD Drivers\CMSIS\DSP_Lib\Source\BasicMathFunctions\arm_add_f32.o
LOAD Drivers\CMSIS\DSP_Lib\Source\BasicMathFunctions\arm_add_q15.o
LOAD Drivers\CMSIS\DSP_Lib\Source\BasicMathFunctions\arm_add_q31.o
LOAD Drivers\CMSIS\DSP_Lib\Source\BasicMathFunctions\arm_add_q7.o
LOAD Drivers\CMSIS\DSP_Lib\Source\BasicMathFunctions\arm_dot_prod_f32.o
LOAD Drivers\CMSIS\DSP_Lib\Source\BasicMathFunctions\arm_dot_prod_q15.o
LOAD Drivers\CMSIS\DSP_Lib\Source\BasicMathFunctions\arm_dot_prod_q31.o
LOAD Drivers\CMSIS\DSP_Lib\Source\BasicMathFunctions\arm_dot_prod_q7.o
LOAD Drivers\CMSIS\DSP_Lib\Source\BasicMathFunctions\arm_mult_f32.o
LOAD Drivers\CMSIS\DSP_Lib\Source\BasicMathFunctions\arm_mult_q15.o
LOAD Drivers\CMSIS\DSP_Lib\Source\BasicMathFunctions\arm_mult_q31.o
LOAD Drivers\CMSIS\DSP_Lib\Source\BasicMathFunctions\arm_mult_q7.o
LOAD Drivers\CMSIS\DSP_Lib\Source\BasicMathFunctions\arm_negate_f32.o
LOAD Drivers\CMSIS\DSP_Lib\Source\BasicMathFunctions\arm_negate_q15.o
LOAD Drivers\CMSIS\DSP_Lib\Source\BasicMathFunctions\arm_negate_q31.o
LOAD Drivers\CMSIS\DSP_Lib\Source\BasicMathFunctions\arm_negate_q7.o
LOAD Drivers\CMSIS\DSP_Lib\Source\BasicMathFunctions\arm_offset_f32.o
LOAD Drivers\CMSIS\DSP_Lib\Source\BasicMathFunctions\arm_offset_q15.o
LOAD Drivers\CMSIS\DSP_Lib\Source\BasicMathFunctions\arm_offset_q31.o
LOAD Drivers\CMSIS\DSP_Lib\Source\BasicMathFunctions\arm_offset_q7.o
LOAD Drivers\CMSIS\DSP_Lib\Source\BasicMathFunctions\arm_scale_f32.o
LOAD Drivers\CMSIS\DSP_Lib\Source\BasicMathFunctions\arm_scale_q15.o
LOAD Drivers\CMSIS\DSP_Lib\Source\BasicMathFunctions\arm_scale_q31.o
LOAD Drivers\CMSIS\DSP_Lib\Source\BasicMathFunctions\arm_scale_q7.o
LOAD Drivers\CMSIS\DSP_Lib\Source\BasicMathFunctions\arm_shift_q15.o
LOAD Drivers\CMSIS\DSP_Lib\Source\BasicMathFunctions\arm_shift_q31.o
LOAD Drivers\CMSIS\DSP_Lib\Source\BasicMathFunctions\arm_shift_q7.o
LOAD Drivers\CMSIS\DSP_Lib\Source\BasicMathFunctions\arm_sub_f32.o
LOAD Drivers\CMSIS\DSP_Lib\Source\BasicMathFunctions\arm_sub_q15.o
LOAD Drivers\CMSIS\DSP_Lib\Source\BasicMathFunctions\arm_sub_q31.o
LOAD Drivers\CMSIS\DSP_Lib\Source\BasicMathFunctions\arm_sub_q7.o
LOAD Drivers\CMSIS\DSP_Lib\Source\CommonTables\arm_common_tables.o
LOAD Drivers\CMSIS\DSP_Lib\Source\CommonTables\arm_const_structs.o
LOAD Drivers\CMSIS\DSP_Lib\Source\ComplexMathFunctions\arm_cmplx_conj_f32.o
LOAD Drivers\CMSIS\DSP_Lib\Source\ComplexMathFunctions\arm_cmplx_conj_q15.o
LOAD Drivers\CMSIS\DSP_Lib\Source\ComplexMathFunctions\arm_cmplx_conj_q31.o
LOAD Drivers\CMSIS\DSP_Lib\Source\ComplexMathFunctions\arm_cmplx_dot_prod_f32.o
LOAD Drivers\CMSIS\DSP_Lib\Source\ComplexMathFunctions\arm_cmplx_dot_prod_q15.o
LOAD Drivers\CMSIS\DSP_Lib\Source\ComplexMathFunctions\arm_cmplx_dot_prod_q31.o
LOAD Drivers\CMSIS\DSP_Lib\Source\ComplexMathFunctions\arm_cmplx_mag_f32.o
LOAD Drivers\CMSIS\DSP_Lib\Source\ComplexMathFunctions\arm_cmplx_mag_q15.o
LOAD Drivers\CMSIS\DSP_Lib\Source\ComplexMathFunctions\arm_cmplx_mag_q31.o
LOAD Drivers\CMSIS\DSP_Lib\Source\ComplexMathFunctions\arm_cmplx_mag_squared_f32.o
LOAD Drivers\CMSIS\DSP_Lib\Source\ComplexMathFunctions\arm_cmplx_mag_squared_q15.o
LOAD Drivers\CMSIS\DSP_Lib\Source\ComplexMathFunctions\arm_cmplx_mag_squared_q31.o
LOAD Drivers\CMSIS\DSP_Lib\Source\ComplexMathFunctions\arm_cmplx_mult_cmplx_f32.o
LOAD Drivers\CMSIS\DSP_Lib\Source\ComplexMathFunctions\arm_cmplx_mult_cmplx_q15.o
LOAD Drivers\CMSIS\DSP_Lib\Source\ComplexMathFunctions\arm_cmplx_mult_cmplx_q31.o
LOAD Drivers\CMSIS\DSP_Lib\Source\ComplexMathFunctions\arm_cmplx_mult_real_f32.o
LOAD Drivers\CMSIS\DSP_Lib\Source\ComplexMathFunctions\arm_cmplx_mult_real_q15.o
LOAD Drivers\CMSIS\DSP_Lib\Source\ComplexMathFunctions\arm_cmplx_mult_real_q31.o
LOAD Drivers\CMSIS\DSP_Lib\Source\ControllerFunctions\arm_pid_init_f32.o
LOAD Drivers\CMSIS\DSP_Lib\Source\ControllerFunctions\arm_pid_init_q15.o
LOAD Drivers\CMSIS\DSP_Lib\Source\ControllerFunctions\arm_pid_init_q31.o
LOAD Drivers\CMSIS\DSP_Lib\Source\ControllerFunctions\arm_pid_reset_f32.o
LOAD Drivers\CMSIS\DSP_Lib\Source\ControllerFunctions\arm_pid_reset_q15.o
LOAD Drivers\CMSIS\DSP_Lib\Source\ControllerFunctions\arm_pid_reset_q31.o
LOAD Drivers\CMSIS\DSP_Lib\Source\ControllerFunctions\arm_sin_cos_f32.o
LOAD Drivers\CMSIS\DSP_Lib\Source\ControllerFunctions\arm_sin_cos_q31.o
LOAD Drivers\CMSIS\DSP_Lib\Source\FastMathFunctions\arm_cos_f32.o
LOAD Drivers\CMSIS\DSP_Lib\Source\FastMathFunctions\arm_cos_q15.o
LOAD Drivers\CMSIS\DSP_Lib\Source\FastMathFunctions\arm_cos_q31.o
LOAD Drivers\CMSIS\DSP_Lib\Source\FastMathFunctions\arm_sin_f32.o
LOAD Drivers\CMSIS\DSP_Lib\Source\FastMathFunctions\arm_sin_q15.o
LOAD Drivers\CMSIS\DSP_Lib\Source\FastMathFunctions\arm_sin_q31.o
LOAD Drivers\CMSIS\DSP_Lib\Source\FastMathFunctions\arm_sqrt_q15.o
LOAD Drivers\CMSIS\DSP_Lib\Source\FastMathFunctions\arm_sqrt_q31.o
LOAD Drivers\CMSIS\DSP_Lib\Source\FilteringFunctions\arm_biquad_cascade_df1_32x64_init_q31.o
LOAD Drivers\CMSIS\DSP_Lib\Source\FilteringFunctions\arm_biquad_cascade_df1_32x64_q31.o
LOAD Drivers\CMSIS\DSP_Lib\Source\FilteringFunctions\arm_biquad_cascade_df1_f32.o
LOAD Drivers\CMSIS\DSP_Lib\Source\FilteringFunctions\arm_biquad_cascade_df1_fast_q15.o
LOAD Drivers\CMSIS\DSP_Lib\Source\FilteringFunctions\arm_biquad_cascade_df1_fast_q31.o
LOAD Drivers\CMSIS\DSP_Lib\Source\FilteringFunctions\arm_biquad_cascade_df1_init_f32.o
LOAD Drivers\CMSIS\DSP_Lib\Source\FilteringFunctions\arm_biquad_cascade_df1_init_q15.o
LOAD Drivers\CMSIS\DSP_Lib\Source\FilteringFunctions\arm_biquad_cascade_df1_init_q31.o
LOAD Drivers\CMSIS\DSP_Lib\Source\FilteringFunctions\arm_biquad_cascade_df1_q15.o
LOAD Drivers\CMSIS\DSP_Lib\Source\FilteringFunctions\arm_biquad_cascade_df1_q31.o
LOAD Drivers\CMSIS\DSP_Lib\Source\FilteringFunctions\arm_biquad_cascade_df2T_f32.o
LOAD Drivers\CMSIS\DSP_Lib\Source\FilteringFunctions\arm_biquad_cascade_df2T_f64.o
LOAD Drivers\CMSIS\DSP_Lib\Source\FilteringFunctions\arm_biquad_cascade_df2T_init_f32.o
LOAD Drivers\CMSIS\DSP_Lib\Source\FilteringFunctions\arm_biquad_cascade_df2T_init_f64.o
LOAD Drivers\CMSIS\DSP_Lib\Source\FilteringFunctions\arm_biquad_cascade_stereo_df2T_f32.o
LOAD Drivers\CMSIS\DSP_Lib\Source\FilteringFunctions\arm_biquad_cascade_stereo_df2T_init_f32.o
LOAD Drivers\CMSIS\DSP_Lib\Source\FilteringFunctions\arm_conv_f32.o
LOAD Drivers\CMSIS\DSP_Lib\Source\FilteringFunctions\arm_conv_fast_opt_q15.o
LOAD Drivers\CMSIS\DSP_Lib\Source\FilteringFunctions\arm_conv_fast_q15.o
LOAD Drivers\CMSIS\DSP_Lib\Source\FilteringFunctions\arm_conv_fast_q31.o
LOAD Drivers\CMSIS\DSP_Lib\Source\FilteringFunctions\arm_conv_opt_q15.o
LOAD Drivers\CMSIS\DSP_Lib\Source\FilteringFunctions\arm_conv_opt_q7.o
LOAD Drivers\CMSIS\DSP_Lib\Source\FilteringFunctions\arm_conv_partial_f32.o
LOAD Drivers\CMSIS\DSP_Lib\Source\FilteringFunctions\arm_conv_partial_fast_opt_q15.o
LOAD Drivers\CMSIS\DSP_Lib\Source\FilteringFunctions\arm_conv_partial_fast_q15.o
LOAD Drivers\CMSIS\DSP_Lib\Source\FilteringFunctions\arm_conv_partial_fast_q31.o
LOAD Drivers\CMSIS\DSP_Lib\Source\FilteringFunctions\arm_conv_partial_opt_q15.o
LOAD Drivers\CMSIS\DSP_Lib\Source\FilteringFunctions\arm_conv_partial_opt_q7.o
LOAD Drivers\CMSIS\DSP_Lib\Source\FilteringFunctions\arm_conv_partial_q15.o
LOAD Drivers\CMSIS\DSP_Lib\Source\FilteringFunctions\arm_conv_partial_q31.o
LOAD Drivers\CMSIS\DSP_Lib\Source\FilteringFunctions\arm_conv_partial_q7.o
LOAD Drivers\CMSIS\DSP_Lib\Source\FilteringFunctions\arm_conv_q15.o
LOAD Drivers\CMSIS\DSP_Lib\Source\FilteringFunctions\arm_conv_q31.o
LOAD Drivers\CMSIS\DSP_Lib\Source\FilteringFunctions\arm_conv_q7.o
LOAD Drivers\CMSIS\DSP_Lib\Source\FilteringFunctions\arm_correlate_f32.o
LOAD Drivers\CMSIS\DSP_Lib\Source\FilteringFunctions\arm_correlate_fast_opt_q15.o
LOAD Drivers\CMSIS\DSP_Lib\Source\FilteringFunctions\arm_correlate_fast_q15.o
LOAD Drivers\CMSIS\DSP_Lib\Source\FilteringFunctions\arm_correlate_fast_q31.o
LOAD Drivers\CMSIS\DSP_Lib\Source\FilteringFunctions\arm_correlate_opt_q15.o
LOAD Drivers\CMSIS\DSP_Lib\Source\FilteringFunctions\arm_correlate_opt_q7.o
LOAD Drivers\CMSIS\DSP_Lib\Source\FilteringFunctions\arm_correlate_q15.o
LOAD Drivers\CMSIS\DSP_Lib\Source\FilteringFunctions\arm_correlate_q31.o
LOAD Drivers\CMSIS\DSP_Lib\Source\FilteringFunctions\arm_correlate_q7.o
LOAD Drivers\CMSIS\DSP_Lib\Source\FilteringFunctions\arm_fir_decimate_f32.o
LOAD Drivers\CMSIS\DSP_Lib\Source\FilteringFunctions\arm_fir_decimate_fast_q15.o
LOAD Drivers\CMSIS\DSP_Lib\Source\FilteringFunctions\arm_fir_decimate_fast_q31.o
LOAD Drivers\CMSIS\DSP_Lib\Source\FilteringFunctions\arm_fir_decimate_init_f32.o
LOAD Drivers\CMSIS\DSP_Lib\Source\FilteringFunctions\arm_fir_decimate_init_q15.o
LOAD Drivers\CMSIS\DSP_Lib\Source\FilteringFunctions\arm_fir_decimate_init_q31.o
LOAD Drivers\CMSIS\DSP_Lib\Source\FilteringFunctions\arm_fir_decimate_q15.o
LOAD Drivers\CMSIS\DSP_Lib\Source\FilteringFunctions\arm_fir_decimate_q31.o
LOAD Drivers\CMSIS\DSP_Lib\Source\FilteringFunctions\arm_fir_f32.o
LOAD Drivers\CMSIS\DSP_Lib\Source\FilteringFunctions\arm_fir_fast_q15.o
LOAD Drivers\CMSIS\DSP_Lib\Source\FilteringFunctions\arm_fir_fast_q31.o
LOAD Drivers\CMSIS\DSP_Lib\Source\FilteringFunctions\arm_fir_init_f32.o
LOAD Drivers\CMSIS\DSP_Lib\Source\FilteringFunctions\arm_fir_init_q15.o
LOAD Drivers\CMSIS\DSP_Lib\Source\FilteringFunctions\arm_fir_init_q31.o
LOAD Drivers\CMSIS\DSP_Lib\Source\FilteringFunctions\arm_fir_init_q7.o
LOAD Drivers\CMSIS\DSP_Lib\Source\FilteringFunctions\arm_fir_interpolate_f32.o
LOAD Drivers\CMSIS\DSP_Lib\Source\FilteringFunctions\arm_fir_interpolate_init_f32.o
LOAD Drivers\CMSIS\DSP_Lib\Source\FilteringFunctions\arm_fir_interpolate_init_q15.o
LOAD Drivers\CMSIS\DSP_Lib\Source\FilteringFunctions\arm_fir_interpolate_init_q31.o
LOAD Drivers\CMSIS\DSP_Lib\Source\FilteringFunctions\arm_fir_interpolate_q15.o
LOAD Drivers\CMSIS\DSP_Lib\Source\FilteringFunctions\arm_fir_interpolate_q31.o
LOAD Drivers\CMSIS\DSP_Lib\Source\FilteringFunctions\arm_fir_lattice_f32.o
LOAD Drivers\CMSIS\DSP_Lib\Source\FilteringFunctions\arm_fir_lattice_init_f32.o
LOAD Drivers\CMSIS\DSP_Lib\Source\FilteringFunctions\arm_fir_lattice_init_q15.o
LOAD Drivers\CMSIS\DSP_Lib\Source\FilteringFunctions\arm_fir_lattice_init_q31.o
LOAD Drivers\CMSIS\DSP_Lib\Source\FilteringFunctions\arm_fir_lattice_q15.o
LOAD Drivers\CMSIS\DSP_Lib\Source\FilteringFunctions\arm_fir_lattice_q31.o
LOAD Drivers\CMSIS\DSP_Lib\Source\FilteringFunctions\arm_fir_q15.o
LOAD Drivers\CMSIS\DSP_Lib\Source\FilteringFunctions\arm_fir_q31.o
LOAD Drivers\CMSIS\DSP_Lib\Source\FilteringFunctions\arm_fir_q7.o
LOAD Drivers\CMSIS\DSP_Lib\Source\FilteringFunctions\arm_fir_sparse_f32.o
LOAD Drivers\CMSIS\DSP_Lib\Source\FilteringFunctions\arm_fir_sparse_init_f32.o
LOAD Drivers\CMSIS\DSP_Lib\Source\FilteringFunctions\arm_fir_sparse_init_q15.o
LOAD Drivers\CMSIS\DSP_Lib\Source\FilteringFunctions\arm_fir_sparse_init_q31.o
LOAD Drivers\CMSIS\DSP_Lib\Source\FilteringFunctions\arm_fir_sparse_init_q7.o
LOAD Drivers\CMSIS\DSP_Lib\Source\FilteringFunctions\arm_fir_sparse_q15.o
LOAD Drivers\CMSIS\DSP_Lib\Source\FilteringFunctions\arm_fir_sparse_q31.o
LOAD Drivers\CMSIS\DSP_Lib\Source\FilteringFunctions\arm_fir_sparse_q7.o
LOAD Drivers\CMSIS\DSP_Lib\Source\FilteringFunctions\arm_iir_lattice_f32.o
LOAD Drivers\CMSIS\DSP_Lib\Source\FilteringFunctions\arm_iir_lattice_init_f32.o
LOAD Drivers\CMSIS\DSP_Lib\Source\FilteringFunctions\arm_iir_lattice_init_q15.o
LOAD Drivers\CMSIS\DSP_Lib\Source\FilteringFunctions\arm_iir_lattice_init_q31.o
LOAD Drivers\CMSIS\DSP_Lib\Source\FilteringFunctions\arm_iir_lattice_q15.o
LOAD Drivers\CMSIS\DSP_Lib\Source\FilteringFunctions\arm_iir_lattice_q31.o
LOAD Drivers\CMSIS\DSP_Lib\Source\FilteringFunctions\arm_lms_f32.o
LOAD Drivers\CMSIS\DSP_Lib\Source\FilteringFunctions\arm_lms_init_f32.o
LOAD Drivers\CMSIS\DSP_Lib\Source\FilteringFunctions\arm_lms_init_q15.o
LOAD Drivers\CMSIS\DSP_Lib\Source\FilteringFunctions\arm_lms_init_q31.o
LOAD Drivers\CMSIS\DSP_Lib\Source\FilteringFunctions\arm_lms_norm_f32.o
LOAD Drivers\CMSIS\DSP_Lib\Source\FilteringFunctions\arm_lms_norm_init_f32.o
LOAD Drivers\CMSIS\DSP_Lib\Source\FilteringFunctions\arm_lms_norm_init_q15.o
LOAD Drivers\CMSIS\DSP_Lib\Source\FilteringFunctions\arm_lms_norm_init_q31.o
LOAD Drivers\CMSIS\DSP_Lib\Source\FilteringFunctions\arm_lms_norm_q15.o
LOAD Drivers\CMSIS\DSP_Lib\Source\FilteringFunctions\arm_lms_norm_q31.o
LOAD Drivers\CMSIS\DSP_Lib\Source\FilteringFunctions\arm_lms_q15.o
LOAD Drivers\CMSIS\DSP_Lib\Source\FilteringFunctions\arm_lms_q31.o
LOAD Drivers\CMSIS\DSP_Lib\Source\MatrixFunctions\arm_mat_add_f32.o
LOAD Drivers\CMSIS\DSP_Lib\Source\MatrixFunctions\arm_mat_add_q15.o
LOAD Drivers\CMSIS\DSP_Lib\Source\MatrixFunctions\arm_mat_add_q31.o
LOAD Drivers\CMSIS\DSP_Lib\Source\MatrixFunctions\arm_mat_cmplx_mult_f32.o
LOAD Drivers\CMSIS\DSP_Lib\Source\MatrixFunctions\arm_mat_cmplx_mult_q15.o
LOAD Drivers\CMSIS\DSP_Lib\Source\MatrixFunctions\arm_mat_cmplx_mult_q31.o
LOAD Drivers\CMSIS\DSP_Lib\Source\MatrixFunctions\arm_mat_init_f32.o
LOAD Drivers\CMSIS\DSP_Lib\Source\MatrixFunctions\arm_mat_init_q15.o
LOAD Drivers\CMSIS\DSP_Lib\Source\MatrixFunctions\arm_mat_init_q31.o
LOAD Drivers\CMSIS\DSP_Lib\Source\MatrixFunctions\arm_mat_inverse_f32.o
LOAD Drivers\CMSIS\DSP_Lib\Source\MatrixFunctions\arm_mat_inverse_f64.o
LOAD Drivers\CMSIS\DSP_Lib\Source\MatrixFunctions\arm_mat_mult_f32.o
LOAD Drivers\CMSIS\DSP_Lib\Source\MatrixFunctions\arm_mat_mult_fast_q15.o
LOAD Drivers\CMSIS\DSP_Lib\Source\MatrixFunctions\arm_mat_mult_fast_q31.o
LOAD Drivers\CMSIS\DSP_Lib\Source\MatrixFunctions\arm_mat_mult_q15.o
LOAD Drivers\CMSIS\DSP_Lib\Source\MatrixFunctions\arm_mat_mult_q31.o
LOAD Drivers\CMSIS\DSP_Lib\Source\MatrixFunctions\arm_mat_scale_f32.o
LOAD Drivers\CMSIS\DSP_Lib\Source\MatrixFunctions\arm_mat_scale_q15.o
LOAD Drivers\CMSIS\DSP_Lib\Source\MatrixFunctions\arm_mat_scale_q31.o
LOAD Drivers\CMSIS\DSP_Lib\Source\MatrixFunctions\arm_mat_sub_f32.o
LOAD Drivers\CMSIS\DSP_Lib\Source\MatrixFunctions\arm_mat_sub_q15.o
LOAD Drivers\CMSIS\DSP_Lib\Source\MatrixFunctions\arm_mat_sub_q31.o
LOAD Drivers\CMSIS\DSP_Lib\Source\MatrixFunctions\arm_mat_trans_f32.o
LOAD Drivers\CMSIS\DSP_Lib\Source\MatrixFunctions\arm_mat_trans_q15.o
LOAD Drivers\CMSIS\DSP_Lib\Source\MatrixFunctions\arm_mat_trans_q31.o
LOAD Drivers\CMSIS\DSP_Lib\Source\StatisticsFunctions\arm_max_f32.o
LOAD Drivers\CMSIS\DSP_Lib\Source\StatisticsFunctions\arm_max_q15.o
LOAD Drivers\CMSIS\DSP_Lib\Source\StatisticsFunctions\arm_max_q31.o
LOAD Drivers\CMSIS\DSP_Lib\Source\StatisticsFunctions\arm_max_q7.o
LOAD Drivers\CMSIS\DSP_Lib\Source\StatisticsFunctions\arm_mean_f32.o
LOAD Drivers\CMSIS\DSP_Lib\Source\StatisticsFunctions\arm_mean_q15.o
LOAD Drivers\CMSIS\DSP_Lib\Source\StatisticsFunctions\arm_mean_q31.o
LOAD Drivers\CMSIS\DSP_Lib\Source\StatisticsFunctions\arm_mean_q7.o
LOAD Drivers\CMSIS\DSP_Lib\Source\StatisticsFunctions\arm_min_f32.o
LOAD Drivers\CMSIS\DSP_Lib\Source\StatisticsFunctions\arm_min_q15.o
LOAD Drivers\CMSIS\DSP_Lib\Source\StatisticsFunctions\arm_min_q31.o
LOAD Drivers\CMSIS\DSP_Lib\Source\StatisticsFunctions\arm_min_q7.o
LOAD Drivers\CMSIS\DSP_Lib\Source\StatisticsFunctions\arm_power_f32.o
LOAD Drivers\CMSIS\DSP_Lib\Source\StatisticsFunctions\arm_power_q15.o
LOAD Drivers\CMSIS\DSP_Lib\Source\StatisticsFunctions\arm_power_q31.o
LOAD Drivers\CMSIS\DSP_Lib\Source\StatisticsFunctions\arm_power_q7.o
LOAD Drivers\CMSIS\DSP_Lib\Source\StatisticsFunctions\arm_rms_f32.o
LOAD Drivers\CMSIS\DSP_Lib\Source\StatisticsFunctions\arm_rms_q15.o
LOAD Drivers\CMSIS\DSP_Lib\Source\StatisticsFunctions\arm_rms_q31.o
LOAD Drivers\CMSIS\DSP_Lib\Source\StatisticsFunctions\arm_std_f32.o
LOAD Drivers\CMSIS\DSP_Lib\Source\StatisticsFunctions\arm_std_q15.o
LOAD Drivers\CMSIS\DSP_Lib\Source\StatisticsFunctions\arm_std_q31.o
LOAD Drivers\CMSIS\DSP_Lib\Source\StatisticsFunctions\arm_var_f32.o
LOAD Drivers\CMSIS\DSP_Lib\Source\StatisticsFunctions\arm_var_q15.o
LOAD Drivers\CMSIS\DSP_Lib\Source\StatisticsFunctions\arm_var_q31.o
LOAD Drivers\CMSIS\DSP_Lib\Source\SupportFunctions\arm_copy_f32.o
LOAD Drivers\CMSIS\DSP_Lib\Source\SupportFunctions\arm_copy_q15.o
LOAD Drivers\CMSIS\DSP_Lib\Source\SupportFunctions\arm_copy_q31.o
LOAD Drivers\CMSIS\DSP_Lib\Source\SupportFunctions\arm_copy_q7.o
LOAD Drivers\CMSIS\DSP_Lib\Source\SupportFunctions\arm_fill_f32.o
LOAD Drivers\CMSIS\DSP_Lib\Source\SupportFunctions\arm_fill_q15.o
LOAD Drivers\CMSIS\DSP_Lib\Source\SupportFunctions\arm_fill_q31.o
LOAD Drivers\CMSIS\DSP_Lib\Source\SupportFunctions\arm_fill_q7.o
LOAD Drivers\CMSIS\DSP_Lib\Source\SupportFunctions\arm_float_to_q15.o
LOAD Drivers\CMSIS\DSP_Lib\Source\SupportFunctions\arm_float_to_q31.o
LOAD Drivers\CMSIS\DSP_Lib\Source\SupportFunctions\arm_float_to_q7.o
LOAD Drivers\CMSIS\DSP_Lib\Source\SupportFunctions\arm_q15_to_float.o
LOAD Drivers\CMSIS\DSP_Lib\Source\SupportFunctions\arm_q15_to_q31.o
LOAD Drivers\CMSIS\DSP_Lib\Source\SupportFunctions\arm_q15_to_q7.o
LOAD Drivers\CMSIS\DSP_Lib\Source\SupportFunctions\arm_q31_to_float.o
LOAD Drivers\CMSIS\DSP_Lib\Source\SupportFunctions\arm_q31_to_q15.o
LOAD Drivers\CMSIS\DSP_Lib\Source\SupportFunctions\arm_q31_to_q7.o
LOAD Drivers\CMSIS\DSP_Lib\Source\SupportFunctions\arm_q7_to_float.o
LOAD Drivers\CMSIS\DSP_Lib\Source\SupportFunctions\arm_q7_to_q15.o
LOAD Drivers\CMSIS\DSP_Lib\Source\SupportFunctions\arm_q7_to_q31.o
LOAD Drivers\CMSIS\DSP_Lib\Source\TransformFunctions\arm_bitreversal.o
LOAD Drivers\CMSIS\DSP_Lib\Source\TransformFunctions\arm_cfft_f32.o
LOAD Drivers\CMSIS\DSP_Lib\Source\TransformFunctions\arm_cfft_q15.o
LOAD Drivers\CMSIS\DSP_Lib\Source\TransformFunctions\arm_cfft_q31.o
LOAD Drivers\CMSIS\DSP_Lib\Source\TransformFunctions\arm_cfft_radix2_f32.o
LOAD Drivers\CMSIS\DSP_Lib\Source\TransformFunctions\arm_cfft_radix2_init_f32.o
LOAD Drivers\CMSIS\DSP_Lib\Source\TransformFunctions\arm_cfft_radix2_init_q15.o
LOAD Drivers\CMSIS\DSP_Lib\Source\TransformFunctions\arm_cfft_radix2_init_q31.o
LOAD Drivers\CMSIS\DSP_Lib\Source\TransformFunctions\arm_cfft_radix2_q15.o
LOAD Drivers\CMSIS\DSP_Lib\Source\TransformFunctions\arm_cfft_radix2_q31.o
LOAD Drivers\CMSIS\DSP_Lib\Source\TransformFunctions\arm_cfft_radix4_f32.o
LOAD Drivers\CMSIS\DSP_Lib\Source\TransformFunctions\arm_cfft_radix4_init_f32.o
LOAD Drivers\CMSIS\DSP_Lib\Source\TransformFunctions\arm_cfft_radix4_init_q15.o
LOAD Drivers\CMSIS\DSP_Lib\Source\TransformFunctions\arm_cfft_radix4_init_q31.o
LOAD Drivers\CMSIS\DSP_Lib\Source\TransformFunctions\arm_cfft_radix4_q15.o
LOAD Drivers\CMSIS\DSP_Lib\Source\TransformFunctions\arm_cfft_radix4_q31.o
LOAD Drivers\CMSIS\DSP_Lib\Source\TransformFunctions\arm_cfft_radix8_f32.o
LOAD Drivers\CMSIS\DSP_Lib\Source\TransformFunctions\arm_dct4_f32.o
LOAD Drivers\CMSIS\DSP_Lib\Source\TransformFunctions\arm_dct4_init_f32.o
LOAD Drivers\CMSIS\DSP_Lib\Source\TransformFunctions\arm_dct4_init_q15.o
LOAD Drivers\CMSIS\DSP_Lib\Source\TransformFunctions\arm_dct4_init_q31.o
LOAD Drivers\CMSIS\DSP_Lib\Source\TransformFunctions\arm_dct4_q15.o
LOAD Drivers\CMSIS\DSP_Lib\Source\TransformFunctions\arm_dct4_q31.o
LOAD Drivers\CMSIS\DSP_Lib\Source\TransformFunctions\arm_rfft_f32.o
LOAD Drivers\CMSIS\DSP_Lib\Source\TransformFunctions\arm_rfft_fast_f32.o
LOAD Drivers\CMSIS\DSP_Lib\Source\TransformFunctions\arm_rfft_fast_init_f32.o
LOAD Drivers\CMSIS\DSP_Lib\Source\TransformFunctions\arm_rfft_init_f32.o
LOAD Drivers\CMSIS\DSP_Lib\Source\TransformFunctions\arm_rfft_init_q15.o
LOAD Drivers\CMSIS\DSP_Lib\Source\TransformFunctions\arm_rfft_init_q31.o
LOAD Drivers\CMSIS\DSP_Lib\Source\TransformFunctions\arm_rfft_q15.o
LOAD Drivers\CMSIS\DSP_Lib\Source\TransformFunctions\arm_rfft_q31.o
LOAD Drivers\STM32F4xx_HAL_Driver\Src\stm32f4xx_hal.o
LOAD Drivers\STM32F4xx_HAL_Driver\Src\stm32f4xx_hal_cortex.o
LOAD Drivers\STM32F4xx_HAL_Driver\Src\stm32f4xx_hal_dcmi.o
LOAD Drivers\STM32F4xx_HAL_Driver\Src\stm32f4xx_hal_dcmi_ex.o
LOAD Drivers\STM32F4xx_HAL_Driver\Src\stm32f4xx_hal_dma.o
LOAD Drivers\STM32F4xx_HAL_Driver\Src\stm32f4xx_hal_dma_ex.o
LOAD Drivers\STM32F4xx_HAL_Driver\Src\stm32f4xx_hal_flash.o
LOAD Drivers\STM32F4xx_HAL_Driver\Src\stm32f4xx_hal_flash_ex.o
LOAD Drivers\STM32F4xx_HAL_Driver\Src\stm32f4xx_hal_flash_ramfunc.o
LOAD Drivers\STM32F4xx_HAL_Driver\Src\stm32f4xx_hal_gpio.o
LOAD Drivers\STM32F4xx_HAL_Driver\Src\stm32f4xx_hal_i2c.o
LOAD Drivers\STM32F4xx_HAL_Driver\Src\stm32f4xx_hal_i2c_ex.o
LOAD Drivers\STM32F4xx_HAL_Driver\Src\stm32f4xx_hal_pwr.o
LOAD Drivers\STM32F4xx_HAL_Driver\Src\stm32f4xx_hal_pwr_ex.o
LOAD Drivers\STM32F4xx_HAL_Driver\Src\stm32f4xx_hal_rcc.o
LOAD Drivers\STM32F4xx_HAL_Driver\Src\stm32f4xx_hal_rcc_ex.o
LOAD Drivers\STM32F4xx_HAL_Driver\Src\stm32f4xx_hal_sdram.o
LOAD Drivers\STM32F4xx_HAL_Driver\Src\stm32f4xx_hal_spi.o
LOAD Drivers\STM32F4xx_HAL_Driver\Src\stm32f4xx_hal_tim.o
LOAD Drivers\STM32F4xx_HAL_Driver\Src\stm32f4xx_hal_tim_ex.o
LOAD Drivers\STM32F4xx_HAL_Driver\Src\stm32f4xx_ll_fmc.o
LOAD Src\main.o
LOAD Src\stm32f4xx_hal_msp.o
LOAD Src\stm32f4xx_it.o
LOAD Src\syscalls.o
LOAD Src\system_stm32f4xx.o
LOAD startup\startup_stm32f429xx.o
                0x00000080                malloc_getpagesize_P = 0x80
START GROUP
LOAD c:/program files (x86)/atollic/truestudio for stm32 9.1.0/armtools/bin/../lib/gcc/arm-atollic-eabi/6.3.1/../../../../arm-atollic-eabi/lib/armv7e-m/fpu\libc_nano.a
LOAD c:/program files (x86)/atollic/truestudio for stm32 9.1.0/armtools/bin/../lib/gcc/arm-atollic-eabi/6.3.1/../../../../arm-atollic-eabi/lib/armv7e-m/fpu\libm.a
END GROUP
START GROUP
LOAD c:/program files (x86)/atollic/truestudio for stm32 9.1.0/armtools/bin/../lib/gcc/arm-atollic-eabi/6.3.1/armv7e-m/fpu\libgcc.a
LOAD c:/program files (x86)/atollic/truestudio for stm32 9.1.0/armtools/bin/../lib/gcc/arm-atollic-eabi/6.3.1/../../../../arm-atollic-eabi/lib/armv7e-m/fpu\libc_nano.a
END GROUP
START GROUP
LOAD c:/program files (x86)/atollic/truestudio for stm32 9.1.0/armtools/bin/../lib/gcc/arm-atollic-eabi/6.3.1/armv7e-m/fpu\libgcc.a
LOAD c:/program files (x86)/atollic/truestudio for stm32 9.1.0/armtools/bin/../lib/gcc/arm-atollic-eabi/6.3.1/../../../../arm-atollic-eabi/lib/armv7e-m/fpu\libc_nano.a
END GROUP
LOAD c:/program files (x86)/atollic/truestudio for stm32 9.1.0/armtools/bin/../lib/gcc/arm-atollic-eabi/6.3.1/armv7e-m/fpu/crtend.o
LOAD c:/program files (x86)/atollic/truestudio for stm32 9.1.0/armtools/bin/../lib/gcc/arm-atollic-eabi/6.3.1/armv7e-m/fpu/crtn.o
                0x20030000                _estack = 0x20030000
                0x00000200                _Min_Heap_Size = 0x200
                0x00000400                _Min_Stack_Size = 0x400

.isr_vector     0x08000000      0x1ac
                0x08000000                . = ALIGN (0x4)
 *(.isr_vector)
 .isr_vector    0x08000000      0x1ac startup\startup_stm32f429xx.o
                0x08000000                g_pfnVectors
                0x080001ac                . = ALIGN (0x4)

.text           0x080001ac     0x1ea4
                0x080001ac                . = ALIGN (0x4)
 *(.text)
 .text          0x080001ac       0x40 c:/program files (x86)/atollic/truestudio for stm32 9.1.0/armtools/bin/../lib/gcc/arm-atollic-eabi/6.3.1/armv7e-m/fpu/crtbegin.o
 .text          0x080001ec       0x30 c:/program files (x86)/atollic/truestudio for stm32 9.1.0/armtools/bin/../lib/gcc/arm-atollic-eabi/6.3.1/armv7e-m/fpu\libgcc.a(_aeabi_uldivmod.o)
                0x080001ec                __aeabi_uldivmod
 .text          0x0800021c      0x2dc c:/program files (x86)/atollic/truestudio for stm32 9.1.0/armtools/bin/../lib/gcc/arm-atollic-eabi/6.3.1/armv7e-m/fpu\libgcc.a(_udivmoddi4.o)
                0x0800021c                __udivmoddi4
 .text          0x080004f8        0x4 c:/program files (x86)/atollic/truestudio for stm32 9.1.0/armtools/bin/../lib/gcc/arm-atollic-eabi/6.3.1/armv7e-m/fpu\libgcc.a(_dvmd_tls.o)
                0x080004f8                __aeabi_idiv0
                0x080004f8                __aeabi_ldiv0
 *(.text*)
 .text.HAL_InitTick
                0x080004fc       0x48 Drivers\STM32F4xx_HAL_Driver\Src\stm32f4xx_hal.o
                0x080004fc                HAL_InitTick
 .text.HAL_Init
                0x08000544       0x34 Drivers\STM32F4xx_HAL_Driver\Src\stm32f4xx_hal.o
                0x08000544                HAL_Init
 .text.HAL_IncTick
                0x08000578       0x18 Drivers\STM32F4xx_HAL_Driver\Src\stm32f4xx_hal.o
                0x08000578                HAL_IncTick
 .text.HAL_GetTick
                0x08000590        0xc Drivers\STM32F4xx_HAL_Driver\Src\stm32f4xx_hal.o
                0x08000590                HAL_GetTick
 .text.HAL_NVIC_SetPriorityGrouping
                0x0800059c       0x24 Drivers\STM32F4xx_HAL_Driver\Src\stm32f4xx_hal_cortex.o
                0x0800059c                HAL_NVIC_SetPriorityGrouping
 .text.HAL_NVIC_SetPriority
                0x080005c0       0x68 Drivers\STM32F4xx_HAL_Driver\Src\stm32f4xx_hal_cortex.o
                0x080005c0                HAL_NVIC_SetPriority
 .text.HAL_SYSTICK_Config
                0x08000628       0x2c Drivers\STM32F4xx_HAL_Driver\Src\stm32f4xx_hal_cortex.o
                0x08000628                HAL_SYSTICK_Config
 .text.HAL_DCMI_Init
                0x08000654       0x64 Drivers\STM32F4xx_HAL_Driver\Src\stm32f4xx_hal_dcmi_ex.o
                0x08000654                HAL_DCMI_Init
 .text.HAL_GPIO_Init
                0x080006b8      0x1d8 Drivers\STM32F4xx_HAL_Driver\Src\stm32f4xx_hal_gpio.o
                0x080006b8                HAL_GPIO_Init
 .text.HAL_I2C_Init
                0x08000890       0xdc Drivers\STM32F4xx_HAL_Driver\Src\stm32f4xx_hal_i2c.o
                0x08000890                HAL_I2C_Init
 .text.HAL_I2CEx_ConfigAnalogFilter
                0x0800096c       0x3e Drivers\STM32F4xx_HAL_Driver\Src\stm32f4xx_hal_i2c_ex.o
                0x0800096c                HAL_I2CEx_ConfigAnalogFilter
 .text.HAL_I2CEx_ConfigDigitalFilter
                0x080009aa       0x3e Drivers\STM32F4xx_HAL_Driver\Src\stm32f4xx_hal_i2c_ex.o
                0x080009aa                HAL_I2CEx_ConfigDigitalFilter
 .text.HAL_RCC_OscConfig
                0x080009e8      0x304 Drivers\STM32F4xx_HAL_Driver\Src\stm32f4xx_hal_rcc.o
                0x080009e8                HAL_RCC_OscConfig
 .text.HAL_RCC_GetSysClockFreq
                0x08000cec       0x5c Drivers\STM32F4xx_HAL_Driver\Src\stm32f4xx_hal_rcc.o
                0x08000cec                HAL_RCC_GetSysClockFreq
 .text.HAL_RCC_ClockConfig
                0x08000d48      0x134 Drivers\STM32F4xx_HAL_Driver\Src\stm32f4xx_hal_rcc.o
                0x08000d48                HAL_RCC_ClockConfig
 .text.HAL_RCC_GetPCLK1Freq
                0x08000e7c       0x20 Drivers\STM32F4xx_HAL_Driver\Src\stm32f4xx_hal_rcc.o
                0x08000e7c                HAL_RCC_GetPCLK1Freq
 .text.HAL_SDRAM_Init
                0x08000e9c       0x40 Drivers\STM32F4xx_HAL_Driver\Src\stm32f4xx_hal_sdram.o
                0x08000e9c                HAL_SDRAM_Init
 .text.HAL_SPI_Init
                0x08000edc       0x7a Drivers\STM32F4xx_HAL_Driver\Src\stm32f4xx_hal_spi.o
                0x08000edc                HAL_SPI_Init
 .text.FMC_SDRAM_Init
                0x08000f56       0x7e Drivers\STM32F4xx_HAL_Driver\Src\stm32f4xx_ll_fmc.o
                0x08000f56                FMC_SDRAM_Init
 .text.FMC_SDRAM_Timing_Init
                0x08000fd4       0x90 Drivers\STM32F4xx_HAL_Driver\Src\stm32f4xx_ll_fmc.o
                0x08000fd4                FMC_SDRAM_Timing_Init
 .text.SystemClock_Config
                0x08001064       0x80 Src\main.o
                0x08001064                SystemClock_Config
 .text.startup.main
                0x080010e4      0x18c Src\main.o
                0x080010e4                main
 .text.HAL_MspInit
                0x08001270       0x38 Src\stm32f4xx_hal_msp.o
                0x08001270                HAL_MspInit
 .text.HAL_DCMI_MspInit
                0x080012a8      0x11c Src\stm32f4xx_hal_msp.o
                0x080012a8                HAL_DCMI_MspInit
 .text.HAL_I2C_MspInit
                0x080013c4       0x74 Src\stm32f4xx_hal_msp.o
                0x080013c4                HAL_I2C_MspInit
 .text.HAL_SPI_MspInit
                0x08001438       0x98 Src\stm32f4xx_hal_msp.o
                0x08001438                HAL_SPI_MspInit
 .text.HAL_SDRAM_MspInit
                0x080014d0       0xd8 Src\stm32f4xx_hal_msp.o
                0x080014d0                HAL_SDRAM_MspInit
 .text.NMI_Handler
                0x080015a8        0x2 Src\stm32f4xx_it.o
                0x080015a8                NMI_Handler
 .text.HardFault_Handler
                0x080015aa        0x2 Src\stm32f4xx_it.o
                0x080015aa                HardFault_Handler
 .text.MemManage_Handler
                0x080015ac        0x2 Src\stm32f4xx_it.o
                0x080015ac                MemManage_Handler
 .text.BusFault_Handler
                0x080015ae        0x2 Src\stm32f4xx_it.o
                0x080015ae                BusFault_Handler
 .text.UsageFault_Handler
                0x080015b0        0x2 Src\stm32f4xx_it.o
                0x080015b0                UsageFault_Handler
 .text.SVC_Handler
                0x080015b2        0x2 Src\stm32f4xx_it.o
                0x080015b2                SVC_Handler
 .text.DebugMon_Handler
                0x080015b4        0x2 Src\stm32f4xx_it.o
                0x080015b4                DebugMon_Handler
 .text.PendSV_Handler
                0x080015b6        0x2 Src\stm32f4xx_it.o
                0x080015b6                PendSV_Handler
 .text.SysTick_Handler
                0x080015b8        0x4 Src\stm32f4xx_it.o
                0x080015b8                SysTick_Handler
 .text._read    0x080015bc       0x1c Src\syscalls.o
                0x080015bc                _read
 .text._write   0x080015d8       0x32 Src\syscalls.o
                0x080015d8                _write
 *fill*         0x0800160a        0x2 
 .text._sbrk    0x0800160c       0x34 Src\syscalls.o
                0x0800160c                _sbrk
 .text._close   0x08001640        0x6 Src\syscalls.o
                0x08001640                _close
 .text._fstat   0x08001646        0xa Src\syscalls.o
                0x08001646                _fstat
 .text._isatty  0x08001650        0x4 Src\syscalls.o
                0x08001650                _isatty
 .text._lseek   0x08001654        0x4 Src\syscalls.o
                0x08001654                _lseek
 .text.SystemInit
                0x08001658       0x4c Src\system_stm32f4xx.o
                0x08001658                SystemInit
 .text.Reset_Handler
                0x080016a4       0x50 startup\startup_stm32f429xx.o
                0x080016a4                Reset_Handler
 .text.Default_Handler
                0x080016f4        0x2 startup\startup_stm32f429xx.o
                0x080016f4                RTC_Alarm_IRQHandler
                0x080016f4                HASH_RNG_IRQHandler
                0x080016f4                EXTI2_IRQHandler
                0x080016f4                TIM8_CC_IRQHandler
                0x080016f4                UART8_IRQHandler
                0x080016f4                SPI4_IRQHandler
                0x080016f4                TIM1_CC_IRQHandler
                0x080016f4                DMA2_Stream5_IRQHandler
                0x080016f4                DMA1_Stream5_IRQHandler
                0x080016f4                PVD_IRQHandler
                0x080016f4                SDIO_IRQHandler
                0x080016f4                TAMP_STAMP_IRQHandler
                0x080016f4                CAN2_RX1_IRQHandler
                0x080016f4                EXTI3_IRQHandler
                0x080016f4                TIM8_TRG_COM_TIM14_IRQHandler
                0x080016f4                TIM1_UP_TIM10_IRQHandler
                0x080016f4                TIM8_UP_TIM13_IRQHandler
                0x080016f4                I2C3_ER_IRQHandler
                0x080016f4                EXTI0_IRQHandler
                0x080016f4                I2C2_EV_IRQHandler
                0x080016f4                DMA1_Stream2_IRQHandler
                0x080016f4                CAN1_RX0_IRQHandler
                0x080016f4                FPU_IRQHandler
                0x080016f4                OTG_HS_WKUP_IRQHandler
                0x080016f4                LTDC_ER_IRQHandler
                0x080016f4                CAN2_SCE_IRQHandler
                0x080016f4                DMA2_Stream2_IRQHandler
                0x080016f4                SPI1_IRQHandler
                0x080016f4                TIM6_DAC_IRQHandler
                0x080016f4                TIM1_BRK_TIM9_IRQHandler
                0x080016f4                DCMI_IRQHandler
                0x080016f4                CAN2_RX0_IRQHandler
                0x080016f4                DMA2_Stream3_IRQHandler
                0x080016f4                USART6_IRQHandler
                0x080016f4                USART3_IRQHandler
                0x080016f4                CAN1_RX1_IRQHandler
                0x080016f4                UART5_IRQHandler
                0x080016f4                DMA2_Stream0_IRQHandler
                0x080016f4                TIM4_IRQHandler
                0x080016f4                I2C1_EV_IRQHandler
                0x080016f4                DMA1_Stream6_IRQHandler
                0x080016f4                DMA1_Stream1_IRQHandler
                0x080016f4                UART4_IRQHandler
                0x080016f4                TIM3_IRQHandler
                0x080016f4                RCC_IRQHandler
                0x080016f4                TIM8_BRK_TIM12_IRQHandler
                0x080016f4                Default_Handler
                0x080016f4                EXTI15_10_IRQHandler
                0x080016f4                ADC_IRQHandler
                0x080016f4                DMA1_Stream7_IRQHandler
                0x080016f4                SPI5_IRQHandler
                0x080016f4                TIM7_IRQHandler
                0x080016f4                CAN2_TX_IRQHandler
                0x080016f4                TIM5_IRQHandler
                0x080016f4                DMA2_Stream7_IRQHandler
                0x080016f4                I2C3_EV_IRQHandler
                0x080016f4                EXTI9_5_IRQHandler
                0x080016f4                RTC_WKUP_IRQHandler
                0x080016f4                LTDC_IRQHandler
                0x080016f4                ETH_WKUP_IRQHandler
                0x080016f4                SPI2_IRQHandler
                0x080016f4                OTG_HS_EP1_IN_IRQHandler
                0x080016f4                DMA1_Stream0_IRQHandler
                0x080016f4                CAN1_TX_IRQHandler
                0x080016f4                EXTI4_IRQHandler
                0x080016f4                ETH_IRQHandler
                0x080016f4                OTG_HS_EP1_OUT_IRQHandler
                0x080016f4                WWDG_IRQHandler
                0x080016f4                SPI6_IRQHandler
                0x080016f4                TIM2_IRQHandler
                0x080016f4                OTG_FS_WKUP_IRQHandler
                0x080016f4                TIM1_TRG_COM_TIM11_IRQHandler
                0x080016f4                OTG_HS_IRQHandler
                0x080016f4                DMA2D_IRQHandler
                0x080016f4                EXTI1_IRQHandler
                0x080016f4                UART7_IRQHandler
                0x080016f4                USART2_IRQHandler
                0x080016f4                I2C2_ER_IRQHandler
                0x080016f4                DMA2_Stream1_IRQHandler
                0x080016f4                CAN1_SCE_IRQHandler
                0x080016f4                FLASH_IRQHandler
                0x080016f4                DMA2_Stream4_IRQHandler
                0x080016f4                USART1_IRQHandler
                0x080016f4                OTG_FS_IRQHandler
                0x080016f4                SPI3_IRQHandler
                0x080016f4                DMA1_Stream4_IRQHandler
                0x080016f4                I2C1_ER_IRQHandler
                0x080016f4                FMC_IRQHandler
                0x080016f4                DMA2_Stream6_IRQHandler
                0x080016f4                SAI1_IRQHandler
                0x080016f4                DMA1_Stream3_IRQHandler
 *fill*         0x080016f6        0x2 
 .text.__errno  0x080016f8        0xc c:/program files (x86)/atollic/truestudio for stm32 9.1.0/armtools/bin/../lib/gcc/arm-atollic-eabi/6.3.1/../../../../arm-atollic-eabi/lib/armv7e-m/fpu\libc_nano.a(lib_a-errno.o)
                0x080016f8                __errno
 .text.__libc_init_array
                0x08001704       0x48 c:/program files (x86)/atollic/truestudio for stm32 9.1.0/armtools/bin/../lib/gcc/arm-atollic-eabi/6.3.1/../../../../arm-atollic-eabi/lib/armv7e-m/fpu\libc_nano.a(lib_a-init.o)
                0x08001704                __libc_init_array
 .text.memset   0x0800174c       0x10 c:/program files (x86)/atollic/truestudio for stm32 9.1.0/armtools/bin/../lib/gcc/arm-atollic-eabi/6.3.1/../../../../arm-atollic-eabi/lib/armv7e-m/fpu\libc_nano.a(lib_a-memset.o)
                0x0800174c                memset
 .text._puts_r  0x0800175c       0xb8 c:/program files (x86)/atollic/truestudio for stm32 9.1.0/armtools/bin/../lib/gcc/arm-atollic-eabi/6.3.1/../../../../arm-atollic-eabi/lib/armv7e-m/fpu\libc_nano.a(lib_a-puts.o)
                0x0800175c                _puts_r
 .text.puts     0x08001814       0x10 c:/program files (x86)/atollic/truestudio for stm32 9.1.0/armtools/bin/../lib/gcc/arm-atollic-eabi/6.3.1/../../../../arm-atollic-eabi/lib/armv7e-m/fpu\libc_nano.a(lib_a-puts.o)
                0x08001814                puts
 .text.__swbuf_r
                0x08001824       0xa4 c:/program files (x86)/atollic/truestudio for stm32 9.1.0/armtools/bin/../lib/gcc/arm-atollic-eabi/6.3.1/../../../../arm-atollic-eabi/lib/armv7e-m/fpu\libc_nano.a(lib_a-wbuf.o)
                0x08001824                __swbuf_r
 .text.__swsetup_r
                0x080018c8       0xdc c:/program files (x86)/atollic/truestudio for stm32 9.1.0/armtools/bin/../lib/gcc/arm-atollic-eabi/6.3.1/../../../../arm-atollic-eabi/lib/armv7e-m/fpu\libc_nano.a(lib_a-wsetup.o)
                0x080018c8                __swsetup_r
 .text.__sflush_r
                0x080019a4      0x110 c:/program files (x86)/atollic/truestudio for stm32 9.1.0/armtools/bin/../lib/gcc/arm-atollic-eabi/6.3.1/../../../../arm-atollic-eabi/lib/armv7e-m/fpu\libc_nano.a(lib_a-fflush.o)
                0x080019a4                __sflush_r
 .text._fflush_r
                0x08001ab4       0x54 c:/program files (x86)/atollic/truestudio for stm32 9.1.0/armtools/bin/../lib/gcc/arm-atollic-eabi/6.3.1/../../../../arm-atollic-eabi/lib/armv7e-m/fpu\libc_nano.a(lib_a-fflush.o)
                0x08001ab4                _fflush_r
 .text._cleanup_r
                0x08001b08        0xc c:/program files (x86)/atollic/truestudio for stm32 9.1.0/armtools/bin/../lib/gcc/arm-atollic-eabi/6.3.1/../../../../arm-atollic-eabi/lib/armv7e-m/fpu\libc_nano.a(lib_a-findfp.o)
                0x08001b08                _cleanup_r
 .text.std.isra.0
                0x08001b14       0x48 c:/program files (x86)/atollic/truestudio for stm32 9.1.0/armtools/bin/../lib/gcc/arm-atollic-eabi/6.3.1/../../../../arm-atollic-eabi/lib/armv7e-m/fpu\libc_nano.a(lib_a-findfp.o)
 .text.__sfmoreglue
                0x08001b5c       0x2c c:/program files (x86)/atollic/truestudio for stm32 9.1.0/armtools/bin/../lib/gcc/arm-atollic-eabi/6.3.1/../../../../arm-atollic-eabi/lib/armv7e-m/fpu\libc_nano.a(lib_a-findfp.o)
                0x08001b5c                __sfmoreglue
 .text.__sinit  0x08001b88       0x60 c:/program files (x86)/atollic/truestudio for stm32 9.1.0/armtools/bin/../lib/gcc/arm-atollic-eabi/6.3.1/../../../../arm-atollic-eabi/lib/armv7e-m/fpu\libc_nano.a(lib_a-findfp.o)
                0x08001b88                __sinit
 .text.__sfp    0x08001be8       0x78 c:/program files (x86)/atollic/truestudio for stm32 9.1.0/armtools/bin/../lib/gcc/arm-atollic-eabi/6.3.1/../../../../arm-atollic-eabi/lib/armv7e-m/fpu\libc_nano.a(lib_a-findfp.o)
                0x08001be8                __sfp
 .text._fwalk_reent
                0x08001c60       0x3c c:/program files (x86)/atollic/truestudio for stm32 9.1.0/armtools/bin/../lib/gcc/arm-atollic-eabi/6.3.1/../../../../arm-atollic-eabi/lib/armv7e-m/fpu\libc_nano.a(lib_a-fwalk.o)
                0x08001c60                _fwalk_reent
 .text.__swhatbuf_r
                0x08001c9c       0x48 c:/program files (x86)/atollic/truestudio for stm32 9.1.0/armtools/bin/../lib/gcc/arm-atollic-eabi/6.3.1/../../../../arm-atollic-eabi/lib/armv7e-m/fpu\libc_nano.a(lib_a-makebuf.o)
                0x08001c9c                __swhatbuf_r
 .text.__smakebuf_r
                0x08001ce4       0x80 c:/program files (x86)/atollic/truestudio for stm32 9.1.0/armtools/bin/../lib/gcc/arm-atollic-eabi/6.3.1/../../../../arm-atollic-eabi/lib/armv7e-m/fpu\libc_nano.a(lib_a-makebuf.o)
                0x08001ce4                __smakebuf_r
 .text._free_r  0x08001d64       0x9c c:/program files (x86)/atollic/truestudio for stm32 9.1.0/armtools/bin/../lib/gcc/arm-atollic-eabi/6.3.1/../../../../arm-atollic-eabi/lib/armv7e-m/fpu\libc_nano.a(lib_a-nano-freer.o)
                0x08001d64                _free_r
 .text._malloc_r
                0x08001e00       0xbc c:/program files (x86)/atollic/truestudio for stm32 9.1.0/armtools/bin/../lib/gcc/arm-atollic-eabi/6.3.1/../../../../arm-atollic-eabi/lib/armv7e-m/fpu\libc_nano.a(lib_a-nano-mallocr.o)
                0x08001e00                _malloc_r
 .text._sbrk_r  0x08001ebc       0x20 c:/program files (x86)/atollic/truestudio for stm32 9.1.0/armtools/bin/../lib/gcc/arm-atollic-eabi/6.3.1/../../../../arm-atollic-eabi/lib/armv7e-m/fpu\libc_nano.a(lib_a-sbrkr.o)
                0x08001ebc                _sbrk_r
 .text.__sread  0x08001edc       0x22 c:/program files (x86)/atollic/truestudio for stm32 9.1.0/armtools/bin/../lib/gcc/arm-atollic-eabi/6.3.1/../../../../arm-atollic-eabi/lib/armv7e-m/fpu\libc_nano.a(lib_a-stdio.o)
                0x08001edc                __sread
 .text.__swrite
                0x08001efe       0x38 c:/program files (x86)/atollic/truestudio for stm32 9.1.0/armtools/bin/../lib/gcc/arm-atollic-eabi/6.3.1/../../../../arm-atollic-eabi/lib/armv7e-m/fpu\libc_nano.a(lib_a-stdio.o)
                0x08001efe                __swrite
 .text.__sseek  0x08001f36       0x24 c:/program files (x86)/atollic/truestudio for stm32 9.1.0/armtools/bin/../lib/gcc/arm-atollic-eabi/6.3.1/../../../../arm-atollic-eabi/lib/armv7e-m/fpu\libc_nano.a(lib_a-stdio.o)
                0x08001f36                __sseek
 .text.__sclose
                0x08001f5a        0x8 c:/program files (x86)/atollic/truestudio for stm32 9.1.0/armtools/bin/../lib/gcc/arm-atollic-eabi/6.3.1/../../../../arm-atollic-eabi/lib/armv7e-m/fpu\libc_nano.a(lib_a-stdio.o)
                0x08001f5a                __sclose
 *fill*         0x08001f62        0x2 
 .text._write_r
                0x08001f64       0x24 c:/program files (x86)/atollic/truestudio for stm32 9.1.0/armtools/bin/../lib/gcc/arm-atollic-eabi/6.3.1/../../../../arm-atollic-eabi/lib/armv7e-m/fpu\libc_nano.a(lib_a-writer.o)
                0x08001f64                _write_r
 .text._close_r
                0x08001f88       0x20 c:/program files (x86)/atollic/truestudio for stm32 9.1.0/armtools/bin/../lib/gcc/arm-atollic-eabi/6.3.1/../../../../arm-atollic-eabi/lib/armv7e-m/fpu\libc_nano.a(lib_a-closer.o)
                0x08001f88                _close_r
 .text._fstat_r
                0x08001fa8       0x24 c:/program files (x86)/atollic/truestudio for stm32 9.1.0/armtools/bin/../lib/gcc/arm-atollic-eabi/6.3.1/../../../../arm-atollic-eabi/lib/armv7e-m/fpu\libc_nano.a(lib_a-fstatr.o)
                0x08001fa8                _fstat_r
 .text._isatty_r
                0x08001fcc       0x20 c:/program files (x86)/atollic/truestudio for stm32 9.1.0/armtools/bin/../lib/gcc/arm-atollic-eabi/6.3.1/../../../../arm-atollic-eabi/lib/armv7e-m/fpu\libc_nano.a(lib_a-isattyr.o)
                0x08001fcc                _isatty_r
 .text._lseek_r
                0x08001fec       0x24 c:/program files (x86)/atollic/truestudio for stm32 9.1.0/armtools/bin/../lib/gcc/arm-atollic-eabi/6.3.1/../../../../arm-atollic-eabi/lib/armv7e-m/fpu\libc_nano.a(lib_a-lseekr.o)
                0x08001fec                _lseek_r
 .text.__malloc_lock
                0x08002010        0x2 c:/program files (x86)/atollic/truestudio for stm32 9.1.0/armtools/bin/../lib/gcc/arm-atollic-eabi/6.3.1/../../../../arm-atollic-eabi/lib/armv7e-m/fpu\libc_nano.a(lib_a-mlock.o)
                0x08002010                __malloc_lock
 .text.__malloc_unlock
                0x08002012        0x2 c:/program files (x86)/atollic/truestudio for stm32 9.1.0/armtools/bin/../lib/gcc/arm-atollic-eabi/6.3.1/../../../../arm-atollic-eabi/lib/armv7e-m/fpu\libc_nano.a(lib_a-mlock.o)
                0x08002012                __malloc_unlock
 .text._read_r  0x08002014       0x24 c:/program files (x86)/atollic/truestudio for stm32 9.1.0/armtools/bin/../lib/gcc/arm-atollic-eabi/6.3.1/../../../../arm-atollic-eabi/lib/armv7e-m/fpu\libc_nano.a(lib_a-readr.o)
                0x08002014                _read_r
 *(.glue_7)
 .glue_7        0x08002038        0x0 linker stubs
 *(.glue_7t)
 .glue_7t       0x08002038        0x0 linker stubs
 *(.eh_frame)
 .eh_frame      0x08002038        0x0 c:/program files (x86)/atollic/truestudio for stm32 9.1.0/armtools/bin/../lib/gcc/arm-atollic-eabi/6.3.1/armv7e-m/fpu/crtbegin.o
 *(.init)
 .init          0x08002038        0x4 c:/program files (x86)/atollic/truestudio for stm32 9.1.0/armtools/bin/../lib/gcc/arm-atollic-eabi/6.3.1/armv7e-m/fpu/crti.o
                0x08002038                _init
 .init          0x0800203c        0x8 c:/program files (x86)/atollic/truestudio for stm32 9.1.0/armtools/bin/../lib/gcc/arm-atollic-eabi/6.3.1/armv7e-m/fpu/crtn.o
 *(.fini)
 .fini          0x08002044        0x4 c:/program files (x86)/atollic/truestudio for stm32 9.1.0/armtools/bin/../lib/gcc/arm-atollic-eabi/6.3.1/armv7e-m/fpu/crti.o
                0x08002044                _fini
 .fini          0x08002048        0x8 c:/program files (x86)/atollic/truestudio for stm32 9.1.0/armtools/bin/../lib/gcc/arm-atollic-eabi/6.3.1/armv7e-m/fpu/crtn.o
                0x08002050                . = ALIGN (0x4)
                0x08002050                _etext = .

.vfp11_veneer   0x08002050        0x0
 .vfp11_veneer  0x08002050        0x0 linker stubs

.v4_bx          0x08002050        0x0
 .v4_bx         0x08002050        0x0 linker stubs

.iplt           0x08002050        0x0
 .iplt          0x08002050        0x0 c:/program files (x86)/atollic/truestudio for stm32 9.1.0/armtools/bin/../lib/gcc/arm-atollic-eabi/6.3.1/armv7e-m/fpu/crtbegin.o

.rodata         0x08002050       0x8c
                0x08002050                . = ALIGN (0x4)
 *(.rodata)
 *(.rodata*)
 .rodata.main.str1.1
                0x08002050        0xe Src\main.o
 .rodata.AHBPrescTable
                0x0800205e       0x10 Src\system_stm32f4xx.o
                0x0800205e                AHBPrescTable
 .rodata.APBPrescTable
                0x0800206e        0x8 Src\system_stm32f4xx.o
                0x0800206e                APBPrescTable
 *fill*         0x08002076        0x2 
 .rodata._global_impure_ptr
                0x08002078        0x4 c:/program files (x86)/atollic/truestudio for stm32 9.1.0/armtools/bin/../lib/gcc/arm-atollic-eabi/6.3.1/../../../../arm-atollic-eabi/lib/armv7e-m/fpu\libc_nano.a(lib_a-impure.o)
                0x08002078                _global_impure_ptr
 .rodata.__sf_fake_stderr
                0x0800207c       0x20 c:/program files (x86)/atollic/truestudio for stm32 9.1.0/armtools/bin/../lib/gcc/arm-atollic-eabi/6.3.1/../../../../arm-atollic-eabi/lib/armv7e-m/fpu\libc_nano.a(lib_a-findfp.o)
                0x0800207c                __sf_fake_stderr
 .rodata.__sf_fake_stdin
                0x0800209c       0x20 c:/program files (x86)/atollic/truestudio for stm32 9.1.0/armtools/bin/../lib/gcc/arm-atollic-eabi/6.3.1/../../../../arm-atollic-eabi/lib/armv7e-m/fpu\libc_nano.a(lib_a-findfp.o)
                0x0800209c                __sf_fake_stdin
 .rodata.__sf_fake_stdout
                0x080020bc       0x20 c:/program files (x86)/atollic/truestudio for stm32 9.1.0/armtools/bin/../lib/gcc/arm-atollic-eabi/6.3.1/../../../../arm-atollic-eabi/lib/armv7e-m/fpu\libc_nano.a(lib_a-findfp.o)
                0x080020bc                __sf_fake_stdout
                0x080020dc                . = ALIGN (0x4)

.ARM.extab
 *(.ARM.extab* .gnu.linkonce.armextab.*)

.ARM            0x080020dc        0x8
                0x080020dc                __exidx_start = .
 *(.ARM.exidx*)
 .ARM.exidx     0x080020dc        0x8 c:/program files (x86)/atollic/truestudio for stm32 9.1.0/armtools/bin/../lib/gcc/arm-atollic-eabi/6.3.1/armv7e-m/fpu\libgcc.a(_udivmoddi4.o)
                0x080020e4                __exidx_end = .

.rel.dyn        0x080020e4        0x0
 .rel.iplt      0x080020e4        0x0 c:/program files (x86)/atollic/truestudio for stm32 9.1.0/armtools/bin/../lib/gcc/arm-atollic-eabi/6.3.1/armv7e-m/fpu/crtbegin.o

.preinit_array  0x080020e4        0x0
                0x080020e4                PROVIDE (__preinit_array_start, .)
 *(.preinit_array*)
                0x080020e4                PROVIDE (__preinit_array_end, .)

.init_array     0x080020e4        0x4
                0x080020e4                PROVIDE (__init_array_start, .)
 *(SORT(.init_array.*))
 *(.init_array*)
 .init_array    0x080020e4        0x4 c:/program files (x86)/atollic/truestudio for stm32 9.1.0/armtools/bin/../lib/gcc/arm-atollic-eabi/6.3.1/armv7e-m/fpu/crtbegin.o
                0x080020e8                PROVIDE (__init_array_end, .)

.fini_array     0x080020e8        0x4
                [!provide]                PROVIDE (__fini_array_start, .)
 *(SORT(.fini_array.*))
 *(.fini_array*)
 .fini_array    0x080020e8        0x4 c:/program files (x86)/atollic/truestudio for stm32 9.1.0/armtools/bin/../lib/gcc/arm-atollic-eabi/6.3.1/armv7e-m/fpu/crtbegin.o
                [!provide]                PROVIDE (__fini_array_end, .)
                0x080020ec                _sidata = LOADADDR (.data)

.data           0x20000000       0x70 load address 0x080020ec
                0x20000000                . = ALIGN (0x4)
                0x20000000                _sdata = .
 *(.data)
 *(.data*)
 .data.uwTickFreq
                0x20000000        0x1 Drivers\STM32F4xx_HAL_Driver\Src\stm32f4xx_hal.o
                0x20000000                uwTickFreq
 *fill*         0x20000001        0x3 
 .data.uwTickPrio
                0x20000004        0x4 Drivers\STM32F4xx_HAL_Driver\Src\stm32f4xx_hal.o
                0x20000004                uwTickPrio
 .data.SystemCoreClock
                0x20000008        0x4 Src\system_stm32f4xx.o
                0x20000008                SystemCoreClock
 .data._impure_ptr
                0x2000000c        0x4 c:/program files (x86)/atollic/truestudio for stm32 9.1.0/armtools/bin/../lib/gcc/arm-atollic-eabi/6.3.1/../../../../arm-atollic-eabi/lib/armv7e-m/fpu\libc_nano.a(lib_a-impure.o)
                0x2000000c                _impure_ptr
 .data.impure_data
                0x20000010       0x60 c:/program files (x86)/atollic/truestudio for stm32 9.1.0/armtools/bin/../lib/gcc/arm-atollic-eabi/6.3.1/../../../../arm-atollic-eabi/lib/armv7e-m/fpu\libc_nano.a(lib_a-impure.o)
                0x20000070                . = ALIGN (0x4)
                0x20000070                _edata = .
                0x0800215c                _siccmram = LOADADDR (.ccmram)

.igot.plt       0x20000070        0x0 load address 0x0800215c
 .igot.plt      0x20000070        0x0 c:/program files (x86)/atollic/truestudio for stm32 9.1.0/armtools/bin/../lib/gcc/arm-atollic-eabi/6.3.1/armv7e-m/fpu/crtbegin.o

.ccmram         0x10000000        0x0 load address 0x0800215c
                0x10000000                . = ALIGN (0x4)
                0x10000000                _sccmram = .
 *(.ccmram)
 *(.ccmram*)
                0x10000000                . = ALIGN (0x4)
                0x10000000                _eccmram = .
                0x10000000                . = ALIGN (0x4)

.bss            0x20000070      0x154
                0x20000070                _sbss = .
                0x20000070                __bss_start__ = _sbss
 *(.bss)
 .bss           0x20000070       0x1c c:/program files (x86)/atollic/truestudio for stm32 9.1.0/armtools/bin/../lib/gcc/arm-atollic-eabi/6.3.1/armv7e-m/fpu/crtbegin.o
 *(.bss*)
 .bss.FMC_Initialized
                0x2000008c        0x4 Src\stm32f4xx_hal_msp.o
 .bss.heap_end.9701
                0x20000090        0x4 Src\syscalls.o
 .bss.__malloc_free_list
                0x20000094        0x4 c:/program files (x86)/atollic/truestudio for stm32 9.1.0/armtools/bin/../lib/gcc/arm-atollic-eabi/6.3.1/../../../../arm-atollic-eabi/lib/armv7e-m/fpu\libc_nano.a(lib_a-nano-mallocr.o)
                0x20000094                __malloc_free_list
 .bss.__malloc_sbrk_start
                0x20000098        0x4 c:/program files (x86)/atollic/truestudio for stm32 9.1.0/armtools/bin/../lib/gcc/arm-atollic-eabi/6.3.1/../../../../arm-atollic-eabi/lib/armv7e-m/fpu\libc_nano.a(lib_a-nano-mallocr.o)
                0x20000098                __malloc_sbrk_start
 *(COMMON)
 COMMON         0x2000009c        0x4 Drivers\STM32F4xx_HAL_Driver\Src\stm32f4xx_hal.o
                0x2000009c                uwTick
 COMMON         0x200000a0      0x120 Src\main.o
                0x200000a0                hi2c1
                0x200000f4                hdcmi
                0x20000134                hspi1
                0x2000018c                hsdram1
 COMMON         0x200001c0        0x4 c:/program files (x86)/atollic/truestudio for stm32 9.1.0/armtools/bin/../lib/gcc/arm-atollic-eabi/6.3.1/../../../../arm-atollic-eabi/lib/armv7e-m/fpu\libc_nano.a(lib_a-reent.o)
                0x200001c0                errno
                0x200001c4                . = ALIGN (0x4)
                0x200001c4                _ebss = .
                0x200001c4                __bss_end__ = _ebss

._user_heap_stack
                0x200001c4      0x600
                0x200001c4                . = ALIGN (0x4)
                0x200001c4                PROVIDE (end, .)
                [!provide]                PROVIDE (_end, .)
                0x200003c4                . = (. + _Min_Heap_Size)
 *fill*         0x200001c4      0x200 
                0x200007c4                . = (. + _Min_Stack_Size)
 *fill*         0x200003c4      0x400 
                0x200007c4                . = ALIGN (0x4)

/DISCARD/
 libc.a(*)
 libm.a(*)
 libgcc.a(*)

.ARM.attributes
                0x00000000       0x30
 *(.ARM.attributes)
 .ARM.attributes
                0x00000000       0x22 c:/program files (x86)/atollic/truestudio for stm32 9.1.0/armtools/bin/../lib/gcc/arm-atollic-eabi/6.3.1/armv7e-m/fpu/crti.o
 .ARM.attributes
                0x00000022       0x34 c:/program files (x86)/atollic/truestudio for stm32 9.1.0/armtools/bin/../lib/gcc/arm-atollic-eabi/6.3.1/armv7e-m/fpu/crtbegin.o
 .ARM.attributes
                0x00000056       0x39 Drivers\STM32F4xx_HAL_Driver\Src\stm32f4xx_hal.o
 .ARM.attributes
                0x0000008f       0x39 Drivers\STM32F4xx_HAL_Driver\Src\stm32f4xx_hal_cortex.o
 .ARM.attributes
                0x000000c8       0x39 Drivers\STM32F4xx_HAL_Driver\Src\stm32f4xx_hal_dcmi_ex.o
 .ARM.attributes
                0x00000101       0x39 Drivers\STM32F4xx_HAL_Driver\Src\stm32f4xx_hal_gpio.o
 .ARM.attributes
                0x0000013a       0x39 Drivers\STM32F4xx_HAL_Driver\Src\stm32f4xx_hal_i2c.o
 .ARM.attributes
                0x00000173       0x39 Drivers\STM32F4xx_HAL_Driver\Src\stm32f4xx_hal_i2c_ex.o
 .ARM.attributes
                0x000001ac       0x39 Drivers\STM32F4xx_HAL_Driver\Src\stm32f4xx_hal_rcc.o
 .ARM.attributes
                0x000001e5       0x39 Drivers\STM32F4xx_HAL_Driver\Src\stm32f4xx_hal_sdram.o
 .ARM.attributes
                0x0000021e       0x39 Drivers\STM32F4xx_HAL_Driver\Src\stm32f4xx_hal_spi.o
 .ARM.attributes
                0x00000257       0x39 Drivers\STM32F4xx_HAL_Driver\Src\stm32f4xx_ll_fmc.o
 .ARM.attributes
                0x00000290       0x39 Src\main.o
 .ARM.attributes
                0x000002c9       0x39 Src\stm32f4xx_hal_msp.o
 .ARM.attributes
                0x00000302       0x39 Src\stm32f4xx_it.o
 .ARM.attributes
                0x0000033b       0x39 Src\syscalls.o
 .ARM.attributes
                0x00000374       0x39 Src\system_stm32f4xx.o
 .ARM.attributes
                0x000003ad       0x21 startup\startup_stm32f429xx.o
 .ARM.attributes
                0x000003ce       0x34 c:/program files (x86)/atollic/truestudio for stm32 9.1.0/armtools/bin/../lib/gcc/arm-atollic-eabi/6.3.1/../../../../arm-atollic-eabi/lib/armv7e-m/fpu\libc_nano.a(lib_a-errno.o)
 .ARM.attributes
                0x00000402       0x34 c:/program files (x86)/atollic/truestudio for stm32 9.1.0/armtools/bin/../lib/gcc/arm-atollic-eabi/6.3.1/../../../../arm-atollic-eabi/lib/armv7e-m/fpu\libc_nano.a(lib_a-impure.o)
 .ARM.attributes
                0x00000436       0x34 c:/program files (x86)/atollic/truestudio for stm32 9.1.0/armtools/bin/../lib/gcc/arm-atollic-eabi/6.3.1/../../../../arm-atollic-eabi/lib/armv7e-m/fpu\libc_nano.a(lib_a-init.o)
 .ARM.attributes
                0x0000046a       0x34 c:/program files (x86)/atollic/truestudio for stm32 9.1.0/armtools/bin/../lib/gcc/arm-atollic-eabi/6.3.1/../../../../arm-atollic-eabi/lib/armv7e-m/fpu\libc_nano.a(lib_a-memset.o)
 .ARM.attributes
                0x0000049e       0x34 c:/program files (x86)/atollic/truestudio for stm32 9.1.0/armtools/bin/../lib/gcc/arm-atollic-eabi/6.3.1/../../../../arm-atollic-eabi/lib/armv7e-m/fpu\libc_nano.a(lib_a-puts.o)
 .ARM.attributes
                0x000004d2       0x34 c:/program files (x86)/atollic/truestudio for stm32 9.1.0/armtools/bin/../lib/gcc/arm-atollic-eabi/6.3.1/../../../../arm-atollic-eabi/lib/armv7e-m/fpu\libc_nano.a(lib_a-wbuf.o)
 .ARM.attributes
                0x00000506       0x34 c:/program files (x86)/atollic/truestudio for stm32 9.1.0/armtools/bin/../lib/gcc/arm-atollic-eabi/6.3.1/../../../../arm-atollic-eabi/lib/armv7e-m/fpu\libc_nano.a(lib_a-wsetup.o)
 .ARM.attributes
                0x0000053a       0x34 c:/program files (x86)/atollic/truestudio for stm32 9.1.0/armtools/bin/../lib/gcc/arm-atollic-eabi/6.3.1/../../../../arm-atollic-eabi/lib/armv7e-m/fpu\libc_nano.a(lib_a-fflush.o)
 .ARM.attributes
                0x0000056e       0x34 c:/program files (x86)/atollic/truestudio for stm32 9.1.0/armtools/bin/../lib/gcc/arm-atollic-eabi/6.3.1/../../../../arm-atollic-eabi/lib/armv7e-m/fpu\libc_nano.a(lib_a-findfp.o)
 .ARM.attributes
                0x000005a2       0x34 c:/program files (x86)/atollic/truestudio for stm32 9.1.0/armtools/bin/../lib/gcc/arm-atollic-eabi/6.3.1/../../../../arm-atollic-eabi/lib/armv7e-m/fpu\libc_nano.a(lib_a-fwalk.o)
 .ARM.attributes
                0x000005d6       0x34 c:/program files (x86)/atollic/truestudio for stm32 9.1.0/armtools/bin/../lib/gcc/arm-atollic-eabi/6.3.1/../../../../arm-atollic-eabi/lib/armv7e-m/fpu\libc_nano.a(lib_a-makebuf.o)
 .ARM.attributes
                0x0000060a       0x34 c:/program files (x86)/atollic/truestudio for stm32 9.1.0/armtools/bin/../lib/gcc/arm-atollic-eabi/6.3.1/../../../../arm-atollic-eabi/lib/armv7e-m/fpu\libc_nano.a(lib_a-nano-freer.o)
 .ARM.attributes
                0x0000063e       0x34 c:/program files (x86)/atollic/truestudio for stm32 9.1.0/armtools/bin/../lib/gcc/arm-atollic-eabi/6.3.1/../../../../arm-atollic-eabi/lib/armv7e-m/fpu\libc_nano.a(lib_a-nano-mallocr.o)
 .ARM.attributes
                0x00000672       0x34 c:/program files (x86)/atollic/truestudio for stm32 9.1.0/armtools/bin/../lib/gcc/arm-atollic-eabi/6.3.1/../../../../arm-atollic-eabi/lib/armv7e-m/fpu\libc_nano.a(lib_a-sbrkr.o)
 .ARM.attributes
                0x000006a6       0x34 c:/program files (x86)/atollic/truestudio for stm32 9.1.0/armtools/bin/../lib/gcc/arm-atollic-eabi/6.3.1/../../../../arm-atollic-eabi/lib/armv7e-m/fpu\libc_nano.a(lib_a-stdio.o)
 .ARM.attributes
                0x000006da       0x34 c:/program files (x86)/atollic/truestudio for stm32 9.1.0/armtools/bin/../lib/gcc/arm-atollic-eabi/6.3.1/../../../../arm-atollic-eabi/lib/armv7e-m/fpu\libc_nano.a(lib_a-writer.o)
 .ARM.attributes
                0x0000070e       0x34 c:/program files (x86)/atollic/truestudio for stm32 9.1.0/armtools/bin/../lib/gcc/arm-atollic-eabi/6.3.1/../../../../arm-atollic-eabi/lib/armv7e-m/fpu\libc_nano.a(lib_a-closer.o)
 .ARM.attributes
                0x00000742       0x34 c:/program files (x86)/atollic/truestudio for stm32 9.1.0/armtools/bin/../lib/gcc/arm-atollic-eabi/6.3.1/../../../../arm-atollic-eabi/lib/armv7e-m/fpu\libc_nano.a(lib_a-fstatr.o)
 .ARM.attributes
                0x00000776       0x34 c:/program files (x86)/atollic/truestudio for stm32 9.1.0/armtools/bin/../lib/gcc/arm-atollic-eabi/6.3.1/../../../../arm-atollic-eabi/lib/armv7e-m/fpu\libc_nano.a(lib_a-isattyr.o)
 .ARM.attributes
                0x000007aa       0x34 c:/program files (x86)/atollic/truestudio for stm32 9.1.0/armtools/bin/../lib/gcc/arm-atollic-eabi/6.3.1/../../../../arm-atollic-eabi/lib/armv7e-m/fpu\libc_nano.a(lib_a-lseekr.o)
 .ARM.attributes
                0x000007de       0x34 c:/program files (x86)/atollic/truestudio for stm32 9.1.0/armtools/bin/../lib/gcc/arm-atollic-eabi/6.3.1/../../../../arm-atollic-eabi/lib/armv7e-m/fpu\libc_nano.a(lib_a-mlock.o)
 .ARM.attributes
                0x00000812       0x34 c:/program files (x86)/atollic/truestudio for stm32 9.1.0/armtools/bin/../lib/gcc/arm-atollic-eabi/6.3.1/../../../../arm-atollic-eabi/lib/armv7e-m/fpu\libc_nano.a(lib_a-readr.o)
 .ARM.attributes
                0x00000846       0x34 c:/program files (x86)/atollic/truestudio for stm32 9.1.0/armtools/bin/../lib/gcc/arm-atollic-eabi/6.3.1/../../../../arm-atollic-eabi/lib/armv7e-m/fpu\libc_nano.a(lib_a-reent.o)
 .ARM.attributes
                0x0000087a       0x22 c:/program files (x86)/atollic/truestudio for stm32 9.1.0/armtools/bin/../lib/gcc/arm-atollic-eabi/6.3.1/armv7e-m/fpu\libgcc.a(_aeabi_uldivmod.o)
 .ARM.attributes
                0x0000089c       0x34 c:/program files (x86)/atollic/truestudio for stm32 9.1.0/armtools/bin/../lib/gcc/arm-atollic-eabi/6.3.1/armv7e-m/fpu\libgcc.a(_udivmoddi4.o)
 .ARM.attributes
                0x000008d0       0x22 c:/program files (x86)/atollic/truestudio for stm32 9.1.0/armtools/bin/../lib/gcc/arm-atollic-eabi/6.3.1/armv7e-m/fpu\libgcc.a(_dvmd_tls.o)
 .ARM.attributes
                0x000008f2       0x22 c:/program files (x86)/atollic/truestudio for stm32 9.1.0/armtools/bin/../lib/gcc/arm-atollic-eabi/6.3.1/armv7e-m/fpu/crtn.o
OUTPUT(camera.elf elf32-littlearm)

.debug_info     0x00000000    0x155bd
 .debug_info    0x00000000     0x1260 Drivers\STM32F4xx_HAL_Driver\Src\stm32f4xx_hal.o
 .debug_info    0x00001260     0x177a Drivers\STM32F4xx_HAL_Driver\Src\stm32f4xx_hal_cortex.o
 .debug_info    0x000029da      0xe2b Drivers\STM32F4xx_HAL_Driver\Src\stm32f4xx_hal_dcmi_ex.o
 .debug_info    0x00003805      0xfa2 Drivers\STM32F4xx_HAL_Driver\Src\stm32f4xx_hal_gpio.o
 .debug_info    0x000047a7     0x3799 Drivers\STM32F4xx_HAL_Driver\Src\stm32f4xx_hal_i2c.o
 .debug_info    0x00007f40      0xed8 Drivers\STM32F4xx_HAL_Driver\Src\stm32f4xx_hal_i2c_ex.o
 .debug_info    0x00008e18     0x1283 Drivers\STM32F4xx_HAL_Driver\Src\stm32f4xx_hal_rcc.o
 .debug_info    0x0000a09b     0x15af Drivers\STM32F4xx_HAL_Driver\Src\stm32f4xx_hal_sdram.o
 .debug_info    0x0000b64a     0x23d2 Drivers\STM32F4xx_HAL_Driver\Src\stm32f4xx_hal_spi.o
 .debug_info    0x0000da1c     0x1730 Drivers\STM32F4xx_HAL_Driver\Src\stm32f4xx_ll_fmc.o
 .debug_info    0x0000f14c     0x1c0d Src\main.o
 .debug_info    0x00010d59     0x1de7 Src\stm32f4xx_hal_msp.o
 .debug_info    0x00012b40      0x9c9 Src\stm32f4xx_it.o
 .debug_info    0x00013509     0x12fd Src\syscalls.o
 .debug_info    0x00014806      0xd36 Src\system_stm32f4xx.o
 .debug_info    0x0001553c       0x81 startup\startup_stm32f429xx.o

.debug_abbrev   0x00000000     0x2997
 .debug_abbrev  0x00000000      0x308 Drivers\STM32F4xx_HAL_Driver\Src\stm32f4xx_hal.o
 .debug_abbrev  0x00000308      0x399 Drivers\STM32F4xx_HAL_Driver\Src\stm32f4xx_hal_cortex.o
 .debug_abbrev  0x000006a1      0x1d8 Drivers\STM32F4xx_HAL_Driver\Src\stm32f4xx_hal_dcmi_ex.o
 .debug_abbrev  0x00000879      0x268 Drivers\STM32F4xx_HAL_Driver\Src\stm32f4xx_hal_gpio.o
 .debug_abbrev  0x00000ae1      0x3b4 Drivers\STM32F4xx_HAL_Driver\Src\stm32f4xx_hal_i2c.o
 .debug_abbrev  0x00000e95      0x1e8 Drivers\STM32F4xx_HAL_Driver\Src\stm32f4xx_hal_i2c_ex.o
 .debug_abbrev  0x0000107d      0x353 Drivers\STM32F4xx_HAL_Driver\Src\stm32f4xx_hal_rcc.o
 .debug_abbrev  0x000013d0      0x2da Drivers\STM32F4xx_HAL_Driver\Src\stm32f4xx_hal_sdram.o
 .debug_abbrev  0x000016aa      0x3ac Drivers\STM32F4xx_HAL_Driver\Src\stm32f4xx_hal_spi.o
 .debug_abbrev  0x00001a56      0x24b Drivers\STM32F4xx_HAL_Driver\Src\stm32f4xx_ll_fmc.o
 .debug_abbrev  0x00001ca1      0x304 Src\main.o
 .debug_abbrev  0x00001fa5      0x2b3 Src\stm32f4xx_hal_msp.o
 .debug_abbrev  0x00002258      0x1e1 Src\stm32f4xx_it.o
 .debug_abbrev  0x00002439      0x382 Src\syscalls.o
 .debug_abbrev  0x000027bb      0x1ca Src\system_stm32f4xx.o
 .debug_abbrev  0x00002985       0x12 startup\startup_stm32f429xx.o

.debug_loc      0x00000000     0x6854
 .debug_loc     0x00000000      0x11b Drivers\STM32F4xx_HAL_Driver\Src\stm32f4xx_hal.o
 .debug_loc     0x0000011b      0x4fb Drivers\STM32F4xx_HAL_Driver\Src\stm32f4xx_hal_cortex.o
 .debug_loc     0x00000616       0x34 Drivers\STM32F4xx_HAL_Driver\Src\stm32f4xx_hal_dcmi_ex.o
 .debug_loc     0x0000064a      0x3cd Drivers\STM32F4xx_HAL_Driver\Src\stm32f4xx_hal_gpio.o
 .debug_loc     0x00000a17     0x2bba Drivers\STM32F4xx_HAL_Driver\Src\stm32f4xx_hal_i2c.o
 .debug_loc     0x000035d1       0xef Drivers\STM32F4xx_HAL_Driver\Src\stm32f4xx_hal_i2c_ex.o
 .debug_loc     0x000036c0      0x336 Drivers\STM32F4xx_HAL_Driver\Src\stm32f4xx_hal_rcc.o
 .debug_loc     0x000039f6      0x9b6 Drivers\STM32F4xx_HAL_Driver\Src\stm32f4xx_hal_sdram.o
 .debug_loc     0x000043ac     0x150f Drivers\STM32F4xx_HAL_Driver\Src\stm32f4xx_hal_spi.o
 .debug_loc     0x000058bb      0x9a3 Drivers\STM32F4xx_HAL_Driver\Src\stm32f4xx_ll_fmc.o
 .debug_loc     0x0000625e      0x155 Src\stm32f4xx_hal_msp.o
 .debug_loc     0x000063b3      0x385 Src\syscalls.o
 .debug_loc     0x00006738      0x11c Src\system_stm32f4xx.o

.debug_aranges  0x00000000      0x940
 .debug_aranges
                0x00000000       0xe8 Drivers\STM32F4xx_HAL_Driver\Src\stm32f4xx_hal.o
 .debug_aranges
                0x000000e8       0xa8 Drivers\STM32F4xx_HAL_Driver\Src\stm32f4xx_hal_cortex.o
 .debug_aranges
                0x00000190       0x20 Drivers\STM32F4xx_HAL_Driver\Src\stm32f4xx_hal_dcmi_ex.o
 .debug_aranges
                0x000001b0       0x58 Drivers\STM32F4xx_HAL_Driver\Src\stm32f4xx_hal_gpio.o
 .debug_aranges
                0x00000208      0x190 Drivers\STM32F4xx_HAL_Driver\Src\stm32f4xx_hal_i2c.o
 .debug_aranges
                0x00000398       0x28 Drivers\STM32F4xx_HAL_Driver\Src\stm32f4xx_hal_i2c_ex.o
 .debug_aranges
                0x000003c0       0x88 Drivers\STM32F4xx_HAL_Driver\Src\stm32f4xx_hal_rcc.o
 .debug_aranges
                0x00000448       0xb0 Drivers\STM32F4xx_HAL_Driver\Src\stm32f4xx_hal_sdram.o
 .debug_aranges
                0x000004f8      0x180 Drivers\STM32F4xx_HAL_Driver\Src\stm32f4xx_hal_spi.o
 .debug_aranges
                0x00000678       0xf0 Drivers\STM32F4xx_HAL_Driver\Src\stm32f4xx_ll_fmc.o
 .debug_aranges
                0x00000768       0x30 Src\main.o
 .debug_aranges
                0x00000798       0x60 Src\stm32f4xx_hal_msp.o
 .debug_aranges
                0x000007f8       0x48 Src\stm32f4xx_it.o
 .debug_aranges
                0x00000840       0xb0 Src\syscalls.o
 .debug_aranges
                0x000008f0       0x28 Src\system_stm32f4xx.o
 .debug_aranges
                0x00000918       0x28 startup\startup_stm32f429xx.o

.debug_ranges   0x00000000      0xd30
 .debug_ranges  0x00000000       0xd8 Drivers\STM32F4xx_HAL_Driver\Src\stm32f4xx_hal.o
 .debug_ranges  0x000000d8      0x138 Drivers\STM32F4xx_HAL_Driver\Src\stm32f4xx_hal_cortex.o
 .debug_ranges  0x00000210       0x10 Drivers\STM32F4xx_HAL_Driver\Src\stm32f4xx_hal_dcmi_ex.o
 .debug_ranges  0x00000220       0x68 Drivers\STM32F4xx_HAL_Driver\Src\stm32f4xx_hal_gpio.o
 .debug_ranges  0x00000288      0x358 Drivers\STM32F4xx_HAL_Driver\Src\stm32f4xx_hal_i2c.o
 .debug_ranges  0x000005e0       0x18 Drivers\STM32F4xx_HAL_Driver\Src\stm32f4xx_hal_i2c_ex.o
 .debug_ranges  0x000005f8       0xb0 Drivers\STM32F4xx_HAL_Driver\Src\stm32f4xx_hal_rcc.o
 .debug_ranges  0x000006a8       0xa0 Drivers\STM32F4xx_HAL_Driver\Src\stm32f4xx_hal_sdram.o
 .debug_ranges  0x00000748      0x1d0 Drivers\STM32F4xx_HAL_Driver\Src\stm32f4xx_hal_spi.o
 .debug_ranges  0x00000918       0xe0 Drivers\STM32F4xx_HAL_Driver\Src\stm32f4xx_ll_fmc.o
 .debug_ranges  0x000009f8       0xf0 Src\main.o
 .debug_ranges  0x00000ae8      0x110 Src\stm32f4xx_hal_msp.o
 .debug_ranges  0x00000bf8       0x38 Src\stm32f4xx_it.o
 .debug_ranges  0x00000c30       0xc8 Src\syscalls.o
 .debug_ranges  0x00000cf8       0x18 Src\system_stm32f4xx.o
 .debug_ranges  0x00000d10       0x20 startup\startup_stm32f429xx.o

.debug_line     0x00000000     0x5d20
 .debug_line    0x00000000      0x4b4 Drivers\STM32F4xx_HAL_Driver\Src\stm32f4xx_hal.o
 .debug_line    0x000004b4      0x4dc Drivers\STM32F4xx_HAL_Driver\Src\stm32f4xx_hal_cortex.o
 .debug_line    0x00000990      0x309 Drivers\STM32F4xx_HAL_Driver\Src\stm32f4xx_hal_dcmi_ex.o
 .debug_line    0x00000c99      0x48e Drivers\STM32F4xx_HAL_Driver\Src\stm32f4xx_hal_gpio.o
 .debug_line    0x00001127     0x1887 Drivers\STM32F4xx_HAL_Driver\Src\stm32f4xx_hal_i2c.o
 .debug_line    0x000029ae      0x2f4 Drivers\STM32F4xx_HAL_Driver\Src\stm32f4xx_hal_i2c_ex.o
 .debug_line    0x00002ca2      0x58b Drivers\STM32F4xx_HAL_Driver\Src\stm32f4xx_hal_rcc.o
 .debug_line    0x0000322d      0x5b4 Drivers\STM32F4xx_HAL_Driver\Src\stm32f4xx_hal_sdram.o
 .debug_line    0x000037e1      0xbb2 Drivers\STM32F4xx_HAL_Driver\Src\stm32f4xx_hal_spi.o
 .debug_line    0x00004393      0x668 Drivers\STM32F4xx_HAL_Driver\Src\stm32f4xx_ll_fmc.o
 .debug_line    0x000049fb      0x43d Src\main.o
 .debug_line    0x00004e38      0x4d2 Src\stm32f4xx_hal_msp.o
 .debug_line    0x0000530a      0x2b4 Src\stm32f4xx_it.o
 .debug_line    0x000055be      0x46e Src\syscalls.o
 .debug_line    0x00005a2c      0x275 Src\system_stm32f4xx.o
 .debug_line    0x00005ca1       0x7f startup\startup_stm32f429xx.o

.debug_str      0x00000000     0x3ce9
 .debug_str     0x00000000      0xfad Drivers\STM32F4xx_HAL_Driver\Src\stm32f4xx_hal.o
                               0x1075 (size before relaxing)
 .debug_str     0x00000fad      0x3c3 Drivers\STM32F4xx_HAL_Driver\Src\stm32f4xx_hal_cortex.o
                               0x10fe (size before relaxing)
 .debug_str     0x00001370      0x415 Drivers\STM32F4xx_HAL_Driver\Src\stm32f4xx_hal_dcmi_ex.o
                                0xae6 (size before relaxing)
 .debug_str     0x00001785      0x1d8 Drivers\STM32F4xx_HAL_Driver\Src\stm32f4xx_hal_gpio.o
                                0x983 (size before relaxing)
 .debug_str     0x0000195d      0xa89 Drivers\STM32F4xx_HAL_Driver\Src\stm32f4xx_hal_i2c.o
                               0x13bb (size before relaxing)
 .debug_str     0x000023e6       0x76 Drivers\STM32F4xx_HAL_Driver\Src\stm32f4xx_hal_i2c_ex.o
                                0xbe7 (size before relaxing)
 .debug_str     0x0000245c      0x2c9 Drivers\STM32F4xx_HAL_Driver\Src\stm32f4xx_hal_rcc.o
                                0xb56 (size before relaxing)
 .debug_str     0x00002725      0x5c5 Drivers\STM32F4xx_HAL_Driver\Src\stm32f4xx_hal_sdram.o
                                0xed6 (size before relaxing)
 .debug_str     0x00002cea      0x695 Drivers\STM32F4xx_HAL_Driver\Src\stm32f4xx_hal_spi.o
                                0xffa (size before relaxing)
 .debug_str     0x0000337f      0x4be Drivers\STM32F4xx_HAL_Driver\Src\stm32f4xx_ll_fmc.o
                                0xe4f (size before relaxing)
 .debug_str     0x0000383d       0xaa Src\main.o
                               0x1440 (size before relaxing)
 .debug_str     0x000038e7       0x72 Src\stm32f4xx_hal_msp.o
                               0x12c7 (size before relaxing)
 .debug_str     0x00003959       0xa6 Src\stm32f4xx_it.o
                                0x6e0 (size before relaxing)
 .debug_str     0x000039ff      0x2a5 Src\syscalls.o
                                0x98e (size before relaxing)
 .debug_str     0x00003ca4       0x45 Src\system_stm32f4xx.o
                                0x7e7 (size before relaxing)

.comment        0x00000000       0x7c
 .comment       0x00000000       0x7c Drivers\STM32F4xx_HAL_Driver\Src\stm32f4xx_hal.o
                                 0x7d (size before relaxing)
 .comment       0x0000007c       0x7d Drivers\STM32F4xx_HAL_Driver\Src\stm32f4xx_hal_cortex.o
 .comment       0x0000007c       0x7d Drivers\STM32F4xx_HAL_Driver\Src\stm32f4xx_hal_dcmi_ex.o
 .comment       0x0000007c       0x7d Drivers\STM32F4xx_HAL_Driver\Src\stm32f4xx_hal_gpio.o
 .comment       0x0000007c       0x7d Drivers\STM32F4xx_HAL_Driver\Src\stm32f4xx_hal_i2c.o
 .comment       0x0000007c       0x7d Drivers\STM32F4xx_HAL_Driver\Src\stm32f4xx_hal_i2c_ex.o
 .comment       0x0000007c       0x7d Drivers\STM32F4xx_HAL_Driver\Src\stm32f4xx_hal_rcc.o
 .comment       0x0000007c       0x7d Drivers\STM32F4xx_HAL_Driver\Src\stm32f4xx_hal_sdram.o
 .comment       0x0000007c       0x7d Drivers\STM32F4xx_HAL_Driver\Src\stm32f4xx_hal_spi.o
 .comment       0x0000007c       0x7d Drivers\STM32F4xx_HAL_Driver\Src\stm32f4xx_ll_fmc.o
 .comment       0x0000007c       0x7d Src\main.o
 .comment       0x0000007c       0x7d Src\stm32f4xx_hal_msp.o
 .comment       0x0000007c       0x7d Src\stm32f4xx_it.o
 .comment       0x0000007c       0x7d Src\syscalls.o
 .comment       0x0000007c       0x7d Src\system_stm32f4xx.o

.debug_frame    0x00000000     0x2080
 .debug_frame   0x00000000      0x1f0 Drivers\STM32F4xx_HAL_Driver\Src\stm32f4xx_hal.o
 .debug_frame   0x000001f0      0x158 Drivers\STM32F4xx_HAL_Driver\Src\stm32f4xx_hal_cortex.o
 .debug_frame   0x00000348       0x2c Drivers\STM32F4xx_HAL_Driver\Src\stm32f4xx_hal_dcmi_ex.o
 .debug_frame   0x00000374       0xd8 Drivers\STM32F4xx_HAL_Driver\Src\stm32f4xx_hal_gpio.o
 .debug_frame   0x0000044c      0x684 Drivers\STM32F4xx_HAL_Driver\Src\stm32f4xx_hal_i2c.o
 .debug_frame   0x00000ad0       0x44 Drivers\STM32F4xx_HAL_Driver\Src\stm32f4xx_hal_i2c_ex.o
 .debug_frame   0x00000b14      0x13c Drivers\STM32F4xx_HAL_Driver\Src\stm32f4xx_hal_rcc.o
 .debug_frame   0x00000c50      0x228 Drivers\STM32F4xx_HAL_Driver\Src\stm32f4xx_hal_sdram.o
 .debug_frame   0x00000e78      0x560 Drivers\STM32F4xx_HAL_Driver\Src\stm32f4xx_hal_spi.o
 .debug_frame   0x000013d8      0x25c Drivers\STM32F4xx_HAL_Driver\Src\stm32f4xx_ll_fmc.o
 .debug_frame   0x00001634       0x58 Src\main.o
 .debug_frame   0x0000168c      0x128 Src\stm32f4xx_hal_msp.o
 .debug_frame   0x000017b4       0xa0 Src\stm32f4xx_it.o
 .debug_frame   0x00001854      0x1a4 Src\syscalls.o
 .debug_frame   0x000019f8       0x38 Src\system_stm32f4xx.o
 .debug_frame   0x00001a30       0x20 c:/program files (x86)/atollic/truestudio for stm32 9.1.0/armtools/bin/../lib/gcc/arm-atollic-eabi/6.3.1/../../../../arm-atollic-eabi/lib/armv7e-m/fpu\libc_nano.a(lib_a-errno.o)
 .debug_frame   0x00001a50       0x2c c:/program files (x86)/atollic/truestudio for stm32 9.1.0/armtools/bin/../lib/gcc/arm-atollic-eabi/6.3.1/../../../../arm-atollic-eabi/lib/armv7e-m/fpu\libc_nano.a(lib_a-init.o)
 .debug_frame   0x00001a7c       0x20 c:/program files (x86)/atollic/truestudio for stm32 9.1.0/armtools/bin/../lib/gcc/arm-atollic-eabi/6.3.1/../../../../arm-atollic-eabi/lib/armv7e-m/fpu\libc_nano.a(lib_a-memset.o)
 .debug_frame   0x00001a9c       0x3c c:/program files (x86)/atollic/truestudio for stm32 9.1.0/armtools/bin/../lib/gcc/arm-atollic-eabi/6.3.1/../../../../arm-atollic-eabi/lib/armv7e-m/fpu\libc_nano.a(lib_a-puts.o)
 .debug_frame   0x00001ad8       0x40 c:/program files (x86)/atollic/truestudio for stm32 9.1.0/armtools/bin/../lib/gcc/arm-atollic-eabi/6.3.1/../../../../arm-atollic-eabi/lib/armv7e-m/fpu\libc_nano.a(lib_a-wbuf.o)
 .debug_frame   0x00001b18       0x2c c:/program files (x86)/atollic/truestudio for stm32 9.1.0/armtools/bin/../lib/gcc/arm-atollic-eabi/6.3.1/../../../../arm-atollic-eabi/lib/armv7e-m/fpu\libc_nano.a(lib_a-wsetup.o)
 .debug_frame   0x00001b44       0x68 c:/program files (x86)/atollic/truestudio for stm32 9.1.0/armtools/bin/../lib/gcc/arm-atollic-eabi/6.3.1/../../../../arm-atollic-eabi/lib/armv7e-m/fpu\libc_nano.a(lib_a-fflush.o)
 .debug_frame   0x00001bac      0x11c c:/program files (x86)/atollic/truestudio for stm32 9.1.0/armtools/bin/../lib/gcc/arm-atollic-eabi/6.3.1/../../../../arm-atollic-eabi/lib/armv7e-m/fpu\libc_nano.a(lib_a-findfp.o)
 .debug_frame   0x00001cc8       0x54 c:/program files (x86)/atollic/truestudio for stm32 9.1.0/armtools/bin/../lib/gcc/arm-atollic-eabi/6.3.1/../../../../arm-atollic-eabi/lib/armv7e-m/fpu\libc_nano.a(lib_a-fwalk.o)
 .debug_frame   0x00001d1c       0x58 c:/program files (x86)/atollic/truestudio for stm32 9.1.0/armtools/bin/../lib/gcc/arm-atollic-eabi/6.3.1/../../../../arm-atollic-eabi/lib/armv7e-m/fpu\libc_nano.a(lib_a-makebuf.o)
 .debug_frame   0x00001d74       0x38 c:/program files (x86)/atollic/truestudio for stm32 9.1.0/armtools/bin/../lib/gcc/arm-atollic-eabi/6.3.1/../../../../arm-atollic-eabi/lib/armv7e-m/fpu\libc_nano.a(lib_a-nano-freer.o)
 .debug_frame   0x00001dac       0x2c c:/program files (x86)/atollic/truestudio for stm32 9.1.0/armtools/bin/../lib/gcc/arm-atollic-eabi/6.3.1/../../../../arm-atollic-eabi/lib/armv7e-m/fpu\libc_nano.a(lib_a-nano-mallocr.o)
 .debug_frame   0x00001dd8       0x2c c:/program files (x86)/atollic/truestudio for stm32 9.1.0/armtools/bin/../lib/gcc/arm-atollic-eabi/6.3.1/../../../../arm-atollic-eabi/lib/armv7e-m/fpu\libc_nano.a(lib_a-sbrkr.o)
 .debug_frame   0x00001e04       0x88 c:/program files (x86)/atollic/truestudio for stm32 9.1.0/armtools/bin/../lib/gcc/arm-atollic-eabi/6.3.1/../../../../arm-atollic-eabi/lib/armv7e-m/fpu\libc_nano.a(lib_a-stdio.o)
 .debug_frame   0x00001e8c       0x2c c:/program files (x86)/atollic/truestudio for stm32 9.1.0/armtools/bin/../lib/gcc/arm-atollic-eabi/6.3.1/../../../../arm-atollic-eabi/lib/armv7e-m/fpu\libc_nano.a(lib_a-writer.o)
 .debug_frame   0x00001eb8       0x2c c:/program files (x86)/atollic/truestudio for stm32 9.1.0/armtools/bin/../lib/gcc/arm-atollic-eabi/6.3.1/../../../../arm-atollic-eabi/lib/armv7e-m/fpu\libc_nano.a(lib_a-closer.o)
 .debug_frame   0x00001ee4       0x2c c:/program files (x86)/atollic/truestudio for stm32 9.1.0/armtools/bin/../lib/gcc/arm-atollic-eabi/6.3.1/../../../../arm-atollic-eabi/lib/armv7e-m/fpu\libc_nano.a(lib_a-fstatr.o)
 .debug_frame   0x00001f10       0x2c c:/program files (x86)/atollic/truestudio for stm32 9.1.0/armtools/bin/../lib/gcc/arm-atollic-eabi/6.3.1/../../../../arm-atollic-eabi/lib/armv7e-m/fpu\libc_nano.a(lib_a-isattyr.o)
 .debug_frame   0x00001f3c       0x2c c:/program files (x86)/atollic/truestudio for stm32 9.1.0/armtools/bin/../lib/gcc/arm-atollic-eabi/6.3.1/../../../../arm-atollic-eabi/lib/armv7e-m/fpu\libc_nano.a(lib_a-lseekr.o)
 .debug_frame   0x00001f68       0x30 c:/program files (x86)/atollic/truestudio for stm32 9.1.0/armtools/bin/../lib/gcc/arm-atollic-eabi/6.3.1/../../../../arm-atollic-eabi/lib/armv7e-m/fpu\libc_nano.a(lib_a-mlock.o)
 .debug_frame   0x00001f98       0x2c c:/program files (x86)/atollic/truestudio for stm32 9.1.0/armtools/bin/../lib/gcc/arm-atollic-eabi/6.3.1/../../../../arm-atollic-eabi/lib/armv7e-m/fpu\libc_nano.a(lib_a-readr.o)
 .debug_frame   0x00001fc4       0x5c c:/program files (x86)/atollic/truestudio for stm32 9.1.0/armtools/bin/../lib/gcc/arm-atollic-eabi/6.3.1/../../../../arm-atollic-eabi/lib/armv7e-m/fpu\libc_nano.a(lib_a-reent.o)
 .debug_frame   0x00002020       0x2c c:/program files (x86)/atollic/truestudio for stm32 9.1.0/armtools/bin/../lib/gcc/arm-atollic-eabi/6.3.1/armv7e-m/fpu\libgcc.a(_aeabi_uldivmod.o)
 .debug_frame   0x0000204c       0x34 c:/program files (x86)/atollic/truestudio for stm32 9.1.0/armtools/bin/../lib/gcc/arm-atollic-eabi/6.3.1/armv7e-m/fpu\libgcc.a(_udivmoddi4.o)
