Archive member included to satisfy reference by file (symbol)

c:/program files (x86)/atollic/truestudio for stm32 9.1.0/armtools/bin/../lib/gcc/arm-atollic-eabi/6.3.1/../../../../arm-atollic-eabi/lib/armv7e-m/fpu\libc_nano.a(lib_a-errno.o)
                              Src\syscalls.o (__errno)
c:/program files (x86)/atollic/truestudio for stm32 9.1.0/armtools/bin/../lib/gcc/arm-atollic-eabi/6.3.1/../../../../arm-atollic-eabi/lib/armv7e-m/fpu\libc_nano.a(lib_a-impure.o)
                              c:/program files (x86)/atollic/truestudio for stm32 9.1.0/armtools/bin/../lib/gcc/arm-atollic-eabi/6.3.1/../../../../arm-atollic-eabi/lib/armv7e-m/fpu\libc_nano.a(lib_a-errno.o) (_impure_ptr)
c:/program files (x86)/atollic/truestudio for stm32 9.1.0/armtools/bin/../lib/gcc/arm-atollic-eabi/6.3.1/../../../../arm-atollic-eabi/lib/armv7e-m/fpu\libc_nano.a(lib_a-init.o)
                              startup\startup_stm32f429xx.o (__libc_init_array)
c:/program files (x86)/atollic/truestudio for stm32 9.1.0/armtools/bin/../lib/gcc/arm-atollic-eabi/6.3.1/../../../../arm-atollic-eabi/lib/armv7e-m/fpu\libc_nano.a(lib_a-memset.o)
                              Drivers\CMSIS\DSP_Lib\Source\ControllerFunctions\arm_pid_init_f32.o (memset)
c:/program files (x86)/atollic/truestudio for stm32 9.1.0/armtools/bin/../lib/gcc/arm-atollic-eabi/6.3.1/../../../../arm-atollic-eabi/lib/armv7e-m/fpu\libc_nano.a(lib_a-puts.o)
                              Src\main.o (puts)
c:/program files (x86)/atollic/truestudio for stm32 9.1.0/armtools/bin/../lib/gcc/arm-atollic-eabi/6.3.1/../../../../arm-atollic-eabi/lib/armv7e-m/fpu\libc_nano.a(lib_a-sprintf.o)
                              Src\main.o (sprintf)
c:/program files (x86)/atollic/truestudio for stm32 9.1.0/armtools/bin/../lib/gcc/arm-atollic-eabi/6.3.1/../../../../arm-atollic-eabi/lib/armv7e-m/fpu\libc_nano.a(lib_a-strlen.o)
                              Src\main.o (strlen)
c:/program files (x86)/atollic/truestudio for stm32 9.1.0/armtools/bin/../lib/gcc/arm-atollic-eabi/6.3.1/../../../../arm-atollic-eabi/lib/armv7e-m/fpu\libc_nano.a(lib_a-wbuf.o)
                              c:/program files (x86)/atollic/truestudio for stm32 9.1.0/armtools/bin/../lib/gcc/arm-atollic-eabi/6.3.1/../../../../arm-atollic-eabi/lib/armv7e-m/fpu\libc_nano.a(lib_a-puts.o) (__swbuf_r)
c:/program files (x86)/atollic/truestudio for stm32 9.1.0/armtools/bin/../lib/gcc/arm-atollic-eabi/6.3.1/../../../../arm-atollic-eabi/lib/armv7e-m/fpu\libc_nano.a(lib_a-wsetup.o)
                              c:/program files (x86)/atollic/truestudio for stm32 9.1.0/armtools/bin/../lib/gcc/arm-atollic-eabi/6.3.1/../../../../arm-atollic-eabi/lib/armv7e-m/fpu\libc_nano.a(lib_a-puts.o) (__swsetup_r)
c:/program files (x86)/atollic/truestudio for stm32 9.1.0/armtools/bin/../lib/gcc/arm-atollic-eabi/6.3.1/../../../../arm-atollic-eabi/lib/armv7e-m/fpu\libc_nano.a(lib_a-fflush.o)
                              c:/program files (x86)/atollic/truestudio for stm32 9.1.0/armtools/bin/../lib/gcc/arm-atollic-eabi/6.3.1/../../../../arm-atollic-eabi/lib/armv7e-m/fpu\libc_nano.a(lib_a-wbuf.o) (_fflush_r)
c:/program files (x86)/atollic/truestudio for stm32 9.1.0/armtools/bin/../lib/gcc/arm-atollic-eabi/6.3.1/../../../../arm-atollic-eabi/lib/armv7e-m/fpu\libc_nano.a(lib_a-findfp.o)
                              c:/program files (x86)/atollic/truestudio for stm32 9.1.0/armtools/bin/../lib/gcc/arm-atollic-eabi/6.3.1/../../../../arm-atollic-eabi/lib/armv7e-m/fpu\libc_nano.a(lib_a-puts.o) (__sinit)
c:/program files (x86)/atollic/truestudio for stm32 9.1.0/armtools/bin/../lib/gcc/arm-atollic-eabi/6.3.1/../../../../arm-atollic-eabi/lib/armv7e-m/fpu\libc_nano.a(lib_a-fwalk.o)
                              c:/program files (x86)/atollic/truestudio for stm32 9.1.0/armtools/bin/../lib/gcc/arm-atollic-eabi/6.3.1/../../../../arm-atollic-eabi/lib/armv7e-m/fpu\libc_nano.a(lib_a-findfp.o) (_fwalk)
c:/program files (x86)/atollic/truestudio for stm32 9.1.0/armtools/bin/../lib/gcc/arm-atollic-eabi/6.3.1/../../../../arm-atollic-eabi/lib/armv7e-m/fpu\libc_nano.a(lib_a-makebuf.o)
                              c:/program files (x86)/atollic/truestudio for stm32 9.1.0/armtools/bin/../lib/gcc/arm-atollic-eabi/6.3.1/../../../../arm-atollic-eabi/lib/armv7e-m/fpu\libc_nano.a(lib_a-wsetup.o) (__smakebuf_r)
c:/program files (x86)/atollic/truestudio for stm32 9.1.0/armtools/bin/../lib/gcc/arm-atollic-eabi/6.3.1/../../../../arm-atollic-eabi/lib/armv7e-m/fpu\libc_nano.a(lib_a-nano-freer.o)
                              c:/program files (x86)/atollic/truestudio for stm32 9.1.0/armtools/bin/../lib/gcc/arm-atollic-eabi/6.3.1/../../../../arm-atollic-eabi/lib/armv7e-m/fpu\libc_nano.a(lib_a-wsetup.o) (_free_r)
c:/program files (x86)/atollic/truestudio for stm32 9.1.0/armtools/bin/../lib/gcc/arm-atollic-eabi/6.3.1/../../../../arm-atollic-eabi/lib/armv7e-m/fpu\libc_nano.a(lib_a-nano-mallocr.o)
[...]
Memory Configuration

Name             Origin             Length             Attributes
RAM              0x20000000         0x00030000         xrw
CCMRAM           0x10000000         0x00010000         rw
FLASH            0x08000000         0x00200000         xr
*default*        0x00000000         0xffffffff

Linker script and memory map

LOAD c:/program files (x86)/atollic/truestudio for stm32 9.1.0/armtools/bin/../lib/gcc/arm-atollic-eabi/6.3.1/armv7e-m/fpu/crti.o
LOAD c:/program files (x86)/atollic/truestudio for stm32 9.1.0/armtools/bin/../lib/gcc/arm-atollic-eabi/6.3.1/armv7e-m/fpu/crtbegin.o
LOAD Drivers\CMSIS\DSP_Lib\Source\BasicMathFunctions\arm_abs_f32.o
LOAD Drivers\CMSIS\DSP_Lib\Source\BasicMathFunctions\arm_abs_q15.o
LOAD Drivers\CMSIS\DSP_Lib\Source\BasicMathFunctions\arm_abs_q31.o
LOAD Drivers\CMSIS\DSP_Lib\Source\BasicMathFunctions\arm_abs_q7.o
LOAD Drivers\CMSIS\DSP_Lib\Source\BasicMathFunctions\arm_add_f32.o
LOAD Drivers\CMSIS\DSP_Lib\Source\BasicMathFunctions\arm_add_q15.o
LOAD Drivers\CMSIS\DSP_Lib\Source\BasicMathFunctions\arm_add_q31.o
LOAD Drivers\CMSIS\DSP_Lib\Source\BasicMathFunctions\arm_add_q7.o
LOAD Drivers\CMSIS\DSP_Lib\Source\BasicMathFunctions\arm_dot_prod_f32.o
LOAD Drivers\CMSIS\DSP_Lib\Source\BasicMathFunctions\arm_dot_prod_q15.o
LOAD Drivers\CMSIS\DSP_Lib\Source\BasicMathFunctions\arm_dot_prod_q31.o
LOAD Drivers\CMSIS\DSP_Lib\Source\BasicMathFunctions\arm_dot_prod_q7.o
LOAD Drivers\CMSIS\DSP_Lib\Source\BasicMathFunctions\arm_mult_f32.o
LOAD Drivers\CMSIS\DSP_Lib\Source\BasicMathFunctions\arm_mult_q15.o
LOAD Drivers\CMSIS\DSP_Lib\Source\BasicMathFunctions\arm_mult_q31.o
LOAD Drivers\CMSIS\DSP_Lib\Source\BasicMathFunctions\arm_mult_q7.o
LOAD Drivers\CMSIS\DSP_Lib\Source\BasicMathFunctions\arm_negate_f32.o
LOAD Drivers\CMSIS\DSP_Lib\Source\BasicMathFunctions\arm_negate_q15.o
LOAD Drivers\CMSIS\DSP_Lib\Source\BasicMathFunctions\arm_negate_q31.o
LOAD Drivers\CMSIS\DSP_Lib\Source\BasicMathFunctions\arm_negate_q7.o
LOAD Drivers\CMSIS\DSP_Lib\Source\BasicMathFunctions\arm_offset_f32.o
LOAD Drivers\CMSIS\DSP_Lib\Source\BasicMathFunctions\arm_offset_q15.o
LOAD Drivers\CMSIS\DSP_Lib\Source\BasicMathFunctions\arm_offset_q31.o
LOAD Drivers\CMSIS\DSP_Lib\Source\BasicMathFunctions\arm_offset_q7.o
LOAD Drivers\CMSIS\DSP_Lib\Source\BasicMathFunctions\arm_scale_f32.o
LOAD Drivers\CMSIS\DSP_Lib\Source\BasicMathFunctions\arm_scale_q15.o
LOAD Drivers\CMSIS\DSP_Lib\Source\BasicMathFunctions\arm_scale_q31.o
LOAD Drivers\CMSIS\DSP_Lib\Source\BasicMathFunctions\arm_scale_q7.o
LOAD Drivers\CMSIS\DSP_Lib\Source\BasicMathFunctions\arm_shift_q15.o
LOAD Drivers\CMSIS\DSP_Lib\Source\BasicMathFunctions\arm_shift_q31.o
LOAD Drivers\CMSIS\DSP_Lib\Source\BasicMathFunctions\arm_shift_q7.o
LOAD Drivers\CMSIS\DSP_Lib\Source\BasicMathFunctions\arm_sub_f32.o
LOAD Drivers\CMSIS\DSP_Lib\Source\BasicMathFunctions\arm_sub_q15.o
LOAD Drivers\CMSIS\DSP_Lib\Source\BasicMathFunctions\arm_sub_q31.o
LOAD Drivers\CMSIS\DSP_Lib\Source\BasicMathFunctions\arm_sub_q7.o
LOAD Drivers\CMSIS\DSP_Lib\Source\CommonTables\arm_common_tables.o
LOAD Drivers\CMSIS\DSP_Lib\Source\CommonTables\arm_const_structs.o
LOAD Drivers\CMSIS\DSP_Lib\Source\ComplexMathFunctions\arm_cmplx_conj_f32.o
LOAD Drivers\CMSIS\DSP_Lib\Source\ComplexMathFunctions\arm_cmplx_conj_q15.o
LOAD Drivers\CMSIS\DSP_Lib\Source\ComplexMathFunctions\arm_cmplx_conj_q31.o
LOAD Drivers\CMSIS\DSP_Lib\Source\ComplexMathFunctions\arm_cmplx_dot_prod_f32.o
LOAD Drivers\CMSIS\DSP_Lib\Source\ComplexMathFunctions\arm_cmplx_dot_prod_q15.o
LOAD Drivers\CMSIS\DSP_Lib\Source\ComplexMathFunctions\arm_cmplx_dot_prod_q31.o
LOAD Drivers\CMSIS\DSP_Lib\Source\ComplexMathFunctions\arm_cmplx_mag_f32.o
LOAD Drivers\CMSIS\DSP_Lib\Source\ComplexMathFunctions\arm_cmplx_mag_q15.o
LOAD Drivers\CMSIS\DSP_Lib\Source\ComplexMathFunctions\arm_cmplx_mag_q31.o
LOAD Drivers\CMSIS\DSP_Lib\Source\ComplexMathFunctions\arm_cmplx_mag_squared_f32.o
LOAD Drivers\CMSIS\DSP_Lib\Source\ComplexMathFunctions\arm_cmplx_mag_squared_q15.o
LOAD Drivers\CMSIS\DSP_Lib\Source\ComplexMathFunctions\arm_cmplx_mag_squared_q31.o
LOAD Drivers\CMSIS\DSP_Lib\Source\ComplexMathFunctions\arm_cmplx_mult_cmplx_f32.o
LOAD Drivers\CMSIS\DSP_Lib\Source\ComplexMathFunctions\arm_cmplx_mult_cmplx_q15.o
LOAD Drivers\CMSIS\DSP_Lib\Source\ComplexMathFunctions\arm_cmplx_mult_cmplx_q31.o
LOAD Drivers\CMSIS\DSP_Lib\Source\ComplexMathFunctions\arm_cmplx_mult_real_f32.o
LOAD Drivers\CMSIS\DSP_Lib\Source\ComplexMathFunctions\arm_cmplx_mult_real_q15.o
LOAD Drivers\CMSIS\DSP_Lib\Source\ComplexMathFunctions\arm_cmplx_mult_real_q31.o
LOAD Drivers\CMSIS\DSP_Lib\Source\ControllerFunctions\arm_pid_init_f32.o
LOAD Drivers\CMSIS\DSP_Lib\Source\ControllerFunctions\arm_pid_init_q15.o
LOAD Drivers\CMSIS\DSP_Lib\Source\ControllerFunctions\arm_pid_init_q31.o
LOAD Drivers\CMSIS\DSP_Lib\Source\ControllerFunctions\arm_pid_reset_f32.o
LOAD Drivers\CMSIS\DSP_Lib\Source\ControllerFunctions\arm_pid_reset_q15.o
LOAD Drivers\CMSIS\DSP_Lib\Source\ControllerFunctions\arm_pid_reset_q31.o
LOAD Drivers\CMSIS\DSP_Lib\Source\ControllerFunctions\arm_sin_cos_f32.o
LOAD Drivers\CMSIS\DSP_Lib\Source\ControllerFunctions\arm_sin_cos_q31.o
LOAD Drivers\CMSIS\DSP_Lib\Source\FastMathFunctions\arm_cos_f32.o
LOAD Drivers\CMSIS\DSP_Lib\Source\FastMathFunctions\arm_cos_q15.o
LOAD Drivers\CMSIS\DSP_Lib\Source\FastMathFunctions\arm_cos_q31.o
LOAD Drivers\CMSIS\DSP_Lib\Source\FastMathFunctions\arm_sin_f32.o
LOAD Drivers\CMSIS\DSP_Lib\Source\FastMathFunctions\arm_sin_q15.o
LOAD Drivers\CMSIS\DSP_Lib\Source\FastMathFunctions\arm_sin_q31.o
LOAD Drivers\CMSIS\DSP_Lib\Source\FastMathFunctions\arm_sqrt_q15.o
LOAD Drivers\CMSIS\DSP_Lib\Source\FastMathFunctions\arm_sqrt_q31.o
LOAD Drivers\CMSIS\DSP_Lib\Source\FilteringFunctions\arm_biquad_cascade_df1_32x64_init_q31.o
LOAD Drivers\CMSIS\DSP_Lib\Source\FilteringFunctions\arm_biquad_cascade_df1_32x64_q31.o
LOAD Drivers\CMSIS\DSP_Lib\Source\FilteringFunctions\arm_biquad_cascade_df1_f32.o
LOAD Drivers\CMSIS\DSP_Lib\Source\FilteringFunctions\arm_biquad_cascade_df1_fast_q15.o
LOAD Drivers\CMSIS\DSP_Lib\Source\FilteringFunctions\arm_biquad_cascade_df1_fast_q31.o
LOAD Drivers\CMSIS\DSP_Lib\Source\FilteringFunctions\arm_biquad_cascade_df1_init_f32.o
LOAD Drivers\CMSIS\DSP_Lib\Source\FilteringFunctions\arm_biquad_cascade_df1_init_q15.o
LOAD Drivers\CMSIS\DSP_Lib\Source\FilteringFunctions\arm_biquad_cascade_df1_init_q31.o
LOAD Drivers\CMSIS\DSP_Lib\Source\FilteringFunctions\arm_biquad_cascade_df1_q15.o
LOAD Drivers\CMSIS\DSP_Lib\Source\FilteringFunctions\arm_biquad_cascade_df1_q31.o
LOAD Drivers\CMSIS\DSP_Lib\Source\FilteringFunctions\arm_biquad_cascade_df2T_f32.o
LOAD Drivers\CMSIS\DSP_Lib\Source\FilteringFunctions\arm_biquad_cascade_df2T_f64.o
LOAD Drivers\CMSIS\DSP_Lib\Source\FilteringFunctions\arm_biquad_cascade_df2T_init_f32.o
LOAD Drivers\CMSIS\DSP_Lib\Source\FilteringFunctions\arm_biquad_cascade_df2T_init_f64.o
LOAD Drivers\CMSIS\DSP_Lib\Source\FilteringFunctions\arm_biquad_cascade_stereo_df2T_f32.o
LOAD Drivers\CMSIS\DSP_Lib\Source\FilteringFunctions\arm_biquad_cascade_stereo_df2T_init_f32.o
LOAD Drivers\CMSIS\DSP_Lib\Source\FilteringFunctions\arm_conv_f32.o
LOAD Drivers\CMSIS\DSP_Lib\Source\FilteringFunctions\arm_conv_fast_opt_q15.o
LOAD Drivers\CMSIS\DSP_Lib\Source\FilteringFunctions\arm_conv_fast_q15.o
LOAD Drivers\CMSIS\DSP_Lib\Source\FilteringFunctions\arm_conv_fast_q31.o
LOAD Drivers\CMSIS\DSP_Lib\Source\FilteringFunctions\arm_conv_opt_q15.o
LOAD Drivers\CMSIS\DSP_Lib\Source\FilteringFunctions\arm_conv_opt_q7.o
LOAD Drivers\CMSIS\DSP_Lib\Source\FilteringFunctions\arm_conv_partial_f32.o
LOAD Drivers\CMSIS\DSP_Lib\Source\FilteringFunctions\arm_conv_partial_fast_opt_q15.o
LOAD Drivers\CMSIS\DSP_Lib\Source\FilteringFunctions\arm_conv_partial_fast_q15.o
LOAD Drivers\CMSIS\DSP_Lib\Source\FilteringFunctions\arm_conv_partial_fast_q31.o
LOAD Drivers\CMSIS\DSP_Lib\Source\FilteringFunctions\arm_conv_partial_opt_q15.o
LOAD Drivers\CMSIS\DSP_Lib\Source\FilteringFunctions\arm_conv_partial_opt_q7.o
LOAD Drivers\CMSIS\DSP_Lib\Source\FilteringFunctions\arm_conv_partial_q15.o
LOAD Drivers\CMSIS\DSP_Lib\Source\FilteringFunctions\arm_conv_partial_q31.o
LOAD Drivers\CMSIS\DSP_Lib\Source\FilteringFunctions\arm_conv_partial_q7.o
LOAD Drivers\CMSIS\DSP_Lib\Source\FilteringFunctions\arm_conv_q15.o
LOAD Drivers\CMSIS\DSP_Lib\Source\FilteringFunctions\arm_conv_q31.o
LOAD Drivers\CMSIS\DSP_Lib\Source\FilteringFunctions\arm_conv_q7.o
LOAD Drivers\CMSIS\DSP_Lib\Source\FilteringFunctions\arm_correlate_f32.o
LOAD Drivers\CMSIS\DSP_Lib\Source\FilteringFunctions\arm_correlate_fast_opt_q15.o
LOAD Drivers\CMSIS\DSP_Lib\Source\FilteringFunctions\arm_correlate_fast_q15.o
LOAD Drivers\CMSIS\DSP_Lib\Source\FilteringFunctions\arm_correlate_fast_q31.o
LOAD Drivers\CMSIS\DSP_Lib\Source\FilteringFunctions\arm_correlate_opt_q15.o
LOAD Drivers\CMSIS\DSP_Lib\Source\FilteringFunctions\arm_correlate_opt_q7.o
LOAD Drivers\CMSIS\DSP_Lib\Source\FilteringFunctions\arm_correlate_q15.o
LOAD Drivers\CMSIS\DSP_Lib\Source\FilteringFunctions\arm_correlate_q31.o
LOAD Drivers\CMSIS\DSP_Lib\Source\FilteringFunctions\arm_correlate_q7.o
LOAD Drivers\CMSIS\DSP_Lib\Source\FilteringFunctions\arm_fir_decimate_f32.o
LOAD Drivers\CMSIS\DSP_Lib\Source\FilteringFunctions\arm_fir_decimate_fast_q15.o
LOAD Drivers\CMSIS\DSP_Lib\Source\FilteringFunctions\arm_fir_decimate_fast_q31.o
LOAD Drivers\CMSIS\DSP_Lib\Source\FilteringFunctions\arm_fir_decimate_init_f32.o
LOAD Drivers\CMSIS\DSP_Lib\Source\FilteringFunctions\arm_fir_decimate_init_q15.o
LOAD Drivers\CMSIS\DSP_Lib\Source\FilteringFunctions\arm_fir_decimate_init_q31.o
LOAD Drivers\CMSIS\DSP_Lib\Source\FilteringFunctions\arm_fir_decimate_q15.o
LOAD Drivers\CMSIS\DSP_Lib\Source\FilteringFunctions\arm_fir_decimate_q31.o
LOAD Drivers\CMSIS\DSP_Lib\Source\FilteringFunctions\arm_fir_f32.o
LOAD Drivers\CMSIS\DSP_Lib\Source\FilteringFunctions\arm_fir_fast_q15.o
LOAD Drivers\CMSIS\DSP_Lib\Source\FilteringFunctions\arm_fir_fast_q31.o
LOAD Drivers\CMSIS\DSP_Lib\Source\FilteringFunctions\arm_fir_init_f32.o
LOAD Drivers\CMSIS\DSP_Lib\Source\FilteringFunctions\arm_fir_init_q15.o
LOAD Drivers\CMSIS\DSP_Lib\Source\FilteringFunctions\arm_fir_init_q31.o
LOAD Drivers\CMSIS\DSP_Lib\Source\FilteringFunctions\arm_fir_init_q7.o
LOAD Drivers\CMSIS\DSP_Lib\Source\FilteringFunctions\arm_fir_interpolate_f32.o
LOAD Drivers\CMSIS\DSP_Lib\Source\FilteringFunctions\arm_fir_interpolate_init_f32.o
LOAD Drivers\CMSIS\DSP_Lib\Source\FilteringFunctions\arm_fir_interpolate_init_q15.o
LOAD Drivers\CMSIS\DSP_Lib\Source\FilteringFunctions\arm_fir_interpolate_init_q31.o
LOAD Drivers\CMSIS\DSP_Lib\Source\FilteringFunctions\arm_fir_interpolate_q15.o
LOAD Drivers\CMSIS\DSP_Lib\Source\FilteringFunctions\arm_fir_interpolate_q31.o
LOAD Drivers\CMSIS\DSP_Lib\Source\FilteringFunctions\arm_fir_lattice_f32.o
LOAD Drivers\CMSIS\DSP_Lib\Source\FilteringFunctions\arm_fir_lattice_init_f32.o
LOAD Drivers\CMSIS\DSP_Lib\Source\FilteringFunctions\arm_fir_lattice_init_q15.o
LOAD Drivers\CMSIS\DSP_Lib\Source\FilteringFunctions\arm_fir_lattice_init_q31.o
LOAD Drivers\CMSIS\DSP_Lib\Source\FilteringFunctions\arm_fir_lattice_q15.o
LOAD Drivers\CMSIS\DSP_Lib\Source\FilteringFunctions\arm_fir_lattice_q31.o
LOAD Drivers\CMSIS\DSP_Lib\Source\FilteringFunctions\arm_fir_q15.o
LOAD Drivers\CMSIS\DSP_Lib\Source\FilteringFunctions\arm_fir_q31.o
LOAD Drivers\CMSIS\DSP_Lib\Source\FilteringFunctions\arm_fir_q7.o
LOAD Drivers\CMSIS\DSP_Lib\Source\FilteringFunctions\arm_fir_sparse_f32.o
LOAD Drivers\CMSIS\DSP_Lib\Source\FilteringFunctions\arm_fir_sparse_init_f32.o
LOAD Drivers\CMSIS\DSP_Lib\Source\FilteringFunctions\arm_fir_sparse_init_q15.o
LOAD Drivers\CMSIS\DSP_Lib\Source\FilteringFunctions\arm_fir_sparse_init_q31.o
LOAD Drivers\CMSIS\DSP_Lib\Source\FilteringFunctions\arm_fir_sparse_init_q7.o
LOAD Drivers\CMSIS\DSP_Lib\Source\FilteringFunctions\arm_fir_sparse_q15.o
LOAD Drivers\CMSIS\DSP_Lib\Source\FilteringFunctions\arm_fir_sparse_q31.o
LOAD Drivers\CMSIS\DSP_Lib\Source\FilteringFunctions\arm_fir_sparse_q7.o
LOAD Drivers\CMSIS\DSP_Lib\Source\FilteringFunctions\arm_iir_lattice_f32.o
LOAD Drivers\CMSIS\DSP_Lib\Source\FilteringFunctions\arm_iir_lattice_init_f32.o
LOAD Drivers\CMSIS\DSP_Lib\Source\FilteringFunctions\arm_iir_lattice_init_q15.o
LOAD Drivers\CMSIS\DSP_Lib\Source\FilteringFunctions\arm_iir_lattice_init_q31.o
LOAD Drivers\CMSIS\DSP_Lib\Source\FilteringFunctions\arm_iir_lattice_q15.o
LOAD Drivers\CMSIS\DSP_Lib\Source\FilteringFunctions\arm_iir_lattice_q31.o
LOAD Drivers\CMSIS\DSP_Lib\Source\FilteringFunctions\arm_lms_f32.o
LOAD Drivers\CMSIS\DSP_Lib\Source\FilteringFunctions\arm_lms_init_f32.o
LOAD Drivers\CMSIS\DSP_Lib\Source\FilteringFunctions\arm_lms_init_q15.o
LOAD Drivers\CMSIS\DSP_Lib\Source\FilteringFunctions\arm_lms_init_q31.o
LOAD Drivers\CMSIS\DSP_Lib\Source\FilteringFunctions\arm_lms_norm_f32.o
LOAD Drivers\CMSIS\DSP_Lib\Source\FilteringFunctions\arm_lms_norm_init_f32.o
LOAD Drivers\CMSIS\DSP_Lib\Source\FilteringFunctions\arm_lms_norm_init_q15.o
LOAD Drivers\CMSIS\DSP_Lib\Source\FilteringFunctions\arm_lms_norm_init_q31.o
LOAD Drivers\CMSIS\DSP_Lib\Source\FilteringFunctions\arm_lms_norm_q15.o
LOAD Drivers\CMSIS\DSP_Lib\Source\FilteringFunctions\arm_lms_norm_q31.o
LOAD Drivers\CMSIS\DSP_Lib\Source\FilteringFunctions\arm_lms_q15.o
LOAD Drivers\CMSIS\DSP_Lib\Source\FilteringFunctions\arm_lms_q31.o
LOAD Drivers\CMSIS\DSP_Lib\Source\MatrixFunctions\arm_mat_add_f32.o
LOAD Drivers\CMSIS\DSP_Lib\Source\MatrixFunctions\arm_mat_add_q15.o
LOAD Drivers\CMSIS\DSP_Lib\Source\MatrixFunctions\arm_mat_add_q31.o
LOAD Drivers\CMSIS\DSP_Lib\Source\MatrixFunctions\arm_mat_cmplx_mult_f32.o
LOAD Drivers\CMSIS\DSP_Lib\Source\MatrixFunctions\arm_mat_cmplx_mult_q15.o
LOAD Drivers\CMSIS\DSP_Lib\Source\MatrixFunctions\arm_mat_cmplx_mult_q31.o
LOAD Drivers\CMSIS\DSP_Lib\Source\MatrixFunctions\arm_mat_init_f32.o
LOAD Drivers\CMSIS\DSP_Lib\Source\MatrixFunctions\arm_mat_init_q15.o
LOAD Drivers\CMSIS\DSP_Lib\Source\MatrixFunctions\arm_mat_init_q31.o
LOAD Drivers\CMSIS\DSP_Lib\Source\MatrixFunctions\arm_mat_inverse_f32.o
LOAD Drivers\CMSIS\DSP_Lib\Source\MatrixFunctions\arm_mat_inverse_f64.o
LOAD Drivers\CMSIS\DSP_Lib\Source\MatrixFunctions\arm_mat_mult_f32.o
LOAD Drivers\CMSIS\DSP_Lib\Source\MatrixFunctions\arm_mat_mult_fast_q15.o
LOAD Drivers\CMSIS\DSP_Lib\Source\MatrixFunctions\arm_mat_mult_fast_q31.o
LOAD Drivers\CMSIS\DSP_Lib\Source\MatrixFunctions\arm_mat_mult_q15.o
LOAD Drivers\CMSIS\DSP_Lib\Source\MatrixFunctions\arm_mat_mult_q31.o
LOAD Drivers\CMSIS\DSP_Lib\Source\MatrixFunctions\arm_mat_scale_f32.o
LOAD Drivers\CMSIS\DSP_Lib\Source\MatrixFunctions\arm_mat_scale_q15.o
LOAD Drivers\CMSIS\DSP_Lib\Source\MatrixFunctions\arm_mat_scale_q31.o
LOAD Drivers\CMSIS\DSP_Lib\Source\MatrixFunctions\arm_mat_sub_f32.o
LOAD Drivers\CMSIS\DSP_Lib\Source\MatrixFunctions\arm_mat_sub_q15.o
LOAD Drivers\CMSIS\DSP_Lib\Source\MatrixFunctions\arm_mat_sub_q31.o
LOAD Drivers\CMSIS\DSP_Lib\Source\MatrixFunctions\arm_mat_trans_f32.o
LOAD Drivers\CMSIS\DSP_Lib\Source\MatrixFunctions\arm_mat_trans_q15.o
LOAD Drivers\CMSIS\DSP_Lib\Source\MatrixFunctions\arm_mat_trans_q31.o
LOAD Drivers\CMSIS\DSP_Lib\Source\StatisticsFunctions\arm_max_f32.o
LOAD Drivers\CMSIS\DSP_Lib\Source\StatisticsFunctions\arm_max_q15.o
LOAD Drivers\CMSIS\DSP_Lib\Source\StatisticsFunctions\arm_max_q31.o
LOAD Drivers\CMSIS\DSP_Lib\Source\StatisticsFunctions\arm_max_q7.o
LOAD Drivers\CMSIS\DSP_Lib\Source\StatisticsFunctions\arm_mean_f32.o
LOAD Drivers\CMSIS\DSP_Lib\Source\StatisticsFunctions\arm_mean_q15.o
LOAD Drivers\CMSIS\DSP_Lib\Source\StatisticsFunctions\arm_mean_q31.o
LOAD Drivers\CMSIS\DSP_Lib\Source\StatisticsFunctions\arm_mean_q7.o
LOAD Drivers\CMSIS\DSP_Lib\Source\StatisticsFunctions\arm_min_f32.o
LOAD Drivers\CMSIS\DSP_Lib\Source\StatisticsFunctions\arm_min_q15.o
LOAD Drivers\CMSIS\DSP_Lib\Source\StatisticsFunctions\arm_min_q31.o
LOAD Drivers\CMSIS\DSP_Lib\Source\StatisticsFunctions\arm_min_q7.o
LOAD Drivers\CMSIS\DSP_Lib\Source\StatisticsFunctions\arm_power_f32.o
LOAD Drivers\CMSIS\DSP_Lib\Source\StatisticsFunctions\arm_power_q15.o
LOAD Drivers\CMSIS\DSP_Lib\Source\StatisticsFunctions\arm_power_q31.o
LOAD Drivers\CMSIS\DSP_Lib\Source\StatisticsFunctions\arm_power_q7.o
LOAD Drivers\CMSIS\DSP_Lib\Source\StatisticsFunctions\arm_rms_f32.o
LOAD Drivers\CMSIS\DSP_Lib\Source\StatisticsFunctions\arm_rms_q15.o
LOAD Drivers\CMSIS\DSP_Lib\Source\StatisticsFunctions\arm_rms_q31.o
LOAD Drivers\CMSIS\DSP_Lib\Source\StatisticsFunctions\arm_std_f32.o
LOAD Drivers\CMSIS\DSP_Lib\Source\StatisticsFunctions\arm_std_q15.o
LOAD Drivers\CMSIS\DSP_Lib\Source\StatisticsFunctions\arm_std_q31.o
LOAD Drivers\CMSIS\DSP_Lib\Source\StatisticsFunctions\arm_var_f32.o
LOAD Drivers\CMSIS\DSP_Lib\Source\StatisticsFunctions\arm_var_q15.o
LOAD Drivers\CMSIS\DSP_Lib\Source\StatisticsFunctions\arm_var_q31.o
LOAD Drivers\CMSIS\DSP_Lib\Source\SupportFunctions\arm_copy_f32.o
LOAD Drivers\CMSIS\DSP_Lib\Source\SupportFunctions\arm_copy_q15.o
LOAD Drivers\CMSIS\DSP_Lib\Source\SupportFunctions\arm_copy_q31.o
LOAD Drivers\CMSIS\DSP_Lib\Source\SupportFunctions\arm_copy_q7.o
LOAD Drivers\CMSIS\DSP_Lib\Source\SupportFunctions\arm_fill_f32.o
LOAD Drivers\CMSIS\DSP_Lib\Source\SupportFunctions\arm_fill_q15.o
LOAD Drivers\CMSIS\DSP_Lib\Source\SupportFunctions\arm_fill_q31.o
LOAD Drivers\CMSIS\DSP_Lib\Source\SupportFunctions\arm_fill_q7.o
LOAD Drivers\CMSIS\DSP_Lib\Source\SupportFunctions\arm_float_to_q15.o
LOAD Drivers\CMSIS\DSP_Lib\Source\SupportFunctions\arm_float_to_q31.o
LOAD Drivers\CMSIS\DSP_Lib\Source\SupportFunctions\arm_float_to_q7.o
LOAD Drivers\CMSIS\DSP_Lib\Source\SupportFunctions\arm_q15_to_float.o
LOAD Drivers\CMSIS\DSP_Lib\Source\SupportFunctions\arm_q15_to_q31.o
LOAD Drivers\CMSIS\DSP_Lib\Source\SupportFunctions\arm_q15_to_q7.o
LOAD Drivers\CMSIS\DSP_Lib\Source\SupportFunctions\arm_q31_to_float.o
LOAD Drivers\CMSIS\DSP_Lib\Source\SupportFunctions\arm_q31_to_q15.o
LOAD Drivers\CMSIS\DSP_Lib\Source\SupportFunctions\arm_q31_to_q7.o
LOAD Drivers\CMSIS\DSP_Lib\Source\SupportFunctions\arm_q7_to_float.o
LOAD Drivers\CMSIS\DSP_Lib\Source\SupportFunctions\arm_q7_to_q15.o
LOAD Drivers\CMSIS\DSP_Lib\Source\SupportFunctions\arm_q7_to_q31.o
LOAD Drivers\CMSIS\DSP_Lib\Source\TransformFunctions\arm_bitreversal.o
LOAD Drivers\CMSIS\DSP_Lib\Source\TransformFunctions\arm_cfft_f32.o
LOAD Drivers\CMSIS\DSP_Lib\Source\TransformFunctions\arm_cfft_q15.o
LOAD Drivers\CMSIS\DSP_Lib\Source\TransformFunctions\arm_cfft_q31.o
LOAD Drivers\CMSIS\DSP_Lib\Source\TransformFunctions\arm_cfft_radix2_f32.o
LOAD Drivers\CMSIS\DSP_Lib\Source\TransformFunctions\arm_cfft_radix2_init_f32.o
LOAD Drivers\CMSIS\DSP_Lib\Source\TransformFunctions\arm_cfft_radix2_init_q15.o
LOAD Drivers\CMSIS\DSP_Lib\Source\TransformFunctions\arm_cfft_radix2_init_q31.o
LOAD Drivers\CMSIS\DSP_Lib\Source\TransformFunctions\arm_cfft_radix2_q15.o
LOAD Drivers\CMSIS\DSP_Lib\Source\TransformFunctions\arm_cfft_radix2_q31.o
LOAD Drivers\CMSIS\DSP_Lib\Source\TransformFunctions\arm_cfft_radix4_f32.o
LOAD Drivers\CMSIS\DSP_Lib\Source\TransformFunctions\arm_cfft_radix4_init_f32.o
LOAD Drivers\CMSIS\DSP_Lib\Source\TransformFunctions\arm_cfft_radix4_init_q15.o
LOAD Drivers\CMSIS\DSP_Lib\Source\TransformFunctions\arm_cfft_radix4_init_q31.o
LOAD Drivers\CMSIS\DSP_Lib\Source\TransformFunctions\arm_cfft_radix4_q15.o
LOAD Drivers\CMSIS\DSP_Lib\Source\TransformFunctions\arm_cfft_radix4_q31.o
LOAD Drivers\CMSIS\DSP_Lib\Source\TransformFunctions\arm_cfft_radix8_f32.o
LOAD Drivers\CMSIS\DSP_Lib\Source\TransformFunctions\arm_dct4_f32.o
LOAD Drivers\CMSIS\DSP_Lib\Source\TransformFunctions\arm_dct4_init_f32.o
LOAD Drivers\CMSIS\DSP_Lib\Source\TransformFunctions\arm_dct4_init_q15.o
LOAD Drivers\CMSIS\DSP_Lib\Source\TransformFunctions\arm_dct4_init_q31.o
LOAD Drivers\CMSIS\DSP_Lib\Source\TransformFunctions\arm_dct4_q15.o
LOAD Drivers\CMSIS\DSP_Lib\Source\TransformFunctions\arm_dct4_q31.o
LOAD Drivers\CMSIS\DSP_Lib\Source\TransformFunctions\arm_rfft_f32.o
LOAD Drivers\CMSIS\DSP_Lib\Source\TransformFunctions\arm_rfft_fast_f32.o
LOAD Drivers\CMSIS\DSP_Lib\Source\TransformFunctions\arm_rfft_fast_init_f32.o
LOAD Drivers\CMSIS\DSP_Lib\Source\TransformFunctions\arm_rfft_init_f32.o
LOAD Drivers\CMSIS\DSP_Lib\Source\TransformFunctions\arm_rfft_init_q15.o
LOAD Drivers\CMSIS\DSP_Lib\Source\TransformFunctions\arm_rfft_init_q31.o
LOAD Drivers\CMSIS\DSP_Lib\Source\TransformFunctions\arm_rfft_q15.o
LOAD Drivers\CMSIS\DSP_Lib\Source\TransformFunctions\arm_rfft_q31.o
LOAD Drivers\STM32F4xx_HAL_Driver\Src\stm32f4xx_hal.o
LOAD Drivers\STM32F4xx_HAL_Driver\Src\stm32f4xx_hal_cortex.o
LOAD Drivers\STM32F4xx_HAL_Driver\Src\stm32f4xx_hal_dcmi.o
LOAD Drivers\STM32F4xx_HAL_Driver\Src\stm32f4xx_hal_dcmi_ex.o
LOAD Drivers\STM32F4xx_HAL_Driver\Src\stm32f4xx_hal_dma.o
LOAD Drivers\STM32F4xx_HAL_Driver\Src\stm32f4xx_hal_dma_ex.o
LOAD Drivers\STM32F4xx_HAL_Driver\Src\stm32f4xx_hal_flash.o
LOAD Drivers\STM32F4xx_HAL_Driver\Src\stm32f4xx_hal_flash_ex.o
LOAD Drivers\STM32F4xx_HAL_Driver\Src\stm32f4xx_hal_flash_ramfunc.o
LOAD Drivers\STM32F4xx_HAL_Driver\Src\stm32f4xx_hal_gpio.o
LOAD Drivers\STM32F4xx_HAL_Driver\Src\stm32f4xx_hal_i2c.o
LOAD Drivers\STM32F4xx_HAL_Driver\Src\stm32f4xx_hal_i2c_ex.o
LOAD Drivers\STM32F4xx_HAL_Driver\Src\stm32f4xx_hal_pwr.o
LOAD Drivers\STM32F4xx_HAL_Driver\Src\stm32f4xx_hal_pwr_ex.o
LOAD Drivers\STM32F4xx_HAL_Driver\Src\stm32f4xx_hal_rcc.o
LOAD Drivers\STM32F4xx_HAL_Driver\Src\stm32f4xx_hal_rcc_ex.o
LOAD Drivers\STM32F4xx_HAL_Driver\Src\stm32f4xx_hal_sdram.o
LOAD Drivers\STM32F4xx_HAL_Driver\Src\stm32f4xx_hal_spi.o
LOAD Drivers\STM32F4xx_HAL_Driver\Src\stm32f4xx_hal_tim.o
LOAD Drivers\STM32F4xx_HAL_Driver\Src\stm32f4xx_hal_tim_ex.o
LOAD Drivers\STM32F4xx_HAL_Driver\Src\stm32f4xx_hal_uart.o
LOAD Drivers\STM32F4xx_HAL_Driver\Src\stm32f4xx_ll_fmc.o
LOAD Src\main.o
LOAD Src\ov7670.o
LOAD Src\stm32f4xx_hal_msp.o
LOAD Src\stm32f4xx_it.o
LOAD Src\syscalls.o
LOAD Src\system_stm32f4xx.o
LOAD startup\startup_stm32f429xx.o
                0x00000080                malloc_getpagesize_P = 0x80
START GROUP
LOAD c:/program files (x86)/atollic/truestudio for stm32 9.1.0/armtools/bin/../lib/gcc/arm-atollic-eabi/6.3.1/../../../../arm-atollic-eabi/lib/armv7e-m/fpu\libc_nano.a
LOAD c:/program files (x86)/atollic/truestudio for stm32 9.1.0/armtools/bin/../lib/gcc/arm-atollic-eabi/6.3.1/../../../../arm-atollic-eabi/lib/armv7e-m/fpu\libm.a
END GROUP
START GROUP
LOAD c:/program files (x86)/atollic/truestudio for stm32 9.1.0/armtools/bin/../lib/gcc/arm-atollic-eabi/6.3.1/armv7e-m/fpu\libgcc.a
LOAD c:/program files (x86)/atollic/truestudio for stm32 9.1.0/armtools/bin/../lib/gcc/arm-atollic-eabi/6.3.1/../../../../arm-atollic-eabi/lib/armv7e-m/fpu\libc_nano.a
END GROUP
START GROUP
LOAD c:/program files (x86)/atollic/truestudio for stm32 9.1.0/armtools/bin/../lib/gcc/arm-atollic-eabi/6.3.1/armv7e-m/fpu\libgcc.a
LOAD c:/program files (x86)/atollic/truestudio for stm32 9.1.0/armtools/bin/../lib/gcc/arm-atollic-eabi/6.3.1/../../../../arm-atollic-eabi/lib/armv7e-m/fpu\libc_nano.a
END GROUP
LOAD c:/program files (x86)/atollic/truestudio for stm32 9.1.0/armtools/bin/../lib/gcc/arm-atollic-eabi/6.3.1/armv7e-m/fpu/crtend.o
LOAD c:/program files (x86)/atollic/truestudio for stm32 9.1.0/armtools/bin/../lib/gcc/arm-atollic-eabi/6.3.1/armv7e-m/fpu/crtn.o
                0x20030000                _estack = 0x20030000
                0x00000200                _Min_Heap_Size = 0x200
                0x00000400                _Min_Stack_Size = 0x400

.isr_vector     0x08000000      0x1ac
                0x08000000                . = ALIGN (0x4)
 *(.isr_vector)
 .isr_vector    0x08000000      0x1ac startup\startup_stm32f429xx.o
                0x08000000                g_pfnVectors
                0x080001ac                . = ALIGN (0x4)

.text           0x080001b0     0x6708
                0x080001b0                . = ALIGN (0x4)
 *(.text)
 .text          0x080001b0       0x40 c:/program files (x86)/atollic/truestudio for stm32 9.1.0/armtools/bin/../lib/gcc/arm-atollic-eabi/6.3.1/armv7e-m/fpu/crtbegin.o
 .text          0x080001f0       0x10 c:/program files (x86)/atollic/truestudio for stm32 9.1.0/armtools/bin/../lib/gcc/arm-atollic-eabi/6.3.1/../../../../arm-atollic-eabi/lib/armv7e-m/fpu\libc_nano.a(lib_a-strlen.o)
                0x080001f0                strlen
 .text          0x08000200       0xa0 c:/program files (x86)/atollic/truestudio for stm32 9.1.0/armtools/bin/../lib/gcc/arm-atollic-eabi/6.3.1/../../../../arm-atollic-eabi/lib/armv7e-m/fpu\libc_nano.a(lib_a-memchr.o)
                0x08000200                memchr
 .text          0x080002a0       0x30 c:/program files (x86)/atollic/truestudio for stm32 9.1.0/armtools/bin/../lib/gcc/arm-atollic-eabi/6.3.1/armv7e-m/fpu\libgcc.a(_aeabi_uldivmod.o)
                0x080002a0                __aeabi_uldivmod
 .text          0x080002d0      0x2dc c:/program files (x86)/atollic/truestudio for stm32 9.1.0/armtools/bin/../lib/gcc/arm-atollic-eabi/6.3.1/armv7e-m/fpu\libgcc.a(_udivmoddi4.o)
                0x080002d0                __udivmoddi4
 .text          0x080005ac        0x4 c:/program files (x86)/atollic/truestudio for stm32 9.1.0/armtools/bin/../lib/gcc/arm-atollic-eabi/6.3.1/armv7e-m/fpu\libgcc.a(_dvmd_tls.o)
                0x080005ac                __aeabi_idiv0
                0x080005ac                __aeabi_ldiv0
 *(.text*)
 .text.HAL_Init
                0x080005b0       0x44 Drivers\STM32F4xx_HAL_Driver\Src\stm32f4xx_hal.o
                0x080005b0                HAL_Init
 .text.HAL_InitTick
                0x080005f4       0x60 Drivers\STM32F4xx_HAL_Driver\Src\stm32f4xx_hal.o
                0x080005f4                HAL_InitTick
 .text.HAL_IncTick
                0x08000654       0x28 Drivers\STM32F4xx_HAL_Driver\Src\stm32f4xx_hal.o
                0x08000654                HAL_IncTick
 .text.HAL_GetTick
                0x0800067c       0x18 Drivers\STM32F4xx_HAL_Driver\Src\stm32f4xx_hal.o
                0x0800067c                HAL_GetTick
 .text.HAL_Delay
                0x08000694       0x44 Drivers\STM32F4xx_HAL_Driver\Src\stm32f4xx_hal.o
                0x08000694                HAL_Delay
 .text.NVIC_SetPriorityGrouping
                0x080006d8       0x48 Drivers\STM32F4xx_HAL_Driver\Src\stm32f4xx_hal_cortex.o
 .text.NVIC_GetPriorityGrouping
                0x08000720       0x1c Drivers\STM32F4xx_HAL_Driver\Src\stm32f4xx_hal_cortex.o
 .text.NVIC_EnableIRQ
                0x0800073c       0x34 Drivers\STM32F4xx_HAL_Driver\Src\stm32f4xx_hal_cortex.o
 .text.NVIC_SetPriority
                0x08000770       0x54 Drivers\STM32F4xx_HAL_Driver\Src\stm32f4xx_hal_cortex.o
 .text.NVIC_EncodePriority
                0x080007c4       0x62 Drivers\STM32F4xx_HAL_Driver\Src\stm32f4xx_hal_cortex.o
 *fill*         0x08000826        0x2 
 .text.SysTick_Config
                0x08000828       0x44 Drivers\STM32F4xx_HAL_Driver\Src\stm32f4xx_hal_cortex.o
 .text.HAL_NVIC_SetPriorityGrouping
                0x0800086c       0x16 Drivers\STM32F4xx_HAL_Driver\Src\stm32f4xx_hal_cortex.o
                0x0800086c                HAL_NVIC_SetPriorityGrouping
 .text.HAL_NVIC_SetPriority
                0x08000882       0x38 Drivers\STM32F4xx_HAL_Driver\Src\stm32f4xx_hal_cortex.o
                0x08000882                HAL_NVIC_SetPriority
 .text.HAL_NVIC_EnableIRQ
                0x080008ba       0x1c Drivers\STM32F4xx_HAL_Driver\Src\stm32f4xx_hal_cortex.o
                0x080008ba                HAL_NVIC_EnableIRQ
 .text.HAL_SYSTICK_Config
                0x080008d6       0x18 Drivers\STM32F4xx_HAL_Driver\Src\stm32f4xx_hal_cortex.o
                0x080008d6                HAL_SYSTICK_Config
 *fill*         0x080008ee        0x2 
 .text.HAL_DCMI_Start_DMA
                0x080008f0      0x140 Drivers\STM32F4xx_HAL_Driver\Src\stm32f4xx_hal_dcmi.o
                0x080008f0                HAL_DCMI_Start_DMA
 .text.HAL_DCMI_Stop
                0x08000a30       0xb8 Drivers\STM32F4xx_HAL_Driver\Src\stm32f4xx_hal_dcmi.o
                0x08000a30                HAL_DCMI_Stop
 .text.HAL_DCMI_IRQHandler
                0x08000ae8       0xfc Drivers\STM32F4xx_HAL_Driver\Src\stm32f4xx_hal_dcmi.o
                0x08000ae8                HAL_DCMI_IRQHandler
 .text.HAL_DCMI_ErrorCallback
                0x08000be4       0x14 Drivers\STM32F4xx_HAL_Driver\Src\stm32f4xx_hal_dcmi.o
                0x08000be4                HAL_DCMI_ErrorCallback
 .text.HAL_DCMI_LineEventCallback
                0x08000bf8       0x14 Drivers\STM32F4xx_HAL_Driver\Src\stm32f4xx_hal_dcmi.o
                0x08000bf8                HAL_DCMI_LineEventCallback
 .text.HAL_DCMI_VsyncEventCallback
                0x08000c0c       0x14 Drivers\STM32F4xx_HAL_Driver\Src\stm32f4xx_hal_dcmi.o
                0x08000c0c                HAL_DCMI_VsyncEventCallback
 .text.DCMI_DMAXferCplt
                0x08000c20      0x12a Drivers\STM32F4xx_HAL_Driver\Src\stm32f4xx_hal_dcmi.o
 .text.DCMI_DMAError
                0x08000d4a       0x2e Drivers\STM32F4xx_HAL_Driver\Src\stm32f4xx_hal_dcmi.o
 .text.HAL_DCMI_Init
                0x08000d78       0xca Drivers\STM32F4xx_HAL_Driver\Src\stm32f4xx_hal_dcmi_ex.o
                0x08000d78                HAL_DCMI_Init
 *fill*         0x08000e42        0x2 
 .text.HAL_DMA_Init
                0x08000e44      0x15c Drivers\STM32F4xx_HAL_Driver\Src\stm32f4xx_hal_dma.o
                0x08000e44                HAL_DMA_Init
 .text.HAL_DMA_Start_IT
                0x08000fa0       0xc0 Drivers\STM32F4xx_HAL_Driver\Src\stm32f4xx_hal_dma.o
                0x08000fa0                HAL_DMA_Start_IT
 .text.HAL_DMA_Abort
                0x08001060       0xe0 Drivers\STM32F4xx_HAL_Driver\Src\stm32f4xx_hal_dma.o
                0x08001060                HAL_DMA_Abort
 .text.HAL_DMA_Abort_IT
                0x08001140       0x44 Drivers\STM32F4xx_HAL_Driver\Src\stm32f4xx_hal_dma.o
                0x08001140                HAL_DMA_Abort_IT
 .text.HAL_DMA_IRQHandler
                0x08001184      0x314 Drivers\STM32F4xx_HAL_Driver\Src\stm32f4xx_hal_dma.o
                0x08001184                HAL_DMA_IRQHandler
 .text.DMA_SetConfig
                0x08001498       0x5c Drivers\STM32F4xx_HAL_Driver\Src\stm32f4xx_hal_dma.o
 .text.DMA_CalcBaseAndBitshift
                0x080014f4       0x6c Drivers\STM32F4xx_HAL_Driver\Src\stm32f4xx_hal_dma.o
 .text.DMA_CheckFifoParam
                0x08001560       0xf4 Drivers\STM32F4xx_HAL_Driver\Src\stm32f4xx_hal_dma.o
 .text.HAL_DMAEx_MultiBufferStart_IT
                0x08001654     0x1478 Drivers\STM32F4xx_HAL_Driver\Src\stm32f4xx_hal_dma_ex.o
                0x08001654                HAL_DMAEx_MultiBufferStart_IT
 .text.HAL_DMAEx_ChangeMemory
                0x08002acc       0x34 Drivers\STM32F4xx_HAL_Driver\Src\stm32f4xx_hal_dma_ex.o
                0x08002acc                HAL_DMAEx_ChangeMemory
 .text.DMA_MultiBufferSetConfig
                0x08002b00       0x4c Drivers\STM32F4xx_HAL_Driver\Src\stm32f4xx_hal_dma_ex.o
 .text.HAL_GPIO_Init
                0x08002b4c      0x354 Drivers\STM32F4xx_HAL_Driver\Src\stm32f4xx_hal_gpio.o
                0x08002b4c                HAL_GPIO_Init
 .text.HAL_I2C_Init
                0x08002ea0      0x1c0 Drivers\STM32F4xx_HAL_Driver\Src\stm32f4xx_hal_i2c.o
                0x08002ea0                HAL_I2C_Init
 .text.HAL_I2C_Master_Transmit
                0x08003060      0x21c Drivers\STM32F4xx_HAL_Driver\Src\stm32f4xx_hal_i2c.o
                0x08003060                HAL_I2C_Master_Transmit
 .text.I2C_MasterRequestWrite
                0x0800327c      0x104 Drivers\STM32F4xx_HAL_Driver\Src\stm32f4xx_hal_i2c.o
 .text.I2C_WaitOnFlagUntilTimeout
                0x08003380       0xa2 Drivers\STM32F4xx_HAL_Driver\Src\stm32f4xx_hal_i2c.o
 .text.I2C_WaitOnMasterAddressFlagUntilTimeout
                0x08003422       0xdc Drivers\STM32F4xx_HAL_Driver\Src\stm32f4xx_hal_i2c.o
 .text.I2C_WaitOnTXEFlagUntilTimeout
                0x080034fe       0x7a Drivers\STM32F4xx_HAL_Driver\Src\stm32f4xx_hal_i2c.o
 .text.I2C_WaitOnBTFFlagUntilTimeout
                0x08003578       0x7a Drivers\STM32F4xx_HAL_Driver\Src\stm32f4xx_hal_i2c.o
 .text.I2C_IsAcknowledgeFailed
                0x080035f2       0x50 Drivers\STM32F4xx_HAL_Driver\Src\stm32f4xx_hal_i2c.o
 .text.HAL_I2CEx_ConfigAnalogFilter
                0x08003642       0x78 Drivers\STM32F4xx_HAL_Driver\Src\stm32f4xx_hal_i2c_ex.o
                0x08003642                HAL_I2CEx_ConfigAnalogFilter
 .text.HAL_I2CEx_ConfigDigitalFilter
                0x080036ba       0x7e Drivers\STM32F4xx_HAL_Driver\Src\stm32f4xx_hal_i2c_ex.o
                0x080036ba                HAL_I2CEx_ConfigDigitalFilter
 .text.HAL_PWREx_EnableOverDrive
                0x08003738       0xa0 Drivers\STM32F4xx_HAL_Driver\Src\stm32f4xx_hal_pwr_ex.o
                0x08003738                HAL_PWREx_EnableOverDrive
 .text.HAL_RCC_OscConfig
                0x080037d8      0x484 Drivers\STM32F4xx_HAL_Driver\Src\stm32f4xx_hal_rcc.o
                0x080037d8                HAL_RCC_OscConfig
 .text.HAL_RCC_ClockConfig
                0x08003c5c      0x1c4 Drivers\STM32F4xx_HAL_Driver\Src\stm32f4xx_hal_rcc.o
                0x08003c5c                HAL_RCC_ClockConfig
 .text.HAL_RCC_MCOConfig
                0x08003e20       0xd0 Drivers\STM32F4xx_HAL_Driver\Src\stm32f4xx_hal_rcc.o
                0x08003e20                HAL_RCC_MCOConfig
 .text.HAL_RCC_GetSysClockFreq
                0x08003ef0      0x16c Drivers\STM32F4xx_HAL_Driver\Src\stm32f4xx_hal_rcc.o
                0x08003ef0                HAL_RCC_GetSysClockFreq
 .text.HAL_RCC_GetHCLKFreq
                0x0800405c       0x18 Drivers\STM32F4xx_HAL_Driver\Src\stm32f4xx_hal_rcc.o
                0x0800405c                HAL_RCC_GetHCLKFreq
 .text.HAL_RCC_GetPCLK1Freq
                0x08004074       0x28 Drivers\STM32F4xx_HAL_Driver\Src\stm32f4xx_hal_rcc.o
                0x08004074                HAL_RCC_GetPCLK1Freq
 .text.HAL_RCC_GetPCLK2Freq
                0x0800409c       0x28 Drivers\STM32F4xx_HAL_Driver\Src\stm32f4xx_hal_rcc.o
                0x0800409c                HAL_RCC_GetPCLK2Freq
 .text.HAL_SDRAM_Init
                0x080040c4       0x68 Drivers\STM32F4xx_HAL_Driver\Src\stm32f4xx_hal_sdram.o
                0x080040c4                HAL_SDRAM_Init
 .text.HAL_SPI_Init
                0x0800412c       0xc6 Drivers\STM32F4xx_HAL_Driver\Src\stm32f4xx_hal_spi.o
                0x0800412c                HAL_SPI_Init
 .text.HAL_UART_Init
                0x080041f2       0x9a Drivers\STM32F4xx_HAL_Driver\Src\stm32f4xx_hal_uart.o
                0x080041f2                HAL_UART_Init
 .text.HAL_UART_Transmit
                0x0800428c      0x130 Drivers\STM32F4xx_HAL_Driver\Src\stm32f4xx_hal_uart.o
                0x0800428c                HAL_UART_Transmit
 .text.UART_WaitOnFlagUntilTimeout
                0x080043bc       0x94 Drivers\STM32F4xx_HAL_Driver\Src\stm32f4xx_hal_uart.o
 .text.UART_SetConfig
                0x08004450      0x438 Drivers\STM32F4xx_HAL_Driver\Src\stm32f4xx_hal_uart.o
 .text.FMC_SDRAM_Init
                0x08004888       0xe6 Drivers\STM32F4xx_HAL_Driver\Src\stm32f4xx_ll_fmc.o
                0x08004888                FMC_SDRAM_Init
 .text.FMC_SDRAM_Timing_Init
                0x0800496e       0xfe Drivers\STM32F4xx_HAL_Driver\Src\stm32f4xx_ll_fmc.o
                0x0800496e                FMC_SDRAM_Timing_Init
 .text.HAL_DCMI_FrameEventCallback
                0x08004a6c       0x20 Src\main.o
                0x08004a6c                HAL_DCMI_FrameEventCallback
 .text.main     0x08004a8c       0xec Src\main.o
                0x08004a8c                main
 .text.SystemClock_Config
                0x08004b78       0xec Src\main.o
                0x08004b78                SystemClock_Config
 .text.MX_DCMI_Init
                0x08004c64       0x50 Src\main.o
 .text.MX_I2C1_Init
                0x08004cb4       0x80 Src\main.o
 .text.MX_SPI1_Init
                0x08004d34       0x6c Src\main.o
 .text.MX_USART1_UART_Init
                0x08004da0       0x54 Src\main.o
 .text.MX_DMA_Init
                0x08004df4       0x40 Src\main.o
 .text.MX_FMC_Init
                0x08004e34       0x90 Src\main.o
 .text.MX_GPIO_Init
                0x08004ec4      0x10c Src\main.o
 .text.Error_Handler
                0x08004fd0        0xe Src\main.o
                0x08004fd0                Error_Handler
 *fill*         0x08004fde        0x2 
 .text.OV7670_init
                0x08004fe0       0x84 Src\ov7670.o
                0x08004fe0                OV7670_init
 .text.HAL_MspInit
                0x08005064       0x50 Src\stm32f4xx_hal_msp.o
                0x08005064                HAL_MspInit
 .text.HAL_DCMI_MspInit
                0x080050b4      0x20c Src\stm32f4xx_hal_msp.o
                0x080050b4                HAL_DCMI_MspInit
 .text.HAL_I2C_MspInit
                0x080052c0       0x90 Src\stm32f4xx_hal_msp.o
                0x080052c0                HAL_I2C_MspInit
 .text.HAL_SPI_MspInit
                0x08005350       0xd0 Src\stm32f4xx_hal_msp.o
                0x08005350                HAL_SPI_MspInit
 .text.HAL_UART_MspInit
                0x08005420       0x90 Src\stm32f4xx_hal_msp.o
                0x08005420                HAL_UART_MspInit
 .text.HAL_FMC_MspInit
                0x080054b0      0x118 Src\stm32f4xx_hal_msp.o
 .text.HAL_SDRAM_MspInit
                0x080055c8       0x14 Src\stm32f4xx_hal_msp.o
                0x080055c8                HAL_SDRAM_MspInit
 .text.NMI_Handler
                0x080055dc        0xe Src\stm32f4xx_it.o
                0x080055dc                NMI_Handler
 .text.HardFault_Handler
                0x080055ea        0x6 Src\stm32f4xx_it.o
                0x080055ea                HardFault_Handler
 .text.MemManage_Handler
                0x080055f0        0x6 Src\stm32f4xx_it.o
                0x080055f0                MemManage_Handler
 .text.BusFault_Handler
                0x080055f6        0x6 Src\stm32f4xx_it.o
                0x080055f6                BusFault_Handler
 .text.UsageFault_Handler
                0x080055fc        0x6 Src\stm32f4xx_it.o
                0x080055fc                UsageFault_Handler
 .text.SVC_Handler
                0x08005602        0xe Src\stm32f4xx_it.o
                0x08005602                SVC_Handler
 .text.DebugMon_Handler
                0x08005610        0xe Src\stm32f4xx_it.o
                0x08005610                DebugMon_Handler
 .text.PendSV_Handler
                0x0800561e        0xe Src\stm32f4xx_it.o
                0x0800561e                PendSV_Handler
 .text.SysTick_Handler
                0x0800562c        0xc Src\stm32f4xx_it.o
                0x0800562c                SysTick_Handler
 .text.DMA2_Stream1_IRQHandler
                0x08005638       0x14 Src\stm32f4xx_it.o
                0x08005638                DMA2_Stream1_IRQHandler
 .text.DCMI_IRQHandler
                0x0800564c       0x14 Src\stm32f4xx_it.o
                0x0800564c                DCMI_IRQHandler
 .text.ITM_SendChar
                0x08005660       0x4e Src\syscalls.o
 .text._read    0x080056ae       0x3a Src\syscalls.o
                0x080056ae                _read
 .text._write   0x080056e8       0x38 Src\syscalls.o
                0x080056e8                _write
 .text._sbrk    0x08005720       0x58 Src\syscalls.o
                0x08005720                _sbrk
 .text._close   0x08005778       0x18 Src\syscalls.o
                0x08005778                _close
 .text._fstat   0x08005790       0x20 Src\syscalls.o
                0x08005790                _fstat
 .text._isatty  0x080057b0       0x16 Src\syscalls.o
                0x080057b0                _isatty
 .text._lseek   0x080057c6       0x1a Src\syscalls.o
                0x080057c6                _lseek
 .text.SystemInit
                0x080057e0       0x6c Src\system_stm32f4xx.o
                0x080057e0                SystemInit
 .text.Reset_Handler
                0x0800584c       0x50 startup\startup_stm32f429xx.o
                0x0800584c                Reset_Handler
 .text.Default_Handler
                0x0800589c        0x2 startup\startup_stm32f429xx.o
                0x0800589c                RTC_Alarm_IRQHandler
                0x0800589c                HASH_RNG_IRQHandler
                0x0800589c                EXTI2_IRQHandler
                0x0800589c                TIM8_CC_IRQHandler
                0x0800589c                UART8_IRQHandler
                0x0800589c                SPI4_IRQHandler
                0x0800589c                TIM1_CC_IRQHandler
                0x0800589c                DMA2_Stream5_IRQHandler
                0x0800589c                DMA1_Stream5_IRQHandler
                0x0800589c                PVD_IRQHandler
                0x0800589c                SDIO_IRQHandler
                0x0800589c                TAMP_STAMP_IRQHandler
                0x0800589c                CAN2_RX1_IRQHandler
                0x0800589c                EXTI3_IRQHandler
                0x0800589c                TIM8_TRG_COM_TIM14_IRQHandler
                0x0800589c                TIM1_UP_TIM10_IRQHandler
                0x0800589c                TIM8_UP_TIM13_IRQHandler
                0x0800589c                I2C3_ER_IRQHandler
                0x0800589c                EXTI0_IRQHandler
                0x0800589c                I2C2_EV_IRQHandler
                0x0800589c                DMA1_Stream2_IRQHandler
                0x0800589c                CAN1_RX0_IRQHandler
                0x0800589c                FPU_IRQHandler
                0x0800589c                OTG_HS_WKUP_IRQHandler
                0x0800589c                LTDC_ER_IRQHandler
                0x0800589c                CAN2_SCE_IRQHandler
                0x0800589c                DMA2_Stream2_IRQHandler
                0x0800589c                SPI1_IRQHandler
                0x0800589c                TIM6_DAC_IRQHandler
                0x0800589c                TIM1_BRK_TIM9_IRQHandler
                0x0800589c                CAN2_RX0_IRQHandler
                0x0800589c                DMA2_Stream3_IRQHandler
                0x0800589c                USART6_IRQHandler
                0x0800589c                USART3_IRQHandler
                0x0800589c                CAN1_RX1_IRQHandler
                0x0800589c                UART5_IRQHandler
                0x0800589c                DMA2_Stream0_IRQHandler
                0x0800589c                TIM4_IRQHandler
                0x0800589c                I2C1_EV_IRQHandler
                0x0800589c                DMA1_Stream6_IRQHandler
                0x0800589c                DMA1_Stream1_IRQHandler
                0x0800589c                UART4_IRQHandler
                0x0800589c                TIM3_IRQHandler
                0x0800589c                RCC_IRQHandler
                0x0800589c                TIM8_BRK_TIM12_IRQHandler
                0x0800589c                Default_Handler
                0x0800589c                EXTI15_10_IRQHandler
                0x0800589c                ADC_IRQHandler
                0x0800589c                DMA1_Stream7_IRQHandler
                0x0800589c                SPI5_IRQHandler
                0x0800589c                TIM7_IRQHandler
                0x0800589c                CAN2_TX_IRQHandler
                0x0800589c                TIM5_IRQHandler
                0x0800589c                DMA2_Stream7_IRQHandler
                0x0800589c                I2C3_EV_IRQHandler
                0x0800589c                EXTI9_5_IRQHandler
                0x0800589c                RTC_WKUP_IRQHandler
                0x0800589c                LTDC_IRQHandler
                0x0800589c                ETH_WKUP_IRQHandler
                0x0800589c                SPI2_IRQHandler
                0x0800589c                OTG_HS_EP1_IN_IRQHandler
                0x0800589c                DMA1_Stream0_IRQHandler
                0x0800589c                CAN1_TX_IRQHandler
                0x0800589c                EXTI4_IRQHandler
                0x0800589c                ETH_IRQHandler
                0x0800589c                OTG_HS_EP1_OUT_IRQHandler
                0x0800589c                WWDG_IRQHandler
                0x0800589c                SPI6_IRQHandler
                0x0800589c                TIM2_IRQHandler
                0x0800589c                OTG_FS_WKUP_IRQHandler
                0x0800589c                TIM1_TRG_COM_TIM11_IRQHandler
                0x0800589c                OTG_HS_IRQHandler
                0x0800589c                DMA2D_IRQHandler
                0x0800589c                EXTI1_IRQHandler
                0x0800589c                UART7_IRQHandler
                0x0800589c                USART2_IRQHandler
                0x0800589c                I2C2_ER_IRQHandler
                0x0800589c                CAN1_SCE_IRQHandler
                0x0800589c                FLASH_IRQHandler
                0x0800589c                DMA2_Stream4_IRQHandler
                0x0800589c                USART1_IRQHandler
                0x0800589c                OTG_FS_IRQHandler
                0x0800589c                SPI3_IRQHandler
                0x0800589c                DMA1_Stream4_IRQHandler
                0x0800589c                I2C1_ER_IRQHandler
                0x0800589c                FMC_IRQHandler
                0x0800589c                DMA2_Stream6_IRQHandler
                0x0800589c                SAI1_IRQHandler
                0x0800589c                DMA1_Stream3_IRQHandler
 *fill*         0x0800589e        0x2 
 .text.__errno  0x080058a0        0xc c:/program files (x86)/atollic/truestudio for stm32 9.1.0/armtools/bin/../lib/gcc/arm-atollic-eabi/6.3.1/../../../../arm-atollic-eabi/lib/armv7e-m/fpu\libc_nano.a(lib_a-errno.o)
                0x080058a0                __errno
 .text.__libc_init_array
                0x080058ac       0x48 c:/program files (x86)/atollic/truestudio for stm32 9.1.0/armtools/bin/../lib/gcc/arm-atollic-eabi/6.3.1/../../../../arm-atollic-eabi/lib/armv7e-m/fpu\libc_nano.a(lib_a-init.o)
                0x080058ac                __libc_init_array
 .text.memset   0x080058f4       0x10 c:/program files (x86)/atollic/truestudio for stm32 9.1.0/armtools/bin/../lib/gcc/arm-atollic-eabi/6.3.1/../../../../arm-atollic-eabi/lib/armv7e-m/fpu\libc_nano.a(lib_a-memset.o)
                0x080058f4                memset
 .text._puts_r  0x08005904       0xb8 c:/program files (x86)/atollic/truestudio for stm32 9.1.0/armtools/bin/../lib/gcc/arm-atollic-eabi/6.3.1/../../../../arm-atollic-eabi/lib/armv7e-m/fpu\libc_nano.a(lib_a-puts.o)
                0x08005904                _puts_r
 .text.puts     0x080059bc       0x10 c:/program files (x86)/atollic/truestudio for stm32 9.1.0/armtools/bin/../lib/gcc/arm-atollic-eabi/6.3.1/../../../../arm-atollic-eabi/lib/armv7e-m/fpu\libc_nano.a(lib_a-puts.o)
                0x080059bc                puts
 .text.sprintf  0x080059cc       0x48 c:/program files (x86)/atollic/truestudio for stm32 9.1.0/armtools/bin/../lib/gcc/arm-atollic-eabi/6.3.1/../../../../arm-atollic-eabi/lib/armv7e-m/fpu\libc_nano.a(lib_a-sprintf.o)
                0x080059cc                siprintf
                0x080059cc                sprintf
 .text.__swbuf_r
                0x08005a14       0xa4 c:/program files (x86)/atollic/truestudio for stm32 9.1.0/armtools/bin/../lib/gcc/arm-atollic-eabi/6.3.1/../../../../arm-atollic-eabi/lib/armv7e-m/fpu\libc_nano.a(lib_a-wbuf.o)
                0x08005a14                __swbuf_r
 .text.__swsetup_r
                0x08005ab8       0xdc c:/program files (x86)/atollic/truestudio for stm32 9.1.0/armtools/bin/../lib/gcc/arm-atollic-eabi/6.3.1/../../../../arm-atollic-eabi/lib/armv7e-m/fpu\libc_nano.a(lib_a-wsetup.o)
                0x08005ab8                __swsetup_r
 .text.__sflush_r
                0x08005b94      0x110 c:/program files (x86)/atollic/truestudio for stm32 9.1.0/armtools/bin/../lib/gcc/arm-atollic-eabi/6.3.1/../../../../arm-atollic-eabi/lib/armv7e-m/fpu\libc_nano.a(lib_a-fflush.o)
                0x08005b94                __sflush_r
 .text._fflush_r
                0x08005ca4       0x54 c:/program files (x86)/atollic/truestudio for stm32 9.1.0/armtools/bin/../lib/gcc/arm-atollic-eabi/6.3.1/../../../../arm-atollic-eabi/lib/armv7e-m/fpu\libc_nano.a(lib_a-fflush.o)
                0x08005ca4                _fflush_r
 .text._cleanup_r
                0x08005cf8        0xc c:/program files (x86)/atollic/truestudio for stm32 9.1.0/armtools/bin/../lib/gcc/arm-atollic-eabi/6.3.1/../../../../arm-atollic-eabi/lib/armv7e-m/fpu\libc_nano.a(lib_a-findfp.o)
                0x08005cf8                _cleanup_r
 .text.std.isra.0
                0x08005d04       0x48 c:/program files (x86)/atollic/truestudio for stm32 9.1.0/armtools/bin/../lib/gcc/arm-atollic-eabi/6.3.1/../../../../arm-atollic-eabi/lib/armv7e-m/fpu\libc_nano.a(lib_a-findfp.o)
 .text.__sfmoreglue
                0x08005d4c       0x2c c:/program files (x86)/atollic/truestudio for stm32 9.1.0/armtools/bin/../lib/gcc/arm-atollic-eabi/6.3.1/../../../../arm-atollic-eabi/lib/armv7e-m/fpu\libc_nano.a(lib_a-findfp.o)
                0x08005d4c                __sfmoreglue
 .text.__sinit  0x08005d78       0x60 c:/program files (x86)/atollic/truestudio for stm32 9.1.0/armtools/bin/../lib/gcc/arm-atollic-eabi/6.3.1/../../../../arm-atollic-eabi/lib/armv7e-m/fpu\libc_nano.a(lib_a-findfp.o)
                0x08005d78                __sinit
 .text.__sfp    0x08005dd8       0x78 c:/program files (x86)/atollic/truestudio for stm32 9.1.0/armtools/bin/../lib/gcc/arm-atollic-eabi/6.3.1/../../../../arm-atollic-eabi/lib/armv7e-m/fpu\libc_nano.a(lib_a-findfp.o)
                0x08005dd8                __sfp
 .text._fwalk_reent
                0x08005e50       0x3c c:/program files (x86)/atollic/truestudio for stm32 9.1.0/armtools/bin/../lib/gcc/arm-atollic-eabi/6.3.1/../../../../arm-atollic-eabi/lib/armv7e-m/fpu\libc_nano.a(lib_a-fwalk.o)
                0x08005e50                _fwalk_reent
 .text.__swhatbuf_r
                0x08005e8c       0x48 c:/program files (x86)/atollic/truestudio for stm32 9.1.0/armtools/bin/../lib/gcc/arm-atollic-eabi/6.3.1/../../../../arm-atollic-eabi/lib/armv7e-m/fpu\libc_nano.a(lib_a-makebuf.o)
                0x08005e8c                __swhatbuf_r
 .text.__smakebuf_r
                0x08005ed4       0x80 c:/program files (x86)/atollic/truestudio for stm32 9.1.0/armtools/bin/../lib/gcc/arm-atollic-eabi/6.3.1/../../../../arm-atollic-eabi/lib/armv7e-m/fpu\libc_nano.a(lib_a-makebuf.o)
                0x08005ed4                __smakebuf_r
 .text._free_r  0x08005f54       0x9c c:/program files (x86)/atollic/truestudio for stm32 9.1.0/armtools/bin/../lib/gcc/arm-atollic-eabi/6.3.1/../../../../arm-atollic-eabi/lib/armv7e-m/fpu\libc_nano.a(lib_a-nano-freer.o)
                0x08005f54                _free_r
 .text._malloc_r
                0x08005ff0       0xbc c:/program files (x86)/atollic/truestudio for stm32 9.1.0/armtools/bin/../lib/gcc/arm-atollic-eabi/6.3.1/../../../../arm-atollic-eabi/lib/armv7e-m/fpu\libc_nano.a(lib_a-nano-mallocr.o)
                0x08005ff0                _malloc_r
 .text.__ssputs_r
                0x080060ac       0xb6 c:/program files (x86)/atollic/truestudio for stm32 9.1.0/armtools/bin/../lib/gcc/arm-atollic-eabi/6.3.1/../../../../arm-atollic-eabi/lib/armv7e-m/fpu\libc_nano.a(lib_a-nano-svfprintf.o)
                0x080060ac                __ssputs_r
 *fill*         0x08006162        0x2 
 .text._svfprintf_r
                0x08006164      0x1e8 c:/program files (x86)/atollic/truestudio for stm32 9.1.0/armtools/bin/../lib/gcc/arm-atollic-eabi/6.3.1/../../../../arm-atollic-eabi/lib/armv7e-m/fpu\libc_nano.a(lib_a-nano-svfprintf.o)
                0x08006164                _svfiprintf_r
                0x08006164                _svfprintf_r
 .text._printf_common
                0x0800634c       0xec c:/program files (x86)/atollic/truestudio for stm32 9.1.0/armtools/bin/../lib/gcc/arm-atollic-eabi/6.3.1/../../../../arm-atollic-eabi/lib/armv7e-m/fpu\libc_nano.a(lib_a-nano-vfprintf_i.o)
                0x0800634c                _printf_common
 .text._printf_i
                0x08006438      0x240 c:/program files (x86)/atollic/truestudio for stm32 9.1.0/armtools/bin/../lib/gcc/arm-atollic-eabi/6.3.1/../../../../arm-atollic-eabi/lib/armv7e-m/fpu\libc_nano.a(lib_a-nano-vfprintf_i.o)
                0x08006438                _printf_i
 .text._sbrk_r  0x08006678       0x20 c:/program files (x86)/atollic/truestudio for stm32 9.1.0/armtools/bin/../lib/gcc/arm-atollic-eabi/6.3.1/../../../../arm-atollic-eabi/lib/armv7e-m/fpu\libc_nano.a(lib_a-sbrkr.o)
                0x08006678                _sbrk_r
 .text.__sread  0x08006698       0x22 c:/program files (x86)/atollic/truestudio for stm32 9.1.0/armtools/bin/../lib/gcc/arm-atollic-eabi/6.3.1/../../../../arm-atollic-eabi/lib/armv7e-m/fpu\libc_nano.a(lib_a-stdio.o)
                0x08006698                __sread
 .text.__swrite
                0x080066ba       0x38 c:/program files (x86)/atollic/truestudio for stm32 9.1.0/armtools/bin/../lib/gcc/arm-atollic-eabi/6.3.1/../../../../arm-atollic-eabi/lib/armv7e-m/fpu\libc_nano.a(lib_a-stdio.o)
                0x080066ba                __swrite
 .text.__sseek  0x080066f2       0x24 c:/program files (x86)/atollic/truestudio for stm32 9.1.0/armtools/bin/../lib/gcc/arm-atollic-eabi/6.3.1/../../../../arm-atollic-eabi/lib/armv7e-m/fpu\libc_nano.a(lib_a-stdio.o)
                0x080066f2                __sseek
 .text.__sclose
                0x08006716        0x8 c:/program files (x86)/atollic/truestudio for stm32 9.1.0/armtools/bin/../lib/gcc/arm-atollic-eabi/6.3.1/../../../../arm-atollic-eabi/lib/armv7e-m/fpu\libc_nano.a(lib_a-stdio.o)
                0x08006716                __sclose
 *fill*         0x0800671e        0x2 
 .text._write_r
                0x08006720       0x24 c:/program files (x86)/atollic/truestudio for stm32 9.1.0/armtools/bin/../lib/gcc/arm-atollic-eabi/6.3.1/../../../../arm-atollic-eabi/lib/armv7e-m/fpu\libc_nano.a(lib_a-writer.o)
                0x08006720                _write_r
 .text._close_r
                0x08006744       0x20 c:/program files (x86)/atollic/truestudio for stm32 9.1.0/armtools/bin/../lib/gcc/arm-atollic-eabi/6.3.1/../../../../arm-atollic-eabi/lib/armv7e-m/fpu\libc_nano.a(lib_a-closer.o)
                0x08006744                _close_r
 .text._fstat_r
                0x08006764       0x24 c:/program files (x86)/atollic/truestudio for stm32 9.1.0/armtools/bin/../lib/gcc/arm-atollic-eabi/6.3.1/../../../../arm-atollic-eabi/lib/armv7e-m/fpu\libc_nano.a(lib_a-fstatr.o)
                0x08006764                _fstat_r
 .text._isatty_r
                0x08006788       0x20 c:/program files (x86)/atollic/truestudio for stm32 9.1.0/armtools/bin/../lib/gcc/arm-atollic-eabi/6.3.1/../../../../arm-atollic-eabi/lib/armv7e-m/fpu\libc_nano.a(lib_a-isattyr.o)
                0x08006788                _isatty_r
 .text._lseek_r
                0x080067a8       0x24 c:/program files (x86)/atollic/truestudio for stm32 9.1.0/armtools/bin/../lib/gcc/arm-atollic-eabi/6.3.1/../../../../arm-atollic-eabi/lib/armv7e-m/fpu\libc_nano.a(lib_a-lseekr.o)
                0x080067a8                _lseek_r
 .text.memcpy   0x080067cc       0x16 c:/program files (x86)/atollic/truestudio for stm32 9.1.0/armtools/bin/../lib/gcc/arm-atollic-eabi/6.3.1/../../../../arm-atollic-eabi/lib/armv7e-m/fpu\libc_nano.a(lib_a-memcpy-stub.o)
                0x080067cc                memcpy
 .text.memmove  0x080067e2       0x34 c:/program files (x86)/atollic/truestudio for stm32 9.1.0/armtools/bin/../lib/gcc/arm-atollic-eabi/6.3.1/../../../../arm-atollic-eabi/lib/armv7e-m/fpu\libc_nano.a(lib_a-memmove.o)
                0x080067e2                memmove
 .text.__malloc_lock
                0x08006816        0x2 c:/program files (x86)/atollic/truestudio for stm32 9.1.0/armtools/bin/../lib/gcc/arm-atollic-eabi/6.3.1/../../../../arm-atollic-eabi/lib/armv7e-m/fpu\libc_nano.a(lib_a-mlock.o)
                0x08006816                __malloc_lock
 .text.__malloc_unlock
                0x08006818        0x2 c:/program files (x86)/atollic/truestudio for stm32 9.1.0/armtools/bin/../lib/gcc/arm-atollic-eabi/6.3.1/../../../../arm-atollic-eabi/lib/armv7e-m/fpu\libc_nano.a(lib_a-mlock.o)
                0x08006818                __malloc_unlock
 .text._realloc_r
                0x0800681a       0x4c c:/program files (x86)/atollic/truestudio for stm32 9.1.0/armtools/bin/../lib/gcc/arm-atollic-eabi/6.3.1/../../../../arm-atollic-eabi/lib/armv7e-m/fpu\libc_nano.a(lib_a-nano-reallocr.o)
                0x0800681a                _realloc_r
 *fill*         0x08006866        0x2 
 .text._read_r  0x08006868       0x24 c:/program files (x86)/atollic/truestudio for stm32 9.1.0/armtools/bin/../lib/gcc/arm-atollic-eabi/6.3.1/../../../../arm-atollic-eabi/lib/armv7e-m/fpu\libc_nano.a(lib_a-readr.o)
                0x08006868                _read_r
 .text._malloc_usable_size_r
                0x0800688c       0x12 c:/program files (x86)/atollic/truestudio for stm32 9.1.0/armtools/bin/../lib/gcc/arm-atollic-eabi/6.3.1/../../../../arm-atollic-eabi/lib/armv7e-m/fpu\libc_nano.a(lib_a-nano-msizer.o)
                0x0800688c                _malloc_usable_size_r
 *(.glue_7)
 .glue_7        0x0800689e        0x0 linker stubs
 *(.glue_7t)
 .glue_7t       0x0800689e        0x0 linker stubs
 *(.eh_frame)
 *fill*         0x0800689e        0x2 
 .eh_frame      0x080068a0        0x0 c:/program files (x86)/atollic/truestudio for stm32 9.1.0/armtools/bin/../lib/gcc/arm-atollic-eabi/6.3.1/armv7e-m/fpu/crtbegin.o
 *(.init)
 .init          0x080068a0        0x4 c:/program files (x86)/atollic/truestudio for stm32 9.1.0/armtools/bin/../lib/gcc/arm-atollic-eabi/6.3.1/armv7e-m/fpu/crti.o
                0x080068a0                _init
 .init          0x080068a4        0x8 c:/program files (x86)/atollic/truestudio for stm32 9.1.0/armtools/bin/../lib/gcc/arm-atollic-eabi/6.3.1/armv7e-m/fpu/crtn.o
 *(.fini)
 .fini          0x080068ac        0x4 c:/program files (x86)/atollic/truestudio for stm32 9.1.0/armtools/bin/../lib/gcc/arm-atollic-eabi/6.3.1/armv7e-m/fpu/crti.o
                0x080068ac                _fini
 .fini          0x080068b0        0x8 c:/program files (x86)/atollic/truestudio for stm32 9.1.0/armtools/bin/../lib/gcc/arm-atollic-eabi/6.3.1/armv7e-m/fpu/crtn.o
                0x080068b8                . = ALIGN (0x4)
                0x080068b8                _etext = .

.vfp11_veneer   0x080068b8        0x0
 .vfp11_veneer  0x080068b8        0x0 linker stubs

.v4_bx          0x080068b8        0x0
 .v4_bx         0x080068b8        0x0 linker stubs

.iplt           0x080068b8        0x0
 .iplt          0x080068b8        0x0 c:/program files (x86)/atollic/truestudio for stm32 9.1.0/armtools/bin/../lib/gcc/arm-atollic-eabi/6.3.1/armv7e-m/fpu/crtbegin.o

.rodata         0x080068b8      0x1c8
                0x080068b8                . = ALIGN (0x4)
 *(.rodata)
 .rodata        0x080068b8       0x15 Src\main.o
 *(.rodata*)
 *fill*         0x080068cd        0x3 
 .rodata.flagBitshiftOffset.9178
                0x080068d0        0x8 Drivers\STM32F4xx_HAL_Driver\Src\stm32f4xx_hal_dma.o
 .rodata.OV7670_reg
                0x080068d8       0xf6 Src\ov7670.o
                0x080068d8                OV7670_reg
 *fill*         0x080069ce        0x2 
 .rodata.AHBPrescTable
                0x080069d0       0x10 Src\system_stm32f4xx.o
                0x080069d0                AHBPrescTable
 .rodata.APBPrescTable
                0x080069e0        0x8 Src\system_stm32f4xx.o
                0x080069e0                APBPrescTable
 .rodata._global_impure_ptr
                0x080069e8        0x4 c:/program files (x86)/atollic/truestudio for stm32 9.1.0/armtools/bin/../lib/gcc/arm-atollic-eabi/6.3.1/../../../../arm-atollic-eabi/lib/armv7e-m/fpu\libc_nano.a(lib_a-impure.o)
                0x080069e8                _global_impure_ptr
 .rodata.__sf_fake_stderr
                0x080069ec       0x20 c:/program files (x86)/atollic/truestudio for stm32 9.1.0/armtools/bin/../lib/gcc/arm-atollic-eabi/6.3.1/../../../../arm-atollic-eabi/lib/armv7e-m/fpu\libc_nano.a(lib_a-findfp.o)
                0x080069ec                __sf_fake_stderr
 .rodata.__sf_fake_stdin
                0x08006a0c       0x20 c:/program files (x86)/atollic/truestudio for stm32 9.1.0/armtools/bin/../lib/gcc/arm-atollic-eabi/6.3.1/../../../../arm-atollic-eabi/lib/armv7e-m/fpu\libc_nano.a(lib_a-findfp.o)
                0x08006a0c                __sf_fake_stdin
 .rodata.__sf_fake_stdout
                0x08006a2c       0x20 c:/program files (x86)/atollic/truestudio for stm32 9.1.0/armtools/bin/../lib/gcc/arm-atollic-eabi/6.3.1/../../../../arm-atollic-eabi/lib/armv7e-m/fpu\libc_nano.a(lib_a-findfp.o)
                0x08006a2c                __sf_fake_stdout
 .rodata._svfprintf_r.str1.1
                0x08006a4c       0x11 c:/program files (x86)/atollic/truestudio for stm32 9.1.0/armtools/bin/../lib/gcc/arm-atollic-eabi/6.3.1/../../../../arm-atollic-eabi/lib/armv7e-m/fpu\libc_nano.a(lib_a-nano-svfprintf.o)
 .rodata._printf_i.str1.1
                0x08006a5d       0x22 c:/program files (x86)/atollic/truestudio for stm32 9.1.0/armtools/bin/../lib/gcc/arm-atollic-eabi/6.3.1/../../../../arm-atollic-eabi/lib/armv7e-m/fpu\libc_nano.a(lib_a-nano-vfprintf_i.o)
                0x08006a80                . = ALIGN (0x4)
 *fill*         0x08006a7f        0x1 

.ARM.extab
 *(.ARM.extab* .gnu.linkonce.armextab.*)

.ARM            0x08006a80        0x8
                0x08006a80                __exidx_start = .
 *(.ARM.exidx*)
 .ARM.exidx     0x08006a80        0x8 c:/program files (x86)/atollic/truestudio for stm32 9.1.0/armtools/bin/../lib/gcc/arm-atollic-eabi/6.3.1/armv7e-m/fpu\libgcc.a(_udivmoddi4.o)
                0x08006a88                __exidx_end = .

.rel.dyn        0x08006a88        0x0
 .rel.iplt      0x08006a88        0x0 c:/program files (x86)/atollic/truestudio for stm32 9.1.0/armtools/bin/../lib/gcc/arm-atollic-eabi/6.3.1/armv7e-m/fpu/crtbegin.o

.preinit_array  0x08006a88        0x0
                0x08006a88                PROVIDE (__preinit_array_start, .)
 *(.preinit_array*)
                0x08006a88                PROVIDE (__preinit_array_end, .)

.init_array     0x08006a88        0x4
                0x08006a88                PROVIDE (__init_array_start, .)
 *(SORT(.init_array.*))
 *(.init_array*)
 .init_array    0x08006a88        0x4 c:/program files (x86)/atollic/truestudio for stm32 9.1.0/armtools/bin/../lib/gcc/arm-atollic-eabi/6.3.1/armv7e-m/fpu/crtbegin.o
                0x08006a8c                PROVIDE (__init_array_end, .)

.fini_array     0x08006a8c        0x4
                [!provide]                PROVIDE (__fini_array_start, .)
 *(SORT(.fini_array.*))
 *(.fini_array*)
 .fini_array    0x08006a8c        0x4 c:/program files (x86)/atollic/truestudio for stm32 9.1.0/armtools/bin/../lib/gcc/arm-atollic-eabi/6.3.1/armv7e-m/fpu/crtbegin.o
                [!provide]                PROVIDE (__fini_array_end, .)
                0x08006a90                _sidata = LOADADDR (.data)

.data           0x20000000       0x70 load address 0x08006a90
                0x20000000                . = ALIGN (0x4)
                0x20000000                _sdata = .
 *(.data)
 *(.data*)
 .data.uwTickPrio
                0x20000000        0x4 Drivers\STM32F4xx_HAL_Driver\Src\stm32f4xx_hal.o
                0x20000000                uwTickPrio
 .data.uwTickFreq
                0x20000004        0x1 Drivers\STM32F4xx_HAL_Driver\Src\stm32f4xx_hal.o
                0x20000004                uwTickFreq
 *fill*         0x20000005        0x1 
 .data.DevAddress
                0x20000006        0x2 Src\ov7670.o
                0x20000006                DevAddress
 .data.SystemCoreClock
                0x20000008        0x4 Src\system_stm32f4xx.o
                0x20000008                SystemCoreClock
 .data._impure_ptr
                0x2000000c        0x4 c:/program files (x86)/atollic/truestudio for stm32 9.1.0/armtools/bin/../lib/gcc/arm-atollic-eabi/6.3.1/../../../../arm-atollic-eabi/lib/armv7e-m/fpu\libc_nano.a(lib_a-impure.o)
                0x2000000c                _impure_ptr
 .data.impure_data
                0x20000010       0x60 c:/program files (x86)/atollic/truestudio for stm32 9.1.0/armtools/bin/../lib/gcc/arm-atollic-eabi/6.3.1/../../../../arm-atollic-eabi/lib/armv7e-m/fpu\libc_nano.a(lib_a-impure.o)
                0x20000070                . = ALIGN (0x4)
                0x20000070                _edata = .
                0x08006b00                _siccmram = LOADADDR (.ccmram)

.igot.plt       0x20000070        0x0 load address 0x08006b00
 .igot.plt      0x20000070        0x0 c:/program files (x86)/atollic/truestudio for stm32 9.1.0/armtools/bin/../lib/gcc/arm-atollic-eabi/6.3.1/armv7e-m/fpu/crtbegin.o

.ccmram         0x10000000        0x0 load address 0x08006b00
                0x10000000                . = ALIGN (0x4)
                0x10000000                _sccmram = .
 *(.ccmram)
 *(.ccmram*)
                0x10000000                . = ALIGN (0x4)
                0x10000000                _eccmram = .
                0x10000000                . = ALIGN (0x4)

.bss            0x20000070     0xc7f8
                0x20000070                _sbss = .
                0x20000070                __bss_start__ = _sbss
 *(.bss)
 .bss           0x20000070       0x1c c:/program files (x86)/atollic/truestudio for stm32 9.1.0/armtools/bin/../lib/gcc/arm-atollic-eabi/6.3.1/armv7e-m/fpu/crtbegin.o
 *(.bss*)
 .bss.captured  0x2000008c        0x4 Src\main.o
                0x2000008c                captured
 .bss.FMC_Initialized
                0x20000090        0x4 Src\stm32f4xx_hal_msp.o
 .bss.heap_end.9829
                0x20000094        0x4 Src\syscalls.o
 .bss.__malloc_free_list
                0x20000098        0x4 c:/program files (x86)/atollic/truestudio for stm32 9.1.0/armtools/bin/../lib/gcc/arm-atollic-eabi/6.3.1/../../../../arm-atollic-eabi/lib/armv7e-m/fpu\libc_nano.a(lib_a-nano-mallocr.o)
                0x20000098                __malloc_free_list
 .bss.__malloc_sbrk_start
                0x2000009c        0x4 c:/program files (x86)/atollic/truestudio for stm32 9.1.0/armtools/bin/../lib/gcc/arm-atollic-eabi/6.3.1/../../../../arm-atollic-eabi/lib/armv7e-m/fpu\libc_nano.a(lib_a-nano-mallocr.o)
                0x2000009c                __malloc_sbrk_start
 *(COMMON)
 COMMON         0x200000a0        0x4 Drivers\STM32F4xx_HAL_Driver\Src\stm32f4xx_hal.o
                0x200000a0                uwTick
 COMMON         0x200000a4     0xc7c0 Src\main.o
                0x200000a4                hi2c1
                0x200000f8                hdma_dcmi
                0x20000158                hdcmi
                0x20000198                huart1
                0x200001d8                data
                0x2000c7d8                hspi1
                0x2000c830                hsdram1
 COMMON         0x2000c864        0x4 c:/program files (x86)/atollic/truestudio for stm32 9.1.0/armtools/bin/../lib/gcc/arm-atollic-eabi/6.3.1/../../../../arm-atollic-eabi/lib/armv7e-m/fpu\libc_nano.a(lib_a-reent.o)
                0x2000c864                errno
                0x2000c868                . = ALIGN (0x4)
                0x2000c868                _ebss = .
                0x2000c868                __bss_end__ = _ebss

._user_heap_stack
                0x2000c868      0x600
                0x2000c868                . = ALIGN (0x4)
                0x2000c868                PROVIDE (end, .)
                [!provide]                PROVIDE (_end, .)
                0x2000ca68                . = (. + _Min_Heap_Size)
 *fill*         0x2000c868      0x200 
                0x2000ce68                . = (. + _Min_Stack_Size)
 *fill*         0x2000ca68      0x400 
                0x2000ce68                . = ALIGN (0x4)

/DISCARD/
 libc.a(*)
 libm.a(*)
 libgcc.a(*)

.ARM.attributes
                0x00000000       0x30
 *(.ARM.attributes)
 .ARM.attributes
                0x00000000       0x22 c:/program files (x86)/atollic/truestudio for stm32 9.1.0/armtools/bin/../lib/gcc/arm-atollic-eabi/6.3.1/armv7e-m/fpu/crti.o
 .ARM.attributes
                0x00000022       0x34 c:/program files (x86)/atollic/truestudio for stm32 9.1.0/armtools/bin/../lib/gcc/arm-atollic-eabi/6.3.1/armv7e-m/fpu/crtbegin.o
 .ARM.attributes
                0x00000056       0x39 Drivers\STM32F4xx_HAL_Driver\Src\stm32f4xx_hal.o
 .ARM.attributes
                0x0000008f       0x39 Drivers\STM32F4xx_HAL_Driver\Src\stm32f4xx_hal_cortex.o
 .ARM.attributes
                0x000000c8       0x39 Drivers\STM32F4xx_HAL_Driver\Src\stm32f4xx_hal_dcmi.o
 .ARM.attributes
                0x00000101       0x39 Drivers\STM32F4xx_HAL_Driver\Src\stm32f4xx_hal_dcmi_ex.o
 .ARM.attributes
                0x0000013a       0x39 Drivers\STM32F4xx_HAL_Driver\Src\stm32f4xx_hal_dma.o
 .ARM.attributes
                0x00000173       0x39 Drivers\STM32F4xx_HAL_Driver\Src\stm32f4xx_hal_dma_ex.o
 .ARM.attributes
                0x000001ac       0x39 Drivers\STM32F4xx_HAL_Driver\Src\stm32f4xx_hal_gpio.o
 .ARM.attributes
                0x000001e5       0x39 Drivers\STM32F4xx_HAL_Driver\Src\stm32f4xx_hal_i2c.o
 .ARM.attributes
                0x0000021e       0x39 Drivers\STM32F4xx_HAL_Driver\Src\stm32f4xx_hal_i2c_ex.o
 .ARM.attributes
                0x00000257       0x39 Drivers\STM32F4xx_HAL_Driver\Src\stm32f4xx_hal_pwr_ex.o
 .ARM.attributes
                0x00000290       0x39 Drivers\STM32F4xx_HAL_Driver\Src\stm32f4xx_hal_rcc.o
 .ARM.attributes
                0x000002c9       0x39 Drivers\STM32F4xx_HAL_Driver\Src\stm32f4xx_hal_sdram.o
 .ARM.attributes
                0x00000302       0x39 Drivers\STM32F4xx_HAL_Driver\Src\stm32f4xx_hal_spi.o
 .ARM.attributes
                0x0000033b       0x39 Drivers\STM32F4xx_HAL_Driver\Src\stm32f4xx_hal_uart.o
 .ARM.attributes
                0x00000374       0x39 Drivers\STM32F4xx_HAL_Driver\Src\stm32f4xx_ll_fmc.o
 .ARM.attributes
                0x000003ad       0x39 Src\main.o
 .ARM.attributes
                0x000003e6       0x39 Src\ov7670.o
 .ARM.attributes
                0x0000041f       0x39 Src\stm32f4xx_hal_msp.o
 .ARM.attributes
                0x00000458       0x39 Src\stm32f4xx_it.o
 .ARM.attributes
                0x00000491       0x39 Src\syscalls.o
 .ARM.attributes
                0x000004ca       0x39 Src\system_stm32f4xx.o
 .ARM.attributes
                0x00000503       0x21 startup\startup_stm32f429xx.o
 .ARM.attributes
                0x00000524       0x34 c:/program files (x86)/atollic/truestudio for stm32 9.1.0/armtools/bin/../lib/gcc/arm-atollic-eabi/6.3.1/../../../../arm-atollic-eabi/lib/armv7e-m/fpu\libc_nano.a(lib_a-errno.o)
 .ARM.attributes
                0x00000558       0x34 c:/program files (x86)/atollic/truestudio for stm32 9.1.0/armtools/bin/../lib/gcc/arm-atollic-eabi/6.3.1/../../../../arm-atollic-eabi/lib/armv7e-m/fpu\libc_nano.a(lib_a-impure.o)
 .ARM.attributes
                0x0000058c       0x34 c:/program files (x86)/atollic/truestudio for stm32 9.1.0/armtools/bin/../lib/gcc/arm-atollic-eabi/6.3.1/../../../../arm-atollic-eabi/lib/armv7e-m/fpu\libc_nano.a(lib_a-init.o)
 .ARM.attributes
                0x000005c0       0x34 c:/program files (x86)/atollic/truestudio for stm32 9.1.0/armtools/bin/../lib/gcc/arm-atollic-eabi/6.3.1/../../../../arm-atollic-eabi/lib/armv7e-m/fpu\libc_nano.a(lib_a-memset.o)
 .ARM.attributes
                0x000005f4       0x34 c:/program files (x86)/atollic/truestudio for stm32 9.1.0/armtools/bin/../lib/gcc/arm-atollic-eabi/6.3.1/../../../../arm-atollic-eabi/lib/armv7e-m/fpu\libc_nano.a(lib_a-puts.o)
 .ARM.attributes
                0x00000628       0x34 c:/program files (x86)/atollic/truestudio for stm32 9.1.0/armtools/bin/../lib/gcc/arm-atollic-eabi/6.3.1/../../../../arm-atollic-eabi/lib/armv7e-m/fpu\libc_nano.a(lib_a-sprintf.o)
 .ARM.attributes
                0x0000065c       0x1b c:/program files (x86)/atollic/truestudio for stm32 9.1.0/armtools/bin/../lib/gcc/arm-atollic-eabi/6.3.1/../../../../arm-atollic-eabi/lib/armv7e-m/fpu\libc_nano.a(lib_a-strlen.o)
 .ARM.attributes
                0x00000677       0x34 c:/program files (x86)/atollic/truestudio for stm32 9.1.0/armtools/bin/../lib/gcc/arm-atollic-eabi/6.3.1/../../../../arm-atollic-eabi/lib/armv7e-m/fpu\libc_nano.a(lib_a-wbuf.o)
 .ARM.attributes
                0x000006ab       0x34 c:/program files (x86)/atollic/truestudio for stm32 9.1.0/armtools/bin/../lib/gcc/arm-atollic-eabi/6.3.1/../../../../arm-atollic-eabi/lib/armv7e-m/fpu\libc_nano.a(lib_a-wsetup.o)
 .ARM.attributes
                0x000006df       0x34 c:/program files (x86)/atollic/truestudio for stm32 9.1.0/armtools/bin/../lib/gcc/arm-atollic-eabi/6.3.1/../../../../arm-atollic-eabi/lib/armv7e-m/fpu\libc_nano.a(lib_a-fflush.o)
 .ARM.attributes
                0x00000713       0x34 c:/program files (x86)/atollic/truestudio for stm32 9.1.0/armtools/bin/../lib/gcc/arm-atollic-eabi/6.3.1/../../../../arm-atollic-eabi/lib/armv7e-m/fpu\libc_nano.a(lib_a-findfp.o)
 .ARM.attributes
                0x00000747       0x34 c:/program files (x86)/atollic/truestudio for stm32 9.1.0/armtools/bin/../lib/gcc/arm-atollic-eabi/6.3.1/../../../../arm-atollic-eabi/lib/armv7e-m/fpu\libc_nano.a(lib_a-fwalk.o)
 .ARM.attributes
                0x0000077b       0x34 c:/program files (x86)/atollic/truestudio for stm32 9.1.0/armtools/bin/../lib/gcc/arm-atollic-eabi/6.3.1/../../../../arm-atollic-eabi/lib/armv7e-m/fpu\libc_nano.a(lib_a-makebuf.o)
 .ARM.attributes
                0x000007af       0x34 c:/program files (x86)/atollic/truestudio for stm32 9.1.0/armtools/bin/../lib/gcc/arm-atollic-eabi/6.3.1/../../../../arm-atollic-eabi/lib/armv7e-m/fpu\libc_nano.a(lib_a-nano-freer.o)
 .ARM.attributes
                0x000007e3       0x34 c:/program files (x86)/atollic/truestudio for stm32 9.1.0/armtools/bin/../lib/gcc/arm-atollic-eabi/6.3.1/../../../../arm-atollic-eabi/lib/armv7e-m/fpu\libc_nano.a(lib_a-nano-mallocr.o)
 .ARM.attributes
                0x00000817       0x34 c:/program files (x86)/atollic/truestudio for stm32 9.1.0/armtools/bin/../lib/gcc/arm-atollic-eabi/6.3.1/../../../../arm-atollic-eabi/lib/armv7e-m/fpu\libc_nano.a(lib_a-nano-svfprintf.o)
 .ARM.attributes
                0x0000084b       0x34 c:/program files (x86)/atollic/truestudio for stm32 9.1.0/armtools/bin/../lib/gcc/arm-atollic-eabi/6.3.1/../../../../arm-atollic-eabi/lib/armv7e-m/fpu\libc_nano.a(lib_a-nano-vfprintf_i.o)
 .ARM.attributes
                0x0000087f       0x34 c:/program files (x86)/atollic/truestudio for stm32 9.1.0/armtools/bin/../lib/gcc/arm-atollic-eabi/6.3.1/../../../../arm-atollic-eabi/lib/armv7e-m/fpu\libc_nano.a(lib_a-sbrkr.o)
 .ARM.attributes
                0x000008b3       0x34 c:/program files (x86)/atollic/truestudio for stm32 9.1.0/armtools/bin/../lib/gcc/arm-atollic-eabi/6.3.1/../../../../arm-atollic-eabi/lib/armv7e-m/fpu\libc_nano.a(lib_a-stdio.o)
 .ARM.attributes
                0x000008e7       0x34 c:/program files (x86)/atollic/truestudio for stm32 9.1.0/armtools/bin/../lib/gcc/arm-atollic-eabi/6.3.1/../../../../arm-atollic-eabi/lib/armv7e-m/fpu\libc_nano.a(lib_a-writer.o)
 .ARM.attributes
                0x0000091b       0x34 c:/program files (x86)/atollic/truestudio for stm32 9.1.0/armtools/bin/../lib/gcc/arm-atollic-eabi/6.3.1/../../../../arm-atollic-eabi/lib/armv7e-m/fpu\libc_nano.a(lib_a-closer.o)
 .ARM.attributes
                0x0000094f       0x34 c:/program files (x86)/atollic/truestudio for stm32 9.1.0/armtools/bin/../lib/gcc/arm-atollic-eabi/6.3.1/../../../../arm-atollic-eabi/lib/armv7e-m/fpu\libc_nano.a(lib_a-fstatr.o)
 .ARM.attributes
                0x00000983       0x34 c:/program files (x86)/atollic/truestudio for stm32 9.1.0/armtools/bin/../lib/gcc/arm-atollic-eabi/6.3.1/../../../../arm-atollic-eabi/lib/armv7e-m/fpu\libc_nano.a(lib_a-isattyr.o)
 .ARM.attributes
                0x000009b7       0x34 c:/program files (x86)/atollic/truestudio for stm32 9.1.0/armtools/bin/../lib/gcc/arm-atollic-eabi/6.3.1/../../../../arm-atollic-eabi/lib/armv7e-m/fpu\libc_nano.a(lib_a-lseekr.o)
 .ARM.attributes
                0x000009eb       0x20 c:/program files (x86)/atollic/truestudio for stm32 9.1.0/armtools/bin/../lib/gcc/arm-atollic-eabi/6.3.1/../../../../arm-atollic-eabi/lib/armv7e-m/fpu\libc_nano.a(lib_a-memchr.o)
 .ARM.attributes
                0x00000a0b       0x34 c:/program files (x86)/atollic/truestudio for stm32 9.1.0/armtools/bin/../lib/gcc/arm-atollic-eabi/6.3.1/../../../../arm-atollic-eabi/lib/armv7e-m/fpu\libc_nano.a(lib_a-memcpy-stub.o)
 .ARM.attributes
                0x00000a3f       0x34 c:/program files (x86)/atollic/truestudio for stm32 9.1.0/armtools/bin/../lib/gcc/arm-atollic-eabi/6.3.1/../../../../arm-atollic-eabi/lib/armv7e-m/fpu\libc_nano.a(lib_a-memmove.o)
 .ARM.attributes
                0x00000a73       0x34 c:/program files (x86)/atollic/truestudio for stm32 9.1.0/armtools/bin/../lib/gcc/arm-atollic-eabi/6.3.1/../../../../arm-atollic-eabi/lib/armv7e-m/fpu\libc_nano.a(lib_a-mlock.o)
 .ARM.attributes
                0x00000aa7       0x34 c:/program files (x86)/atollic/truestudio for stm32 9.1.0/armtools/bin/../lib/gcc/arm-atollic-eabi/6.3.1/../../../../arm-atollic-eabi/lib/armv7e-m/fpu\libc_nano.a(lib_a-nano-reallocr.o)
 .ARM.attributes
                0x00000adb       0x34 c:/program files (x86)/atollic/truestudio for stm32 9.1.0/armtools/bin/../lib/gcc/arm-atollic-eabi/6.3.1/../../../../arm-atollic-eabi/lib/armv7e-m/fpu\libc_nano.a(lib_a-readr.o)
 .ARM.attributes
                0x00000b0f       0x34 c:/program files (x86)/atollic/truestudio for stm32 9.1.0/armtools/bin/../lib/gcc/arm-atollic-eabi/6.3.1/../../../../arm-atollic-eabi/lib/armv7e-m/fpu\libc_nano.a(lib_a-reent.o)
 .ARM.attributes
                0x00000b43       0x34 c:/program files (x86)/atollic/truestudio for stm32 9.1.0/armtools/bin/../lib/gcc/arm-atollic-eabi/6.3.1/../../../../arm-atollic-eabi/lib/armv7e-m/fpu\libc_nano.a(lib_a-nano-msizer.o)
 .ARM.attributes
                0x00000b77       0x22 c:/program files (x86)/atollic/truestudio for stm32 9.1.0/armtools/bin/../lib/gcc/arm-atollic-eabi/6.3.1/armv7e-m/fpu\libgcc.a(_aeabi_uldivmod.o)
 .ARM.attributes
                0x00000b99       0x34 c:/program files (x86)/atollic/truestudio for stm32 9.1.0/armtools/bin/../lib/gcc/arm-atollic-eabi/6.3.1/armv7e-m/fpu\libgcc.a(_udivmoddi4.o)
 .ARM.attributes
                0x00000bcd       0x22 c:/program files (x86)/atollic/truestudio for stm32 9.1.0/armtools/bin/../lib/gcc/arm-atollic-eabi/6.3.1/armv7e-m/fpu\libgcc.a(_dvmd_tls.o)
 .ARM.attributes
                0x00000bef       0x22 c:/program files (x86)/atollic/truestudio for stm32 9.1.0/armtools/bin/../lib/gcc/arm-atollic-eabi/6.3.1/armv7e-m/fpu/crtn.o
OUTPUT(camera.elf elf32-littlearm)

.debug_info     0x00000000    0x1ac5d
 .debug_info    0x00000000     0x1192 Drivers\STM32F4xx_HAL_Driver\Src\stm32f4xx_hal.o
 .debug_info    0x00001192     0x1618 Drivers\STM32F4xx_HAL_Driver\Src\stm32f4xx_hal_cortex.o
 .debug_info    0x000027aa     0x1205 Drivers\STM32F4xx_HAL_Driver\Src\stm32f4xx_hal_dcmi.o
 .debug_info    0x000039af      0xe0e Drivers\STM32F4xx_HAL_Driver\Src\stm32f4xx_hal_dcmi_ex.o
 .debug_info    0x000047bd     0x1123 Drivers\STM32F4xx_HAL_Driver\Src\stm32f4xx_hal_dma.o
 .debug_info    0x000058e0      0xd94 Drivers\STM32F4xx_HAL_Driver\Src\stm32f4xx_hal_dma_ex.o
 .debug_info    0x00006674      0xf90 Drivers\STM32F4xx_HAL_Driver\Src\stm32f4xx_hal_gpio.o
 .debug_info    0x00007604     0x2891 Drivers\STM32F4xx_HAL_Driver\Src\stm32f4xx_hal_i2c.o
 .debug_info    0x00009e95      0xed5 Drivers\STM32F4xx_HAL_Driver\Src\stm32f4xx_hal_i2c_ex.o
 .debug_info    0x0000ad6a      0xf41 Drivers\STM32F4xx_HAL_Driver\Src\stm32f4xx_hal_pwr_ex.o
 .debug_info    0x0000bcab     0x10d0 Drivers\STM32F4xx_HAL_Driver\Src\stm32f4xx_hal_rcc.o
 .debug_info    0x0000cd7b     0x1456 Drivers\STM32F4xx_HAL_Driver\Src\stm32f4xx_hal_sdram.o
 .debug_info    0x0000e1d1     0x1cf9 Drivers\STM32F4xx_HAL_Driver\Src\stm32f4xx_hal_spi.o
 .debug_info    0x0000feca     0x19dd Drivers\STM32F4xx_HAL_Driver\Src\stm32f4xx_hal_uart.o
 .debug_info    0x000118a7     0x16d5 Drivers\STM32F4xx_HAL_Driver\Src\stm32f4xx_ll_fmc.o
 .debug_info    0x00012f7c     0x2057 Src\main.o
 .debug_info    0x00014fd3      0xed8 Src\ov7670.o
 .debug_info    0x00015eab     0x1f3e Src\stm32f4xx_hal_msp.o
 .debug_info    0x00017de9      0xe81 Src\stm32f4xx_it.o
 .debug_info    0x00018c6a     0x1241 Src\syscalls.o
 .debug_info    0x00019eab      0xd31 Src\system_stm32f4xx.o
 .debug_info    0x0001abdc       0x81 startup\startup_stm32f429xx.o

.debug_abbrev   0x00000000     0x3257
 .debug_abbrev  0x00000000      0x280 Drivers\STM32F4xx_HAL_Driver\Src\stm32f4xx_hal.o
 .debug_abbrev  0x00000280      0x371 Drivers\STM32F4xx_HAL_Driver\Src\stm32f4xx_hal_cortex.o
 .debug_abbrev  0x000005f1      0x2a4 Drivers\STM32F4xx_HAL_Driver\Src\stm32f4xx_hal_dcmi.o
 .debug_abbrev  0x00000895      0x1b0 Drivers\STM32F4xx_HAL_Driver\Src\stm32f4xx_hal_dcmi_ex.o
 .debug_abbrev  0x00000a45      0x286 Drivers\STM32F4xx_HAL_Driver\Src\stm32f4xx_hal_dma.o
 .debug_abbrev  0x00000ccb      0x21c Drivers\STM32F4xx_HAL_Driver\Src\stm32f4xx_hal_dma_ex.o
 .debug_abbrev  0x00000ee7      0x24c Drivers\STM32F4xx_HAL_Driver\Src\stm32f4xx_hal_gpio.o
 .debug_abbrev  0x00001133      0x2a1 Drivers\STM32F4xx_HAL_Driver\Src\stm32f4xx_hal_i2c.o
 .debug_abbrev  0x000013d4      0x1d9 Drivers\STM32F4xx_HAL_Driver\Src\stm32f4xx_hal_i2c_ex.o
 .debug_abbrev  0x000015ad      0x273 Drivers\STM32F4xx_HAL_Driver\Src\stm32f4xx_hal_pwr_ex.o
 .debug_abbrev  0x00001820      0x2c8 Drivers\STM32F4xx_HAL_Driver\Src\stm32f4xx_hal_rcc.o
 .debug_abbrev  0x00001ae8      0x263 Drivers\STM32F4xx_HAL_Driver\Src\stm32f4xx_hal_sdram.o
 .debug_abbrev  0x00001d4b      0x2ac Drivers\STM32F4xx_HAL_Driver\Src\stm32f4xx_hal_spi.o
 .debug_abbrev  0x00001ff7      0x2bd Drivers\STM32F4xx_HAL_Driver\Src\stm32f4xx_hal_uart.o
 .debug_abbrev  0x000022b4      0x21e Drivers\STM32F4xx_HAL_Driver\Src\stm32f4xx_ll_fmc.o
 .debug_abbrev  0x000024d2      0x2a2 Src\main.o
 .debug_abbrev  0x00002774      0x1ed Src\ov7670.o
 .debug_abbrev  0x00002961      0x258 Src\stm32f4xx_hal_msp.o
 .debug_abbrev  0x00002bb9      0x1b5 Src\stm32f4xx_it.o
 .debug_abbrev  0x00002d6e      0x30d Src\syscalls.o
 .debug_abbrev  0x0000307b      0x1ca Src\system_stm32f4xx.o
 .debug_abbrev  0x00003245       0x12 startup\startup_stm32f429xx.o

.debug_aranges  0x00000000      0xf58
 .debug_aranges
                0x00000000       0xf0 Drivers\STM32F4xx_HAL_Driver\Src\stm32f4xx_hal.o
 .debug_aranges
                0x000000f0      0x118 Drivers\STM32F4xx_HAL_Driver\Src\stm32f4xx_hal_cortex.o
 .debug_aranges
                0x00000208       0xb8 Drivers\STM32F4xx_HAL_Driver\Src\stm32f4xx_hal_dcmi.o
 .debug_aranges
                0x000002c0       0x20 Drivers\STM32F4xx_HAL_Driver\Src\stm32f4xx_hal_dcmi_ex.o
 .debug_aranges
                0x000002e0       0x90 Drivers\STM32F4xx_HAL_Driver\Src\stm32f4xx_hal_dma.o
 .debug_aranges
                0x00000370       0x38 Drivers\STM32F4xx_HAL_Driver\Src\stm32f4xx_hal_dma_ex.o
 .debug_aranges
                0x000003a8       0x58 Drivers\STM32F4xx_HAL_Driver\Src\stm32f4xx_hal_gpio.o
 .debug_aranges
                0x00000400      0x268 Drivers\STM32F4xx_HAL_Driver\Src\stm32f4xx_hal_i2c.o
 .debug_aranges
                0x00000668       0x28 Drivers\STM32F4xx_HAL_Driver\Src\stm32f4xx_hal_i2c_ex.o
 .debug_aranges
                0x00000690       0x60 Drivers\STM32F4xx_HAL_Driver\Src\stm32f4xx_hal_pwr_ex.o
 .debug_aranges
                0x000006f0       0x88 Drivers\STM32F4xx_HAL_Driver\Src\stm32f4xx_hal_rcc.o
 .debug_aranges
                0x00000778       0xd0 Drivers\STM32F4xx_HAL_Driver\Src\stm32f4xx_hal_sdram.o
 .debug_aranges
                0x00000848      0x1c8 Drivers\STM32F4xx_HAL_Driver\Src\stm32f4xx_hal_spi.o
 .debug_aranges
                0x00000a10      0x1d0 Drivers\STM32F4xx_HAL_Driver\Src\stm32f4xx_hal_uart.o
 .debug_aranges
                0x00000be0       0xf0 Drivers\STM32F4xx_HAL_Driver\Src\stm32f4xx_ll_fmc.o
 .debug_aranges
                0x00000cd0       0x70 Src\main.o
 .debug_aranges
                0x00000d40       0x20 Src\ov7670.o
 .debug_aranges
                0x00000d60       0x80 Src\stm32f4xx_hal_msp.o
 .debug_aranges
                0x00000de0       0x70 Src\stm32f4xx_it.o
 .debug_aranges
                0x00000e50       0xb8 Src\syscalls.o
 .debug_aranges
                0x00000f08       0x28 Src\system_stm32f4xx.o
 .debug_aranges
                0x00000f30       0x28 startup\startup_stm32f429xx.o

.debug_ranges   0x00000000      0xe00
 .debug_ranges  0x00000000       0xe0 Drivers\STM32F4xx_HAL_Driver\Src\stm32f4xx_hal.o
 .debug_ranges  0x000000e0      0x108 Drivers\STM32F4xx_HAL_Driver\Src\stm32f4xx_hal_cortex.o
 .debug_ranges  0x000001e8       0xa8 Drivers\STM32F4xx_HAL_Driver\Src\stm32f4xx_hal_dcmi.o
 .debug_ranges  0x00000290       0x10 Drivers\STM32F4xx_HAL_Driver\Src\stm32f4xx_hal_dcmi_ex.o
 .debug_ranges  0x000002a0       0x80 Drivers\STM32F4xx_HAL_Driver\Src\stm32f4xx_hal_dma.o
 .debug_ranges  0x00000320       0x28 Drivers\STM32F4xx_HAL_Driver\Src\stm32f4xx_hal_dma_ex.o
 .debug_ranges  0x00000348       0x48 Drivers\STM32F4xx_HAL_Driver\Src\stm32f4xx_hal_gpio.o
 .debug_ranges  0x00000390      0x258 Drivers\STM32F4xx_HAL_Driver\Src\stm32f4xx_hal_i2c.o
 .debug_ranges  0x000005e8       0x18 Drivers\STM32F4xx_HAL_Driver\Src\stm32f4xx_hal_i2c_ex.o
 .debug_ranges  0x00000600       0x50 Drivers\STM32F4xx_HAL_Driver\Src\stm32f4xx_hal_pwr_ex.o
 .debug_ranges  0x00000650       0x78 Drivers\STM32F4xx_HAL_Driver\Src\stm32f4xx_hal_rcc.o
 .debug_ranges  0x000006c8       0xc0 Drivers\STM32F4xx_HAL_Driver\Src\stm32f4xx_hal_sdram.o
 .debug_ranges  0x00000788      0x1b8 Drivers\STM32F4xx_HAL_Driver\Src\stm32f4xx_hal_spi.o
 .debug_ranges  0x00000940      0x1c0 Drivers\STM32F4xx_HAL_Driver\Src\stm32f4xx_hal_uart.o
 .debug_ranges  0x00000b00       0xe0 Drivers\STM32F4xx_HAL_Driver\Src\stm32f4xx_ll_fmc.o
 .debug_ranges  0x00000be0       0x60 Src\main.o
 .debug_ranges  0x00000c40       0x10 Src\ov7670.o
 .debug_ranges  0x00000c50       0x70 Src\stm32f4xx_hal_msp.o
 .debug_ranges  0x00000cc0       0x60 Src\stm32f4xx_it.o
 .debug_ranges  0x00000d20       0xa8 Src\syscalls.o
 .debug_ranges  0x00000dc8       0x18 Src\system_stm32f4xx.o
 .debug_ranges  0x00000de0       0x20 startup\startup_stm32f429xx.o

.debug_line     0x00000000     0x8653
 .debug_line    0x00000000      0x4b5 Drivers\STM32F4xx_HAL_Driver\Src\stm32f4xx_hal.o
 .debug_line    0x000004b5      0x5c9 Drivers\STM32F4xx_HAL_Driver\Src\stm32f4xx_hal_cortex.o
 .debug_line    0x00000a7e      0x5c3 Drivers\STM32F4xx_HAL_Driver\Src\stm32f4xx_hal_dcmi.o
 .debug_line    0x00001041      0x30a Drivers\STM32F4xx_HAL_Driver\Src\stm32f4xx_hal_dcmi_ex.o
 .debug_line    0x0000134b      0x583 Drivers\STM32F4xx_HAL_Driver\Src\stm32f4xx_hal_dma.o
 .debug_line    0x000018ce      0xe5c Drivers\STM32F4xx_HAL_Driver\Src\stm32f4xx_hal_dma_ex.o
 .debug_line    0x0000272a      0x4bf Drivers\STM32F4xx_HAL_Driver\Src\stm32f4xx_hal_gpio.o
 .debug_line    0x00002be9     0x12ba Drivers\STM32F4xx_HAL_Driver\Src\stm32f4xx_hal_i2c.o
 .debug_line    0x00003ea3      0x2f2 Drivers\STM32F4xx_HAL_Driver\Src\stm32f4xx_hal_i2c_ex.o
 .debug_line    0x00004195      0x3b0 Drivers\STM32F4xx_HAL_Driver\Src\stm32f4xx_hal_pwr_ex.o
 .debug_line    0x00004545      0x530 Drivers\STM32F4xx_HAL_Driver\Src\stm32f4xx_hal_rcc.o
 .debug_line    0x00004a75      0x62d Drivers\STM32F4xx_HAL_Driver\Src\stm32f4xx_hal_sdram.o
 .debug_line    0x000050a2      0xc36 Drivers\STM32F4xx_HAL_Driver\Src\stm32f4xx_hal_spi.o
 .debug_line    0x00005cd8      0xbb1 Drivers\STM32F4xx_HAL_Driver\Src\stm32f4xx_hal_uart.o
 .debug_line    0x00006889      0x63b Drivers\STM32F4xx_HAL_Driver\Src\stm32f4xx_ll_fmc.o
 .debug_line    0x00006ec4      0x4da Src\main.o
 .debug_line    0x0000739e      0x2c1 Src\ov7670.o
 .debug_line    0x0000765f      0x4d6 Src\stm32f4xx_hal_msp.o
 .debug_line    0x00007b35      0x380 Src\stm32f4xx_it.o
 .debug_line    0x00007eb5      0x4af Src\syscalls.o
 .debug_line    0x00008364      0x270 Src\system_stm32f4xx.o
 .debug_line    0x000085d4       0x7f startup\startup_stm32f429xx.o

.debug_str      0x00000000     0x4a90
 .debug_str     0x00000000      0xf6f Drivers\STM32F4xx_HAL_Driver\Src\stm32f4xx_hal.o
                               0x1030 (size before relaxing)
 .debug_str     0x00000f6f      0x408 Drivers\STM32F4xx_HAL_Driver\Src\stm32f4xx_hal_cortex.o
                               0x10fe (size before relaxing)
 .debug_str     0x00001377      0x5c1 Drivers\STM32F4xx_HAL_Driver\Src\stm32f4xx_hal_dcmi.o
                                0xca6 (size before relaxing)
 .debug_str     0x00001938       0x3c Drivers\STM32F4xx_HAL_Driver\Src\stm32f4xx_hal_dcmi_ex.o
                                0xad5 (size before relaxing)
 .debug_str     0x00001974      0x309 Drivers\STM32F4xx_HAL_Driver\Src\stm32f4xx_hal_dma.o
                                0xbea (size before relaxing)
 .debug_str     0x00001c7d       0xe3 Drivers\STM32F4xx_HAL_Driver\Src\stm32f4xx_hal_dma_ex.o
                                0x9eb (size before relaxing)
 .debug_str     0x00001d60      0x1d8 Drivers\STM32F4xx_HAL_Driver\Src\stm32f4xx_hal_gpio.o
                                0x983 (size before relaxing)
 .debug_str     0x00001f38      0xa2b Drivers\STM32F4xx_HAL_Driver\Src\stm32f4xx_hal_i2c.o
                               0x1367 (size before relaxing)
 .debug_str     0x00002963       0x76 Drivers\STM32F4xx_HAL_Driver\Src\stm32f4xx_hal_i2c_ex.o
                                0xbe7 (size before relaxing)
 .debug_str     0x000029d9      0x170 Drivers\STM32F4xx_HAL_Driver\Src\stm32f4xx_hal_pwr_ex.o
                                0x96e (size before relaxing)
 .debug_str     0x00002b49      0x2d2 Drivers\STM32F4xx_HAL_Driver\Src\stm32f4xx_hal_rcc.o
                                0xb2f (size before relaxing)
 .debug_str     0x00002e1b      0x4e2 Drivers\STM32F4xx_HAL_Driver\Src\stm32f4xx_hal_sdram.o
                                0xde2 (size before relaxing)
 .debug_str     0x000032fd      0x687 Drivers\STM32F4xx_HAL_Driver\Src\stm32f4xx_hal_spi.o
                                0xfbe (size before relaxing)
 .debug_str     0x00003984      0x67b Drivers\STM32F4xx_HAL_Driver\Src\stm32f4xx_hal_uart.o
                               0x100c (size before relaxing)
 .debug_str     0x00003fff      0x5a1 Drivers\STM32F4xx_HAL_Driver\Src\stm32f4xx_ll_fmc.o
                                0xe43 (size before relaxing)
 .debug_str     0x000045a0       0xdb Src\main.o
                               0x1af5 (size before relaxing)
 .debug_str     0x0000467b       0x23 Src\ov7670.o
                                0xb51 (size before relaxing)
 .debug_str     0x0000469e       0x5f Src\stm32f4xx_hal_msp.o
                               0x1997 (size before relaxing)
 .debug_str     0x000046fd       0xbe Src\stm32f4xx_it.o
                                0xb2b (size before relaxing)
 .debug_str     0x000047bb      0x290 Src\syscalls.o
                                0x979 (size before relaxing)
 .debug_str     0x00004a4b       0x45 Src\system_stm32f4xx.o
                                0x7e7 (size before relaxing)

.comment        0x00000000       0x7c
 .comment       0x00000000       0x7c Drivers\STM32F4xx_HAL_Driver\Src\stm32f4xx_hal.o
                                 0x7d (size before relaxing)
 .comment       0x0000007c       0x7d Drivers\STM32F4xx_HAL_Driver\Src\stm32f4xx_hal_cortex.o
 .comment       0x0000007c       0x7d Drivers\STM32F4xx_HAL_Driver\Src\stm32f4xx_hal_dcmi.o
 .comment       0x0000007c       0x7d Drivers\STM32F4xx_HAL_Driver\Src\stm32f4xx_hal_dcmi_ex.o
 .comment       0x0000007c       0x7d Drivers\STM32F4xx_HAL_Driver\Src\stm32f4xx_hal_dma.o
 .comment       0x0000007c       0x7d Drivers\STM32F4xx_HAL_Driver\Src\stm32f4xx_hal_dma_ex.o
 .comment       0x0000007c       0x7d Drivers\STM32F4xx_HAL_Driver\Src\stm32f4xx_hal_gpio.o
 .comment       0x0000007c       0x7d Drivers\STM32F4xx_HAL_Driver\Src\stm32f4xx_hal_i2c.o
 .comment       0x0000007c       0x7d Drivers\STM32F4xx_HAL_Driver\Src\stm32f4xx_hal_i2c_ex.o
 .comment       0x0000007c       0x7d Drivers\STM32F4xx_HAL_Driver\Src\stm32f4xx_hal_pwr_ex.o
 .comment       0x0000007c       0x7d Drivers\STM32F4xx_HAL_Driver\Src\stm32f4xx_hal_rcc.o
 .comment       0x0000007c       0x7d Drivers\STM32F4xx_HAL_Driver\Src\stm32f4xx_hal_sdram.o
 .comment       0x0000007c       0x7d Drivers\STM32F4xx_HAL_Driver\Src\stm32f4xx_hal_spi.o
 .comment       0x0000007c       0x7d Drivers\STM32F4xx_HAL_Driver\Src\stm32f4xx_hal_uart.o
 .comment       0x0000007c       0x7d Drivers\STM32F4xx_HAL_Driver\Src\stm32f4xx_ll_fmc.o
 .comment       0x0000007c       0x7d Src\main.o
 .comment       0x0000007c       0x7d Src\ov7670.o
 .comment       0x0000007c       0x7d Src\stm32f4xx_hal_msp.o
 .comment       0x0000007c       0x7d Src\stm32f4xx_it.o
 .comment       0x0000007c       0x7d Src\syscalls.o
 .comment       0x0000007c       0x7d Src\system_stm32f4xx.o

.debug_frame    0x00000000     0x46ec
 .debug_frame   0x00000000      0x37c Drivers\STM32F4xx_HAL_Driver\Src\stm32f4xx_hal.o
 .debug_frame   0x0000037c      0x498 Drivers\STM32F4xx_HAL_Driver\Src\stm32f4xx_hal_cortex.o
 .debug_frame   0x00000814      0x318 Drivers\STM32F4xx_HAL_Driver\Src\stm32f4xx_hal_dcmi.o
 .debug_frame   0x00000b2c       0x34 Drivers\STM32F4xx_HAL_Driver\Src\stm32f4xx_hal_dcmi_ex.o
 .debug_frame   0x00000b60      0x250 Drivers\STM32F4xx_HAL_Driver\Src\stm32f4xx_hal_dma.o
 .debug_frame   0x00000db0       0xac Drivers\STM32F4xx_HAL_Driver\Src\stm32f4xx_hal_dma_ex.o
 .debug_frame   0x00000e5c      0x14c Drivers\STM32F4xx_HAL_Driver\Src\stm32f4xx_hal_gpio.o
 .debug_frame   0x00000fa8      0xb30 Drivers\STM32F4xx_HAL_Driver\Src\stm32f4xx_hal_i2c.o
 .debug_frame   0x00001ad8       0x60 Drivers\STM32F4xx_HAL_Driver\Src\stm32f4xx_hal_i2c_ex.o
 .debug_frame   0x00001b38      0x14c Drivers\STM32F4xx_HAL_Driver\Src\stm32f4xx_hal_pwr_ex.o
 .debug_frame   0x00001c84      0x1f8 Drivers\STM32F4xx_HAL_Driver\Src\stm32f4xx_hal_rcc.o
 .debug_frame   0x00001e7c      0x37c Drivers\STM32F4xx_HAL_Driver\Src\stm32f4xx_hal_sdram.o
 .debug_frame   0x000021f8      0x7fc Drivers\STM32F4xx_HAL_Driver\Src\stm32f4xx_hal_spi.o
 .debug_frame   0x000029f4      0x83c Drivers\STM32F4xx_HAL_Driver\Src\stm32f4xx_hal_uart.o
 .debug_frame   0x00003230      0x440 Drivers\STM32F4xx_HAL_Driver\Src\stm32f4xx_ll_fmc.o
 .debug_frame   0x00003670      0x174 Src\main.o
 .debug_frame   0x000037e4       0x34 Src\ov7670.o